graph: { title: "/home/josegrivera/my-projects/zephyr_ada/apps/samples/frdm_kl25z_autonomous_car/src/ada_main.adb"
node: { title: "__gnat_last_chance_handler" label: "Last_Chance_Handler\n/home/josegrivera/my-projects/zephyr_ada/apps/samples/frdm_kl25z_autonomous_car/src/ada_main.adb:26:4\n8 bytes (static)\n0 dynamic objects" }
node: { title: "printk" label: "Printk\n/home/josegrivera/my-projects/zephyr_ada/apps/samples/frdm_kl25z_autonomous_car/src/ada_main.adb:21:14" shape : ellipse }
edge: { sourcename: "__gnat_last_chance_handler" targetname: "printk" label: "/home/josegrivera/my-projects/zephyr_ada/apps/samples/frdm_kl25z_autonomous_car/src/ada_main.adb:30:7" }
node: { title: "ada_main" label: "Main\n/home/josegrivera/my-projects/zephyr_ada/apps/samples/frdm_kl25z_autonomous_car/src/ada_main.adb:38:4\n48 bytes (dynamic)\n1 dynamic objects\n S10b /home/josegrivera/my-projects/zephyr_ada/apps/samples/frdm_kl25z_autonomous_car/src/ada_main.adb:53:64" }
node: { title: "microcontroller__mcu_specific__find_system_reset_cause" label: "Find_System_Reset_Cause\n/home/josegrivera/my-projects/zephyr_ada/apps/samples/frdm_kl25z_autonomous_car/src/building_blocks/mcu_specific/nxp_kinetis_kl25z/microcontroller-mcu_specific.ads:66:13" shape : ellipse }
edge: { sourcename: "ada_main" targetname: "microcontroller__mcu_specific__find_system_reset_cause" label: "/home/josegrivera/my-projects/zephyr_ada/apps/samples/frdm_kl25z_autonomous_car/src/ada_main.adb:40:37" }
node: { title: "__gnat_last_chance_handler" label: "gnat_last_chance_handler\n<built-in>" shape : ellipse }
edge: { sourcename: "ada_main" targetname: "__gnat_last_chance_handler" label: "/home/josegrivera/my-projects/zephyr_ada/apps/samples/frdm_kl25z_autonomous_car/src/ada_main.adb:40:37" }
node: { title: "ada__real_time__milliseconds" label: "Milliseconds\n/home/josegrivera/my-projects/zephyr_ada/apps/zephyr_ada_rts/src/gnarl/a-reatim.ads:82:13" shape : ellipse }
edge: { sourcename: "ada_main" targetname: "ada__real_time__milliseconds" label: "/home/josegrivera/my-projects/zephyr_ada/apps/samples/frdm_kl25z_autonomous_car/src/ada_main.adb:43:22" }
node: { title: "runtime_logs__initialize" label: "Initialize\n/home/josegrivera/my-projects/zephyr_ada/apps/samples/frdm_kl25z_autonomous_car/src/building_blocks/portable/runtime_logs.ads:51:14" shape : ellipse }
edge: { sourcename: "ada_main" targetname: "runtime_logs__initialize" label: "/home/josegrivera/my-projects/zephyr_ada/apps/samples/frdm_kl25z_autonomous_car/src/ada_main.adb:47:19" }
node: { title: "memcpy" label: "builtin_memcpy\n<built-in>" shape : ellipse }
edge: { sourcename: "ada_main" targetname: "memcpy" }
edge: { sourcename: "ada_main" targetname: "memcpy" }
node: { title: "runtime_logs__info_print" label: "Info_Print\n/home/josegrivera/my-projects/zephyr_ada/apps/samples/frdm_kl25z_autonomous_car/src/building_blocks/portable/runtime_logs.ads:70:14" shape : ellipse }
edge: { sourcename: "ada_main" targetname: "runtime_logs__info_print" label: "/home/josegrivera/my-projects/zephyr_ada/apps/samples/frdm_kl25z_autonomous_car/src/ada_main.adb:49:19" }
node: { title: "pin_mux_driver__initialize" label: "Initialize\n/home/josegrivera/my-projects/zephyr_ada/apps/samples/frdm_kl25z_autonomous_car/src/drivers/portable/pin_mux_driver.ads:83:14" shape : ellipse }
edge: { sourcename: "ada_main" targetname: "pin_mux_driver__initialize" label: "/home/josegrivera/my-projects/zephyr_ada/apps/samples/frdm_kl25z_autonomous_car/src/ada_main.adb:56:21" }
node: { title: "color_led__initialize" label: "Initialize\n/home/josegrivera/my-projects/zephyr_ada/apps/samples/frdm_kl25z_autonomous_car/src/building_blocks/portable/color_led.ads:53:14" shape : ellipse }
edge: { sourcename: "ada_main" targetname: "color_led__initialize" label: "/home/josegrivera/my-projects/zephyr_ada/apps/samples/frdm_kl25z_autonomous_car/src/ada_main.adb:57:16" }
node: { title: "color_led__set_color" label: "Set_Color\n/home/josegrivera/my-projects/zephyr_ada/apps/samples/frdm_kl25z_autonomous_car/src/building_blocks/portable/color_led.ads:58:13" shape : ellipse }
edge: { sourcename: "ada_main" targetname: "color_led__set_color" label: "/home/josegrivera/my-projects/zephyr_ada/apps/samples/frdm_kl25z_autonomous_car/src/ada_main.adb:59:29" }
edge: { sourcename: "ada_main" targetname: "__gnat_last_chance_handler" label: "/home/josegrivera/my-projects/zephyr_ada/apps/samples/frdm_kl25z_autonomous_car/src/ada_main.adb:59:29" }
node: { title: "color_led__turn_on_blinker" label: "Turn_On_Blinker\n/home/josegrivera/my-projects/zephyr_ada/apps/samples/frdm_kl25z_autonomous_car/src/building_blocks/portable/color_led.ads:74:14" shape : ellipse }
edge: { sourcename: "ada_main" targetname: "color_led__turn_on_blinker" label: "/home/josegrivera/my-projects/zephyr_ada/apps/samples/frdm_kl25z_autonomous_car/src/ada_main.adb:60:16" }
node: { title: "car_controller__initialize" label: "Initialize\n/home/josegrivera/my-projects/zephyr_ada/apps/samples/frdm_kl25z_autonomous_car/src/car_controller.ads:47:14" shape : ellipse }
edge: { sourcename: "ada_main" targetname: "car_controller__initialize" label: "/home/josegrivera/my-projects/zephyr_ada/apps/samples/frdm_kl25z_autonomous_car/src/ada_main.adb:63:21" }
node: { title: "system__relative_delays__delay_for" label: "Delay_For\n/home/josegrivera/my-projects/zephyr_ada/apps/zephyr_ada_rts/src/gnarl/s-reldel.ads:37:14" shape : ellipse }
edge: { sourcename: "ada_main" targetname: "system__relative_delays__delay_for" label: "/home/josegrivera/my-projects/zephyr_ada/apps/samples/frdm_kl25z_autonomous_car/src/ada_main.adb:67:10" }
}
