graph: { title: "/home/josegrivera/my-projects/zephyr_ada/apps/samples/frdm_kl25z_autonomous_car/src/app_configuration.adb"
node: { title: "/home/josegrivera/my-projects/zephyr_ada/apps/samples/frdm_kl25z_autonomous_car/src/app_configuration.adb:app_configuration__app_config__load_configX" label: "Load_Config\n/home/josegrivera/my-projects/zephyr_ada/apps/samples/frdm_kl25z_autonomous_car/src/building_blocks/portable/generic_app_config.adb:40:4\n12 bytes (static)\n0 dynamic objects" }
node: { title: "/home/josegrivera/my-projects/zephyr_ada/apps/samples/frdm_kl25z_autonomous_car/src/app_configuration.adb:app_configuration__app_config__save_configX" label: "Save_Config\n/home/josegrivera/my-projects/zephyr_ada/apps/samples/frdm_kl25z_autonomous_car/src/building_blocks/portable/generic_app_config.adb:51:4\n8 bytes (static)\n0 dynamic objects" }
node: { title: "nor_flash_driver__write" label: "Write\n/home/josegrivera/my-projects/zephyr_ada/apps/samples/frdm_kl25z_autonomous_car/src/drivers/portable/nor_flash_driver.ads:53:13" shape : ellipse }
edge: { sourcename: "/home/josegrivera/my-projects/zephyr_ada/apps/samples/frdm_kl25z_autonomous_car/src/app_configuration.adb:app_configuration__app_config__save_configX" targetname: "nor_flash_driver__write" label: "/home/josegrivera/my-projects/zephyr_ada/apps/samples/frdm_kl25z_autonomous_car/src/building_blocks/portable/generic_app_config.adb:54:30" }
node: { title: "__gnat_last_chance_handler" label: "gnat_last_chance_handler\n<built-in>" shape : ellipse }
edge: { sourcename: "/home/josegrivera/my-projects/zephyr_ada/apps/samples/frdm_kl25z_autonomous_car/src/app_configuration.adb:app_configuration__app_config__save_configX" targetname: "__gnat_last_chance_handler" label: "/home/josegrivera/my-projects/zephyr_ada/apps/samples/frdm_kl25z_autonomous_car/src/building_blocks/portable/generic_app_config.adb:54:30" }
node: { title: "app_configuration__config_parameters_typeIP" label: "config_parameters_typeIP\n<built-in>\n8 bytes (static)\n0 dynamic objects" }
node: { title: "app_configuration__load_config_parameters" label: "Load_Config_Parameters\n/home/josegrivera/my-projects/zephyr_ada/apps/samples/frdm_kl25z_autonomous_car/src/app_configuration.adb:90:4\n16 bytes (static)\n0 dynamic objects" }
edge: { sourcename: "app_configuration__load_config_parameters" targetname: "/home/josegrivera/my-projects/zephyr_ada/apps/samples/frdm_kl25z_autonomous_car/src/app_configuration.adb:app_configuration__app_config__load_configX" label: "/home/josegrivera/my-projects/zephyr_ada/apps/samples/frdm_kl25z_autonomous_car/src/app_configuration.adb:103:17" }
node: { title: "memory_utils__compute_checksum" label: "Compute_Checksum\n/home/josegrivera/my-projects/zephyr_ada/apps/samples/frdm_kl25z_autonomous_car/src/building_blocks/portable/memory_utils.ads:45:13" shape : ellipse }
edge: { sourcename: "app_configuration__load_config_parameters" targetname: "memory_utils__compute_checksum" label: "/home/josegrivera/my-projects/zephyr_ada/apps/samples/frdm_kl25z_autonomous_car/src/app_configuration.adb:108:31" }
node: { title: "runtime_logs__debug_print" label: "Debug_Print\n/home/josegrivera/my-projects/zephyr_ada/apps/samples/frdm_kl25z_autonomous_car/src/building_blocks/portable/runtime_logs.ads:60:14" shape : ellipse }
edge: { sourcename: "app_configuration__load_config_parameters" targetname: "runtime_logs__debug_print" label: "/home/josegrivera/my-projects/zephyr_ada/apps/samples/frdm_kl25z_autonomous_car/src/app_configuration.adb:111:22" }
node: { title: "app_configuration__save_config_parameters" label: "Save_Config_Parameters\n/home/josegrivera/my-projects/zephyr_ada/apps/samples/frdm_kl25z_autonomous_car/src/app_configuration.adb:140:4\n16 bytes (static)\n0 dynamic objects" }
edge: { sourcename: "app_configuration__save_config_parameters" targetname: "memory_utils__compute_checksum" label: "/home/josegrivera/my-projects/zephyr_ada/apps/samples/frdm_kl25z_autonomous_car/src/app_configuration.adb:149:31" }
edge: { sourcename: "app_configuration__save_config_parameters" targetname: "/home/josegrivera/my-projects/zephyr_ada/apps/samples/frdm_kl25z_autonomous_car/src/app_configuration.adb:app_configuration__app_config__save_configX" label: "/home/josegrivera/my-projects/zephyr_ada/apps/samples/frdm_kl25z_autonomous_car/src/app_configuration.adb:151:24" }
edge: { sourcename: "app_configuration__save_config_parameters" targetname: "__gnat_last_chance_handler" label: "/home/josegrivera/my-projects/zephyr_ada/apps/samples/frdm_kl25z_autonomous_car/src/app_configuration.adb:151:24" }
}
