graph: { title: "/home/josegrivera/my-projects/zephyr_ada/apps/samples/frdm_kl25z_autonomous_car/src/car_controller.adb"
node: { title: "/home/josegrivera/my-projects/zephyr_ada/apps/samples/frdm_kl25z_autonomous_car/src/car_controller.adb:car_controller__analyze_camera_frame__find_track_left_edge.5" label: "Find_Track_Left_Edge\n/home/josegrivera/my-projects/zephyr_ada/apps/samples/frdm_kl25z_autonomous_car/src/car_controller-analyze_camera_frame.adb:117:4\n40 bytes (static)\n0 dynamic objects" }
node: { title: "__gnat_last_chance_handler" label: "gnat_last_chance_handler\n<built-in>" shape : ellipse }
edge: { sourcename: "/home/josegrivera/my-projects/zephyr_ada/apps/samples/frdm_kl25z_autonomous_car/src/car_controller.adb:car_controller__analyze_camera_frame__find_track_left_edge.5" targetname: "__gnat_last_chance_handler" label: "/home/josegrivera/my-projects/zephyr_ada/apps/samples/frdm_kl25z_autonomous_car/src/car_controller-analyze_camera_frame.adb:135:49" }
edge: { sourcename: "/home/josegrivera/my-projects/zephyr_ada/apps/samples/frdm_kl25z_autonomous_car/src/car_controller.adb:car_controller__analyze_camera_frame__find_track_left_edge.5" targetname: "__gnat_last_chance_handler" label: "/home/josegrivera/my-projects/zephyr_ada/apps/samples/frdm_kl25z_autonomous_car/src/car_controller-analyze_camera_frame.adb:137:13" }
edge: { sourcename: "/home/josegrivera/my-projects/zephyr_ada/apps/samples/frdm_kl25z_autonomous_car/src/car_controller.adb:car_controller__analyze_camera_frame__find_track_left_edge.5" targetname: "__gnat_last_chance_handler" label: "/home/josegrivera/my-projects/zephyr_ada/apps/samples/frdm_kl25z_autonomous_car/src/car_controller-analyze_camera_frame.adb:137:36" }
edge: { sourcename: "/home/josegrivera/my-projects/zephyr_ada/apps/samples/frdm_kl25z_autonomous_car/src/car_controller.adb:car_controller__analyze_camera_frame__find_track_left_edge.5" targetname: "__gnat_last_chance_handler" label: "/home/josegrivera/my-projects/zephyr_ada/apps/samples/frdm_kl25z_autonomous_car/src/car_controller-analyze_camera_frame.adb:139:39" }
edge: { sourcename: "/home/josegrivera/my-projects/zephyr_ada/apps/samples/frdm_kl25z_autonomous_car/src/car_controller.adb:car_controller__analyze_camera_frame__find_track_left_edge.5" targetname: "__gnat_last_chance_handler" label: "/home/josegrivera/my-projects/zephyr_ada/apps/samples/frdm_kl25z_autonomous_car/src/car_controller-analyze_camera_frame.adb:145:50" }
edge: { sourcename: "/home/josegrivera/my-projects/zephyr_ada/apps/samples/frdm_kl25z_autonomous_car/src/car_controller.adb:car_controller__analyze_camera_frame__find_track_left_edge.5" targetname: "__gnat_last_chance_handler" label: "/home/josegrivera/my-projects/zephyr_ada/apps/samples/frdm_kl25z_autonomous_car/src/car_controller-analyze_camera_frame.adb:146:13" }
edge: { sourcename: "/home/josegrivera/my-projects/zephyr_ada/apps/samples/frdm_kl25z_autonomous_car/src/car_controller.adb:car_controller__analyze_camera_frame__find_track_left_edge.5" targetname: "__gnat_last_chance_handler" label: "/home/josegrivera/my-projects/zephyr_ada/apps/samples/frdm_kl25z_autonomous_car/src/car_controller-analyze_camera_frame.adb:146:13" }
edge: { sourcename: "/home/josegrivera/my-projects/zephyr_ada/apps/samples/frdm_kl25z_autonomous_car/src/car_controller.adb:car_controller__analyze_camera_frame__find_track_left_edge.5" targetname: "__gnat_last_chance_handler" label: "/home/josegrivera/my-projects/zephyr_ada/apps/samples/frdm_kl25z_autonomous_car/src/car_controller-analyze_camera_frame.adb:146:36" }
edge: { sourcename: "/home/josegrivera/my-projects/zephyr_ada/apps/samples/frdm_kl25z_autonomous_car/src/car_controller.adb:car_controller__analyze_camera_frame__find_track_left_edge.5" targetname: "__gnat_last_chance_handler" label: "/home/josegrivera/my-projects/zephyr_ada/apps/samples/frdm_kl25z_autonomous_car/src/car_controller-analyze_camera_frame.adb:147:31" }
edge: { sourcename: "/home/josegrivera/my-projects/zephyr_ada/apps/samples/frdm_kl25z_autonomous_car/src/car_controller.adb:car_controller__analyze_camera_frame__find_track_left_edge.5" targetname: "__gnat_last_chance_handler" label: "/home/josegrivera/my-projects/zephyr_ada/apps/samples/frdm_kl25z_autonomous_car/src/car_controller-analyze_camera_frame.adb:148:37" }
edge: { sourcename: "/home/josegrivera/my-projects/zephyr_ada/apps/samples/frdm_kl25z_autonomous_car/src/car_controller.adb:car_controller__analyze_camera_frame__find_track_left_edge.5" targetname: "__gnat_last_chance_handler" label: "/home/josegrivera/my-projects/zephyr_ada/apps/samples/frdm_kl25z_autonomous_car/src/car_controller-analyze_camera_frame.adb:152:10" }
edge: { sourcename: "/home/josegrivera/my-projects/zephyr_ada/apps/samples/frdm_kl25z_autonomous_car/src/car_controller.adb:car_controller__analyze_camera_frame__find_track_left_edge.5" targetname: "__gnat_last_chance_handler" label: "/home/josegrivera/my-projects/zephyr_ada/apps/samples/frdm_kl25z_autonomous_car/src/car_controller-analyze_camera_frame.adb:156:14" }
node: { title: "/home/josegrivera/my-projects/zephyr_ada/apps/samples/frdm_kl25z_autonomous_car/src/car_controller.adb:car_controller__analyze_camera_frame__find_track_right_edge.6" label: "Find_Track_Right_Edge\n/home/josegrivera/my-projects/zephyr_ada/apps/samples/frdm_kl25z_autonomous_car/src/car_controller-analyze_camera_frame.adb:163:4\n40 bytes (static)\n0 dynamic objects" }
edge: { sourcename: "/home/josegrivera/my-projects/zephyr_ada/apps/samples/frdm_kl25z_autonomous_car/src/car_controller.adb:car_controller__analyze_camera_frame__find_track_right_edge.6" targetname: "__gnat_last_chance_handler" label: "/home/josegrivera/my-projects/zephyr_ada/apps/samples/frdm_kl25z_autonomous_car/src/car_controller-analyze_camera_frame.adb:181:49" }
edge: { sourcename: "/home/josegrivera/my-projects/zephyr_ada/apps/samples/frdm_kl25z_autonomous_car/src/car_controller.adb:car_controller__analyze_camera_frame__find_track_right_edge.6" targetname: "__gnat_last_chance_handler" label: "/home/josegrivera/my-projects/zephyr_ada/apps/samples/frdm_kl25z_autonomous_car/src/car_controller-analyze_camera_frame.adb:183:13" }
edge: { sourcename: "/home/josegrivera/my-projects/zephyr_ada/apps/samples/frdm_kl25z_autonomous_car/src/car_controller.adb:car_controller__analyze_camera_frame__find_track_right_edge.6" targetname: "__gnat_last_chance_handler" label: "/home/josegrivera/my-projects/zephyr_ada/apps/samples/frdm_kl25z_autonomous_car/src/car_controller-analyze_camera_frame.adb:183:36" }
edge: { sourcename: "/home/josegrivera/my-projects/zephyr_ada/apps/samples/frdm_kl25z_autonomous_car/src/car_controller.adb:car_controller__analyze_camera_frame__find_track_right_edge.6" targetname: "__gnat_last_chance_handler" label: "/home/josegrivera/my-projects/zephyr_ada/apps/samples/frdm_kl25z_autonomous_car/src/car_controller-analyze_camera_frame.adb:185:39" }
edge: { sourcename: "/home/josegrivera/my-projects/zephyr_ada/apps/samples/frdm_kl25z_autonomous_car/src/car_controller.adb:car_controller__analyze_camera_frame__find_track_right_edge.6" targetname: "__gnat_last_chance_handler" label: "/home/josegrivera/my-projects/zephyr_ada/apps/samples/frdm_kl25z_autonomous_car/src/car_controller-analyze_camera_frame.adb:191:16" }
edge: { sourcename: "/home/josegrivera/my-projects/zephyr_ada/apps/samples/frdm_kl25z_autonomous_car/src/car_controller.adb:car_controller__analyze_camera_frame__find_track_right_edge.6" targetname: "__gnat_last_chance_handler" label: "/home/josegrivera/my-projects/zephyr_ada/apps/samples/frdm_kl25z_autonomous_car/src/car_controller-analyze_camera_frame.adb:192:13" }
edge: { sourcename: "/home/josegrivera/my-projects/zephyr_ada/apps/samples/frdm_kl25z_autonomous_car/src/car_controller.adb:car_controller__analyze_camera_frame__find_track_right_edge.6" targetname: "__gnat_last_chance_handler" label: "/home/josegrivera/my-projects/zephyr_ada/apps/samples/frdm_kl25z_autonomous_car/src/car_controller-analyze_camera_frame.adb:192:13" }
edge: { sourcename: "/home/josegrivera/my-projects/zephyr_ada/apps/samples/frdm_kl25z_autonomous_car/src/car_controller.adb:car_controller__analyze_camera_frame__find_track_right_edge.6" targetname: "__gnat_last_chance_handler" label: "/home/josegrivera/my-projects/zephyr_ada/apps/samples/frdm_kl25z_autonomous_car/src/car_controller-analyze_camera_frame.adb:192:36" }
edge: { sourcename: "/home/josegrivera/my-projects/zephyr_ada/apps/samples/frdm_kl25z_autonomous_car/src/car_controller.adb:car_controller__analyze_camera_frame__find_track_right_edge.6" targetname: "__gnat_last_chance_handler" label: "/home/josegrivera/my-projects/zephyr_ada/apps/samples/frdm_kl25z_autonomous_car/src/car_controller-analyze_camera_frame.adb:193:31" }
edge: { sourcename: "/home/josegrivera/my-projects/zephyr_ada/apps/samples/frdm_kl25z_autonomous_car/src/car_controller.adb:car_controller__analyze_camera_frame__find_track_right_edge.6" targetname: "__gnat_last_chance_handler" label: "/home/josegrivera/my-projects/zephyr_ada/apps/samples/frdm_kl25z_autonomous_car/src/car_controller-analyze_camera_frame.adb:194:37" }
edge: { sourcename: "/home/josegrivera/my-projects/zephyr_ada/apps/samples/frdm_kl25z_autonomous_car/src/car_controller.adb:car_controller__analyze_camera_frame__find_track_right_edge.6" targetname: "__gnat_last_chance_handler" label: "/home/josegrivera/my-projects/zephyr_ada/apps/samples/frdm_kl25z_autonomous_car/src/car_controller-analyze_camera_frame.adb:198:10" }
edge: { sourcename: "/home/josegrivera/my-projects/zephyr_ada/apps/samples/frdm_kl25z_autonomous_car/src/car_controller.adb:car_controller__analyze_camera_frame__find_track_right_edge.6" targetname: "__gnat_last_chance_handler" label: "/home/josegrivera/my-projects/zephyr_ada/apps/samples/frdm_kl25z_autonomous_car/src/car_controller-analyze_camera_frame.adb:202:14" }
node: { title: "/home/josegrivera/my-projects/zephyr_ada/apps/samples/frdm_kl25z_autonomous_car/src/car_controller.adb:car_controller__drive_car__calculate_new_steering_servo_duty_cycle.7" label: "Calculate_New_Steering_Servo_Duty_Cycle\n/home/josegrivera/my-projects/zephyr_ada/apps/samples/frdm_kl25z_autonomous_car/src/car_controller-drive_car.adb:49:4\n8 bytes (static)\n0 dynamic objects" }
edge: { sourcename: "/home/josegrivera/my-projects/zephyr_ada/apps/samples/frdm_kl25z_autonomous_car/src/car_controller.adb:car_controller__drive_car__calculate_new_steering_servo_duty_cycle.7" targetname: "__gnat_last_chance_handler" label: "/home/josegrivera/my-projects/zephyr_ada/apps/samples/frdm_kl25z_autonomous_car/src/car_controller-drive_car.adb:53:7" }
edge: { sourcename: "/home/josegrivera/my-projects/zephyr_ada/apps/samples/frdm_kl25z_autonomous_car/src/car_controller.adb:car_controller__drive_car__calculate_new_steering_servo_duty_cycle.7" targetname: "__gnat_last_chance_handler" label: "/home/josegrivera/my-projects/zephyr_ada/apps/samples/frdm_kl25z_autonomous_car/src/car_controller-drive_car.adb:63:60" }
node: { title: "/home/josegrivera/my-projects/zephyr_ada/apps/samples/frdm_kl25z_autonomous_car/src/car_controller.adb:car_controller__drive_car__calculate_new_wheel_motor_duty_cycle.8" label: "Calculate_New_Wheel_Motor_Duty_Cycle\n/home/josegrivera/my-projects/zephyr_ada/apps/samples/frdm_kl25z_autonomous_car/src/car_controller-drive_car.adb:70:4\n8 bytes (static)\n0 dynamic objects" }
edge: { sourcename: "/home/josegrivera/my-projects/zephyr_ada/apps/samples/frdm_kl25z_autonomous_car/src/car_controller.adb:car_controller__drive_car__calculate_new_wheel_motor_duty_cycle.8" targetname: "__gnat_last_chance_handler" label: "/home/josegrivera/my-projects/zephyr_ada/apps/samples/frdm_kl25z_autonomous_car/src/car_controller-drive_car.adb:77:19" }
edge: { sourcename: "/home/josegrivera/my-projects/zephyr_ada/apps/samples/frdm_kl25z_autonomous_car/src/car_controller.adb:car_controller__drive_car__calculate_new_wheel_motor_duty_cycle.8" targetname: "__gnat_last_chance_handler" label: "/home/josegrivera/my-projects/zephyr_ada/apps/samples/frdm_kl25z_autonomous_car/src/car_controller-drive_car.adb:76:7" }
edge: { sourcename: "/home/josegrivera/my-projects/zephyr_ada/apps/samples/frdm_kl25z_autonomous_car/src/car_controller.adb:car_controller__drive_car__calculate_new_wheel_motor_duty_cycle.8" targetname: "__gnat_last_chance_handler" label: "/home/josegrivera/my-projects/zephyr_ada/apps/samples/frdm_kl25z_autonomous_car/src/car_controller-drive_car.adb:86:58" }
node: { title: "/home/josegrivera/my-projects/zephyr_ada/apps/samples/frdm_kl25z_autonomous_car/src/car_controller.adb:car_controller__car_controller_typeIP__F267s.0" label: "F267s\n<built-in>\n56 bytes (dynamic)\n1 dynamic objects\n R265s /home/josegrivera/my-projects/zephyr_ada/apps/samples/frdm_kl25z_autonomous_car/src/car_controller.ads:367:7" }
edge: { sourcename: "/home/josegrivera/my-projects/zephyr_ada/apps/samples/frdm_kl25z_autonomous_car/src/car_controller.adb:car_controller__car_controller_typeIP__F267s.0" targetname: "__gnat_last_chance_handler" label: "/home/josegrivera/my-projects/zephyr_ada/apps/samples/frdm_kl25z_autonomous_car/src/car_controller.ads:367:7" }
edge: { sourcename: "/home/josegrivera/my-projects/zephyr_ada/apps/samples/frdm_kl25z_autonomous_car/src/car_controller.adb:car_controller__car_controller_typeIP__F267s.0" targetname: "__gnat_last_chance_handler" label: "/home/josegrivera/my-projects/zephyr_ada/apps/samples/frdm_kl25z_autonomous_car/src/car_controller.ads:367:7" }
edge: { sourcename: "/home/josegrivera/my-projects/zephyr_ada/apps/samples/frdm_kl25z_autonomous_car/src/car_controller.adb:car_controller__car_controller_typeIP__F267s.0" targetname: "__gnat_last_chance_handler" label: "/home/josegrivera/my-projects/zephyr_ada/apps/samples/frdm_kl25z_autonomous_car/src/car_controller.ads:367:7" }
node: { title: "memcpy" label: "builtin_memcpy\n<built-in>" shape : ellipse }
edge: { sourcename: "/home/josegrivera/my-projects/zephyr_ada/apps/samples/frdm_kl25z_autonomous_car/src/car_controller.adb:car_controller__car_controller_typeIP__F267s.0" targetname: "memcpy" }
edge: { sourcename: "/home/josegrivera/my-projects/zephyr_ada/apps/samples/frdm_kl25z_autonomous_car/src/car_controller.adb:car_controller__car_controller_typeIP__F267s.0" targetname: "__gnat_last_chance_handler" label: "/home/josegrivera/my-projects/zephyr_ada/apps/samples/frdm_kl25z_autonomous_car/src/car_controller.ads:367:7" }
edge: { sourcename: "/home/josegrivera/my-projects/zephyr_ada/apps/samples/frdm_kl25z_autonomous_car/src/car_controller.adb:car_controller__car_controller_typeIP__F267s.0" targetname: "__gnat_last_chance_handler" label: "/home/josegrivera/my-projects/zephyr_ada/apps/samples/frdm_kl25z_autonomous_car/src/car_controller.ads:367:7" }
edge: { sourcename: "/home/josegrivera/my-projects/zephyr_ada/apps/samples/frdm_kl25z_autonomous_car/src/car_controller.adb:car_controller__car_controller_typeIP__F267s.0" targetname: "__gnat_last_chance_handler" label: "/home/josegrivera/my-projects/zephyr_ada/apps/samples/frdm_kl25z_autonomous_car/src/car_controller.ads:367:7" }
edge: { sourcename: "/home/josegrivera/my-projects/zephyr_ada/apps/samples/frdm_kl25z_autonomous_car/src/car_controller.adb:car_controller__car_controller_typeIP__F267s.0" targetname: "__gnat_last_chance_handler" label: "/home/josegrivera/my-projects/zephyr_ada/apps/samples/frdm_kl25z_autonomous_car/src/car_controller.ads:367:7" }
edge: { sourcename: "/home/josegrivera/my-projects/zephyr_ada/apps/samples/frdm_kl25z_autonomous_car/src/car_controller.adb:car_controller__car_controller_typeIP__F267s.0" targetname: "__gnat_last_chance_handler" label: "/home/josegrivera/my-projects/zephyr_ada/apps/samples/frdm_kl25z_autonomous_car/src/car_controller.ads:367:7" }
edge: { sourcename: "/home/josegrivera/my-projects/zephyr_ada/apps/samples/frdm_kl25z_autonomous_car/src/car_controller.adb:car_controller__car_controller_typeIP__F267s.0" targetname: "memcpy" }
node: { title: "system__secondary_stack__ss_allocate" label: "Ss_Allocate\n/home/josegrivera/my-projects/zephyr_ada/apps/zephyr_ada_rts/src/third_party/s-secsta.ads:114:14" shape : ellipse }
edge: { sourcename: "/home/josegrivera/my-projects/zephyr_ada/apps/samples/frdm_kl25z_autonomous_car/src/car_controller.adb:car_controller__car_controller_typeIP__F267s.0" targetname: "system__secondary_stack__ss_allocate" label: "/home/josegrivera/my-projects/zephyr_ada/apps/samples/frdm_kl25z_autonomous_car/src/car_controller.ads:367:7" }
edge: { sourcename: "/home/josegrivera/my-projects/zephyr_ada/apps/samples/frdm_kl25z_autonomous_car/src/car_controller.adb:car_controller__car_controller_typeIP__F267s.0" targetname: "memcpy" }
node: { title: "/home/josegrivera/my-projects/zephyr_ada/apps/samples/frdm_kl25z_autonomous_car/src/car_controller.adb:car_controller__car_controller_typeIP___finalizer.1" label: "car_controller_typeIP\n<built-in>\n8 bytes (static)\n0 dynamic objects" }
node: { title: "system__secondary_stack__ss_release" label: "Ss_Release\n/home/josegrivera/my-projects/zephyr_ada/apps/zephyr_ada_rts/src/third_party/s-secsta.ads:128:14" shape : ellipse }
edge: { sourcename: "/home/josegrivera/my-projects/zephyr_ada/apps/samples/frdm_kl25z_autonomous_car/src/car_controller.adb:car_controller__car_controller_typeIP___finalizer.1" targetname: "system__secondary_stack__ss_release" label: "/home/josegrivera/my-projects/zephyr_ada/apps/samples/frdm_kl25z_autonomous_car/src/car_controller.ads:320:9" }
node: { title: "/home/josegrivera/my-projects/zephyr_ada/apps/samples/frdm_kl25z_autonomous_car/src/car_controller.adb:car_controller__analyze_camera_frame__moving_average_filter.2" label: "Moving_Average_Filter\n/home/josegrivera/my-projects/zephyr_ada/apps/samples/frdm_kl25z_autonomous_car/src/car_controller-analyze_camera_frame.adb:209:4\n72 bytes (static)\n0 dynamic objects" }
node: { title: "system__assertions__raise_assert_failure" label: "Raise_Assert_Failure\n/home/josegrivera/my-projects/zephyr_ada/apps/zephyr_ada_rts/src/third_party/s-assert.ads:46:14" shape : ellipse }
edge: { sourcename: "/home/josegrivera/my-projects/zephyr_ada/apps/samples/frdm_kl25z_autonomous_car/src/car_controller.adb:car_controller__analyze_camera_frame__moving_average_filter.2" targetname: "system__assertions__raise_assert_failure" label: "/home/josegrivera/my-projects/zephyr_ada/apps/samples/frdm_kl25z_autonomous_car/src/car_controller-analyze_camera_frame.adb:55:19" }
edge: { sourcename: "/home/josegrivera/my-projects/zephyr_ada/apps/samples/frdm_kl25z_autonomous_car/src/car_controller.adb:car_controller__analyze_camera_frame__moving_average_filter.2" targetname: "system__assertions__raise_assert_failure" label: "/home/josegrivera/my-projects/zephyr_ada/apps/samples/frdm_kl25z_autonomous_car/src/car_controller-analyze_camera_frame.adb:55:19" }
edge: { sourcename: "/home/josegrivera/my-projects/zephyr_ada/apps/samples/frdm_kl25z_autonomous_car/src/car_controller.adb:car_controller__analyze_camera_frame__moving_average_filter.2" targetname: "__gnat_last_chance_handler" label: "/home/josegrivera/my-projects/zephyr_ada/apps/samples/frdm_kl25z_autonomous_car/src/car_controller-analyze_camera_frame.adb:60:52" }
edge: { sourcename: "/home/josegrivera/my-projects/zephyr_ada/apps/samples/frdm_kl25z_autonomous_car/src/car_controller.adb:car_controller__analyze_camera_frame__moving_average_filter.2" targetname: "__gnat_last_chance_handler" label: "/home/josegrivera/my-projects/zephyr_ada/apps/samples/frdm_kl25z_autonomous_car/src/car_controller-analyze_camera_frame.adb:60:60" }
edge: { sourcename: "/home/josegrivera/my-projects/zephyr_ada/apps/samples/frdm_kl25z_autonomous_car/src/car_controller.adb:car_controller__analyze_camera_frame__moving_average_filter.2" targetname: "system__assertions__raise_assert_failure" label: "/home/josegrivera/my-projects/zephyr_ada/apps/samples/frdm_kl25z_autonomous_car/src/car_controller-analyze_camera_frame.adb:55:19" }
edge: { sourcename: "/home/josegrivera/my-projects/zephyr_ada/apps/samples/frdm_kl25z_autonomous_car/src/car_controller.adb:car_controller__analyze_camera_frame__moving_average_filter.2" targetname: "system__assertions__raise_assert_failure" label: "/home/josegrivera/my-projects/zephyr_ada/apps/samples/frdm_kl25z_autonomous_car/src/car_controller-analyze_camera_frame.adb:55:19" }
edge: { sourcename: "/home/josegrivera/my-projects/zephyr_ada/apps/samples/frdm_kl25z_autonomous_car/src/car_controller.adb:car_controller__analyze_camera_frame__moving_average_filter.2" targetname: "__gnat_last_chance_handler" label: "/home/josegrivera/my-projects/zephyr_ada/apps/samples/frdm_kl25z_autonomous_car/src/car_controller-analyze_camera_frame.adb:228:11" }
edge: { sourcename: "/home/josegrivera/my-projects/zephyr_ada/apps/samples/frdm_kl25z_autonomous_car/src/car_controller.adb:car_controller__analyze_camera_frame__moving_average_filter.2" targetname: "__gnat_last_chance_handler" label: "/home/josegrivera/my-projects/zephyr_ada/apps/samples/frdm_kl25z_autonomous_car/src/car_controller-analyze_camera_frame.adb:228:11" }
edge: { sourcename: "/home/josegrivera/my-projects/zephyr_ada/apps/samples/frdm_kl25z_autonomous_car/src/car_controller.adb:car_controller__analyze_camera_frame__moving_average_filter.2" targetname: "__gnat_last_chance_handler" label: "/home/josegrivera/my-projects/zephyr_ada/apps/samples/frdm_kl25z_autonomous_car/src/car_controller-analyze_camera_frame.adb:234:67" }
edge: { sourcename: "/home/josegrivera/my-projects/zephyr_ada/apps/samples/frdm_kl25z_autonomous_car/src/car_controller.adb:car_controller__analyze_camera_frame__moving_average_filter.2" targetname: "__gnat_last_chance_handler" label: "/home/josegrivera/my-projects/zephyr_ada/apps/samples/frdm_kl25z_autonomous_car/src/car_controller-analyze_camera_frame.adb:234:67" }
edge: { sourcename: "/home/josegrivera/my-projects/zephyr_ada/apps/samples/frdm_kl25z_autonomous_car/src/car_controller.adb:car_controller__analyze_camera_frame__moving_average_filter.2" targetname: "__gnat_last_chance_handler" label: "/home/josegrivera/my-projects/zephyr_ada/apps/samples/frdm_kl25z_autonomous_car/src/car_controller-analyze_camera_frame.adb:234:35" }
edge: { sourcename: "/home/josegrivera/my-projects/zephyr_ada/apps/samples/frdm_kl25z_autonomous_car/src/car_controller.adb:car_controller__analyze_camera_frame__moving_average_filter.2" targetname: "__gnat_last_chance_handler" label: "/home/josegrivera/my-projects/zephyr_ada/apps/samples/frdm_kl25z_autonomous_car/src/car_controller-analyze_camera_frame.adb:234:17" }
edge: { sourcename: "/home/josegrivera/my-projects/zephyr_ada/apps/samples/frdm_kl25z_autonomous_car/src/car_controller.adb:car_controller__analyze_camera_frame__moving_average_filter.2" targetname: "__gnat_last_chance_handler" label: "/home/josegrivera/my-projects/zephyr_ada/apps/samples/frdm_kl25z_autonomous_car/src/car_controller-analyze_camera_frame.adb:237:45" }
edge: { sourcename: "/home/josegrivera/my-projects/zephyr_ada/apps/samples/frdm_kl25z_autonomous_car/src/car_controller.adb:car_controller__analyze_camera_frame__moving_average_filter.2" targetname: "__gnat_last_chance_handler" label: "/home/josegrivera/my-projects/zephyr_ada/apps/samples/frdm_kl25z_autonomous_car/src/car_controller-analyze_camera_frame.adb:237:10" }
node: { title: "__aeabi_idiv" label: "aeabi_idiv\n<built-in>" shape : ellipse }
edge: { sourcename: "/home/josegrivera/my-projects/zephyr_ada/apps/samples/frdm_kl25z_autonomous_car/src/car_controller.adb:car_controller__analyze_camera_frame__moving_average_filter.2" targetname: "__aeabi_idiv" }
edge: { sourcename: "/home/josegrivera/my-projects/zephyr_ada/apps/samples/frdm_kl25z_autonomous_car/src/car_controller.adb:car_controller__analyze_camera_frame__moving_average_filter.2" targetname: "__gnat_last_chance_handler" label: "/home/josegrivera/my-projects/zephyr_ada/apps/samples/frdm_kl25z_autonomous_car/src/car_controller-analyze_camera_frame.adb:238:29" }
edge: { sourcename: "/home/josegrivera/my-projects/zephyr_ada/apps/samples/frdm_kl25z_autonomous_car/src/car_controller.adb:car_controller__analyze_camera_frame__moving_average_filter.2" targetname: "__gnat_last_chance_handler" label: "/home/josegrivera/my-projects/zephyr_ada/apps/samples/frdm_kl25z_autonomous_car/src/car_controller-analyze_camera_frame.adb:242:54" }
edge: { sourcename: "/home/josegrivera/my-projects/zephyr_ada/apps/samples/frdm_kl25z_autonomous_car/src/car_controller.adb:car_controller__analyze_camera_frame__moving_average_filter.2" targetname: "__gnat_last_chance_handler" label: "/home/josegrivera/my-projects/zephyr_ada/apps/samples/frdm_kl25z_autonomous_car/src/car_controller-analyze_camera_frame.adb:241:11" }
edge: { sourcename: "/home/josegrivera/my-projects/zephyr_ada/apps/samples/frdm_kl25z_autonomous_car/src/car_controller.adb:car_controller__analyze_camera_frame__moving_average_filter.2" targetname: "__gnat_last_chance_handler" label: "/home/josegrivera/my-projects/zephyr_ada/apps/samples/frdm_kl25z_autonomous_car/src/car_controller-analyze_camera_frame.adb:244:45" }
edge: { sourcename: "/home/josegrivera/my-projects/zephyr_ada/apps/samples/frdm_kl25z_autonomous_car/src/car_controller.adb:car_controller__analyze_camera_frame__moving_average_filter.2" targetname: "__gnat_last_chance_handler" label: "/home/josegrivera/my-projects/zephyr_ada/apps/samples/frdm_kl25z_autonomous_car/src/car_controller-analyze_camera_frame.adb:244:10" }
edge: { sourcename: "/home/josegrivera/my-projects/zephyr_ada/apps/samples/frdm_kl25z_autonomous_car/src/car_controller.adb:car_controller__analyze_camera_frame__moving_average_filter.2" targetname: "__gnat_last_chance_handler" label: "/home/josegrivera/my-projects/zephyr_ada/apps/samples/frdm_kl25z_autonomous_car/src/car_controller-analyze_camera_frame.adb:246:48" }
edge: { sourcename: "/home/josegrivera/my-projects/zephyr_ada/apps/samples/frdm_kl25z_autonomous_car/src/car_controller.adb:car_controller__analyze_camera_frame__moving_average_filter.2" targetname: "__gnat_last_chance_handler" label: "/home/josegrivera/my-projects/zephyr_ada/apps/samples/frdm_kl25z_autonomous_car/src/car_controller-analyze_camera_frame.adb:245:13" }
edge: { sourcename: "/home/josegrivera/my-projects/zephyr_ada/apps/samples/frdm_kl25z_autonomous_car/src/car_controller.adb:car_controller__analyze_camera_frame__moving_average_filter.2" targetname: "__gnat_last_chance_handler" label: "/home/josegrivera/my-projects/zephyr_ada/apps/samples/frdm_kl25z_autonomous_car/src/car_controller-analyze_camera_frame.adb:249:53" }
edge: { sourcename: "/home/josegrivera/my-projects/zephyr_ada/apps/samples/frdm_kl25z_autonomous_car/src/car_controller.adb:car_controller__analyze_camera_frame__moving_average_filter.2" targetname: "__gnat_last_chance_handler" label: "/home/josegrivera/my-projects/zephyr_ada/apps/samples/frdm_kl25z_autonomous_car/src/car_controller-analyze_camera_frame.adb:249:11" }
edge: { sourcename: "/home/josegrivera/my-projects/zephyr_ada/apps/samples/frdm_kl25z_autonomous_car/src/car_controller.adb:car_controller__analyze_camera_frame__moving_average_filter.2" targetname: "__gnat_last_chance_handler" label: "/home/josegrivera/my-projects/zephyr_ada/apps/samples/frdm_kl25z_autonomous_car/src/car_controller-analyze_camera_frame.adb:253:45" }
edge: { sourcename: "/home/josegrivera/my-projects/zephyr_ada/apps/samples/frdm_kl25z_autonomous_car/src/car_controller.adb:car_controller__analyze_camera_frame__moving_average_filter.2" targetname: "__gnat_last_chance_handler" label: "/home/josegrivera/my-projects/zephyr_ada/apps/samples/frdm_kl25z_autonomous_car/src/car_controller-analyze_camera_frame.adb:253:10" }
edge: { sourcename: "/home/josegrivera/my-projects/zephyr_ada/apps/samples/frdm_kl25z_autonomous_car/src/car_controller.adb:car_controller__analyze_camera_frame__moving_average_filter.2" targetname: "__gnat_last_chance_handler" label: "/home/josegrivera/my-projects/zephyr_ada/apps/samples/frdm_kl25z_autonomous_car/src/car_controller-analyze_camera_frame.adb:255:48" }
edge: { sourcename: "/home/josegrivera/my-projects/zephyr_ada/apps/samples/frdm_kl25z_autonomous_car/src/car_controller.adb:car_controller__analyze_camera_frame__moving_average_filter.2" targetname: "__gnat_last_chance_handler" label: "/home/josegrivera/my-projects/zephyr_ada/apps/samples/frdm_kl25z_autonomous_car/src/car_controller-analyze_camera_frame.adb:254:13" }
node: { title: "/home/josegrivera/my-projects/zephyr_ada/apps/samples/frdm_kl25z_autonomous_car/src/car_controller.adb:car_controller__analyze_camera_frame__compute_frame_derivative.3" label: "Compute_Frame_Derivative\n/home/josegrivera/my-projects/zephyr_ada/apps/samples/frdm_kl25z_autonomous_car/src/car_controller-analyze_camera_frame.adb:68:4\n64 bytes (static)\n0 dynamic objects" }
edge: { sourcename: "/home/josegrivera/my-projects/zephyr_ada/apps/samples/frdm_kl25z_autonomous_car/src/car_controller.adb:car_controller__analyze_camera_frame__compute_frame_derivative.3" targetname: "system__assertions__raise_assert_failure" label: "/home/josegrivera/my-projects/zephyr_ada/apps/samples/frdm_kl25z_autonomous_car/src/car_controller-analyze_camera_frame.adb:37:19" }
edge: { sourcename: "/home/josegrivera/my-projects/zephyr_ada/apps/samples/frdm_kl25z_autonomous_car/src/car_controller.adb:car_controller__analyze_camera_frame__compute_frame_derivative.3" targetname: "__gnat_last_chance_handler" label: "/home/josegrivera/my-projects/zephyr_ada/apps/samples/frdm_kl25z_autonomous_car/src/car_controller-analyze_camera_frame.adb:79:7" }
edge: { sourcename: "/home/josegrivera/my-projects/zephyr_ada/apps/samples/frdm_kl25z_autonomous_car/src/car_controller.adb:car_controller__analyze_camera_frame__compute_frame_derivative.3" targetname: "__gnat_last_chance_handler" label: "/home/josegrivera/my-projects/zephyr_ada/apps/samples/frdm_kl25z_autonomous_car/src/car_controller-analyze_camera_frame.adb:81:22" }
edge: { sourcename: "/home/josegrivera/my-projects/zephyr_ada/apps/samples/frdm_kl25z_autonomous_car/src/car_controller.adb:car_controller__analyze_camera_frame__compute_frame_derivative.3" targetname: "__gnat_last_chance_handler" label: "/home/josegrivera/my-projects/zephyr_ada/apps/samples/frdm_kl25z_autonomous_car/src/car_controller-analyze_camera_frame.adb:82:22" }
edge: { sourcename: "/home/josegrivera/my-projects/zephyr_ada/apps/samples/frdm_kl25z_autonomous_car/src/car_controller.adb:car_controller__analyze_camera_frame__compute_frame_derivative.3" targetname: "__gnat_last_chance_handler" label: "/home/josegrivera/my-projects/zephyr_ada/apps/samples/frdm_kl25z_autonomous_car/src/car_controller-analyze_camera_frame.adb:80:10" }
edge: { sourcename: "/home/josegrivera/my-projects/zephyr_ada/apps/samples/frdm_kl25z_autonomous_car/src/car_controller.adb:car_controller__analyze_camera_frame__compute_frame_derivative.3" targetname: "__gnat_last_chance_handler" label: "/home/josegrivera/my-projects/zephyr_ada/apps/samples/frdm_kl25z_autonomous_car/src/car_controller-analyze_camera_frame.adb:82:58" }
edge: { sourcename: "/home/josegrivera/my-projects/zephyr_ada/apps/samples/frdm_kl25z_autonomous_car/src/car_controller.adb:car_controller__analyze_camera_frame__compute_frame_derivative.3" targetname: "__gnat_last_chance_handler" label: "/home/josegrivera/my-projects/zephyr_ada/apps/samples/frdm_kl25z_autonomous_car/src/car_controller-analyze_camera_frame.adb:85:10" }
edge: { sourcename: "/home/josegrivera/my-projects/zephyr_ada/apps/samples/frdm_kl25z_autonomous_car/src/car_controller.adb:car_controller__analyze_camera_frame__compute_frame_derivative.3" targetname: "__gnat_last_chance_handler" label: "/home/josegrivera/my-projects/zephyr_ada/apps/samples/frdm_kl25z_autonomous_car/src/car_controller-analyze_camera_frame.adb:87:25" }
edge: { sourcename: "/home/josegrivera/my-projects/zephyr_ada/apps/samples/frdm_kl25z_autonomous_car/src/car_controller.adb:car_controller__analyze_camera_frame__compute_frame_derivative.3" targetname: "__gnat_last_chance_handler" label: "/home/josegrivera/my-projects/zephyr_ada/apps/samples/frdm_kl25z_autonomous_car/src/car_controller-analyze_camera_frame.adb:88:25" }
edge: { sourcename: "/home/josegrivera/my-projects/zephyr_ada/apps/samples/frdm_kl25z_autonomous_car/src/car_controller.adb:car_controller__analyze_camera_frame__compute_frame_derivative.3" targetname: "__gnat_last_chance_handler" label: "/home/josegrivera/my-projects/zephyr_ada/apps/samples/frdm_kl25z_autonomous_car/src/car_controller-analyze_camera_frame.adb:86:13" }
edge: { sourcename: "/home/josegrivera/my-projects/zephyr_ada/apps/samples/frdm_kl25z_autonomous_car/src/car_controller.adb:car_controller__analyze_camera_frame__compute_frame_derivative.3" targetname: "__gnat_last_chance_handler" label: "/home/josegrivera/my-projects/zephyr_ada/apps/samples/frdm_kl25z_autonomous_car/src/car_controller-analyze_camera_frame.adb:88:48" }
edge: { sourcename: "/home/josegrivera/my-projects/zephyr_ada/apps/samples/frdm_kl25z_autonomous_car/src/car_controller.adb:car_controller__analyze_camera_frame__compute_frame_derivative.3" targetname: "__gnat_last_chance_handler" label: "/home/josegrivera/my-projects/zephyr_ada/apps/samples/frdm_kl25z_autonomous_car/src/car_controller-analyze_camera_frame.adb:91:7" }
edge: { sourcename: "/home/josegrivera/my-projects/zephyr_ada/apps/samples/frdm_kl25z_autonomous_car/src/car_controller.adb:car_controller__analyze_camera_frame__compute_frame_derivative.3" targetname: "__gnat_last_chance_handler" label: "/home/josegrivera/my-projects/zephyr_ada/apps/samples/frdm_kl25z_autonomous_car/src/car_controller-analyze_camera_frame.adb:93:22" }
edge: { sourcename: "/home/josegrivera/my-projects/zephyr_ada/apps/samples/frdm_kl25z_autonomous_car/src/car_controller.adb:car_controller__analyze_camera_frame__compute_frame_derivative.3" targetname: "__gnat_last_chance_handler" label: "/home/josegrivera/my-projects/zephyr_ada/apps/samples/frdm_kl25z_autonomous_car/src/car_controller-analyze_camera_frame.adb:94:22" }
edge: { sourcename: "/home/josegrivera/my-projects/zephyr_ada/apps/samples/frdm_kl25z_autonomous_car/src/car_controller.adb:car_controller__analyze_camera_frame__compute_frame_derivative.3" targetname: "__gnat_last_chance_handler" label: "/home/josegrivera/my-projects/zephyr_ada/apps/samples/frdm_kl25z_autonomous_car/src/car_controller-analyze_camera_frame.adb:92:10" }
edge: { sourcename: "/home/josegrivera/my-projects/zephyr_ada/apps/samples/frdm_kl25z_autonomous_car/src/car_controller.adb:car_controller__analyze_camera_frame__compute_frame_derivative.3" targetname: "__gnat_last_chance_handler" label: "/home/josegrivera/my-projects/zephyr_ada/apps/samples/frdm_kl25z_autonomous_car/src/car_controller-analyze_camera_frame.adb:94:61" }
node: { title: "/home/josegrivera/my-projects/zephyr_ada/apps/samples/frdm_kl25z_autonomous_car/src/car_controller.adb:car_controller__analyze_camera_frame__compute_frame_fragment_integral.4" label: "Compute_Frame_Fragment_Integral\n/home/josegrivera/my-projects/zephyr_ada/apps/samples/frdm_kl25z_autonomous_car/src/car_controller-analyze_camera_frame.adb:101:4\n24 bytes (static)\n0 dynamic objects" }
edge: { sourcename: "/home/josegrivera/my-projects/zephyr_ada/apps/samples/frdm_kl25z_autonomous_car/src/car_controller.adb:car_controller__analyze_camera_frame__compute_frame_fragment_integral.4" targetname: "system__assertions__raise_assert_failure" label: "/home/josegrivera/my-projects/zephyr_ada/apps/samples/frdm_kl25z_autonomous_car/src/car_controller-analyze_camera_frame.adb:41:19" }
edge: { sourcename: "/home/josegrivera/my-projects/zephyr_ada/apps/samples/frdm_kl25z_autonomous_car/src/car_controller.adb:car_controller__analyze_camera_frame__compute_frame_fragment_integral.4" targetname: "__gnat_last_chance_handler" label: "/home/josegrivera/my-projects/zephyr_ada/apps/samples/frdm_kl25z_autonomous_car/src/car_controller-analyze_camera_frame.adb:107:17" }
edge: { sourcename: "/home/josegrivera/my-projects/zephyr_ada/apps/samples/frdm_kl25z_autonomous_car/src/car_controller.adb:car_controller__analyze_camera_frame__compute_frame_fragment_integral.4" targetname: "__gnat_last_chance_handler" label: "/home/josegrivera/my-projects/zephyr_ada/apps/samples/frdm_kl25z_autonomous_car/src/car_controller-analyze_camera_frame.adb:107:14" }
edge: { sourcename: "/home/josegrivera/my-projects/zephyr_ada/apps/samples/frdm_kl25z_autonomous_car/src/car_controller.adb:car_controller__analyze_camera_frame__compute_frame_fragment_integral.4" targetname: "__gnat_last_chance_handler" label: "/home/josegrivera/my-projects/zephyr_ada/apps/samples/frdm_kl25z_autonomous_car/src/car_controller-analyze_camera_frame.adb:110:14" }
node: { title: "car_controller__car_state_typeH" label: "car_state_typeH\n<built-in>\n32 bytes (static)\n0 dynamic objects" }
node: { title: "__aeabi_idivmod" label: "aeabi_idivmod\n<built-in>" shape : ellipse }
edge: { sourcename: "car_controller__car_state_typeH" targetname: "__aeabi_idivmod" }
edge: { sourcename: "car_controller__car_state_typeH" targetname: "__aeabi_idivmod" }
node: { title: "car_controller__car_event_typeH" label: "car_event_typeH\n<built-in>\n48 bytes (static)\n0 dynamic objects" }
edge: { sourcename: "car_controller__car_event_typeH" targetname: "__aeabi_idivmod" }
edge: { sourcename: "car_controller__car_event_typeH" targetname: "__aeabi_idivmod" }
edge: { sourcename: "car_controller__car_event_typeH" targetname: "__aeabi_idivmod" }
node: { title: "car_controller__car_steering_state_typeH" label: "car_steering_state_typeH\n<built-in>\n48 bytes (static)\n0 dynamic objects" }
edge: { sourcename: "car_controller__car_steering_state_typeH" targetname: "__aeabi_idivmod" }
edge: { sourcename: "car_controller__car_steering_state_typeH" targetname: "__aeabi_idivmod" }
node: { title: "car_controller__Tpending_car_events_typeBIP" label: "Tpending_car_events_typeBIP\n<built-in>\n8 bytes (static)\n0 dynamic objects" }
node: { title: "car_controller__camera_frame_derivative_typeIP" label: "camera_frame_derivative_typeIP\n<built-in>\n8 bytes (static)\n0 dynamic objects" }
node: { title: "car_controller__driving_log_entry_typeIP" label: "driving_log_entry_typeIP\n<built-in>\n8 bytes (static)\n0 dynamic objects" }
node: { title: "car_controller__Tdriving_log_buffer_typeBIP" label: "Tdriving_log_buffer_typeBIP\n<built-in>\n8 bytes (static)\n0 dynamic objects" }
node: { title: "car_controller__driving_log_typeIP" label: "driving_log_typeIP\n<built-in>\n8 bytes (static)\n0 dynamic objects" }
node: { title: "car_controller__track_edge_detection_stats_typeIP" label: "track_edge_detection_stats_typeIP\n<built-in>\n8 bytes (static)\n0 dynamic objects" }
node: { title: "car_controller__car_driving_stats_typeIP" label: "car_driving_stats_typeIP\n<built-in>\n8 bytes (static)\n0 dynamic objects" }
node: { title: "car_controller__car_controller_task_typeVIP" label: "car_controller_task_typeVIP\n<built-in>\n64 bytes (static)\n0 dynamic objects" }
node: { title: "system__tasking__restricted__stages__create_restricted_task" label: "Create_Restricted_Task\n/home/josegrivera/my-projects/zephyr_ada/apps/zephyr_ada_rts/src/gnarl/s-tarest.ads:57:14" shape : ellipse }
edge: { sourcename: "car_controller__car_controller_task_typeVIP" targetname: "system__tasking__restricted__stages__create_restricted_task" label: "/home/josegrivera/my-projects/zephyr_ada/apps/samples/frdm_kl25z_autonomous_car/src/car_controller.ads:301:4" }
node: { title: "car_controller__car_controller_typeIP" label: "car_controller_typeIP\n<built-in>\n72 bytes (static)\n0 dynamic objects" }
node: { title: "system__secondary_stack__ss_mark" label: "Ss_Mark\n/home/josegrivera/my-projects/zephyr_ada/apps/zephyr_ada_rts/src/third_party/s-secsta.ads:125:13" shape : ellipse }
edge: { sourcename: "car_controller__car_controller_typeIP" targetname: "system__secondary_stack__ss_mark" }
node: { title: "ada__synchronous_task_control__suspension_objectVIP" label: "suspension_objectVIP\n<built-in>" shape : ellipse }
edge: { sourcename: "car_controller__car_controller_typeIP" targetname: "ada__synchronous_task_control__suspension_objectVIP" label: "/home/josegrivera/my-projects/zephyr_ada/apps/samples/frdm_kl25z_autonomous_car/src/car_controller.ads:369:7" }
edge: { sourcename: "car_controller__car_controller_typeIP" targetname: "/home/josegrivera/my-projects/zephyr_ada/apps/samples/frdm_kl25z_autonomous_car/src/car_controller.adb:car_controller__car_controller_typeIP__F267s.0" label: "/home/josegrivera/my-projects/zephyr_ada/apps/samples/frdm_kl25z_autonomous_car/src/car_controller.ads:367:7" }
edge: { sourcename: "car_controller__car_controller_typeIP" targetname: "__gnat_last_chance_handler" label: "/home/josegrivera/my-projects/zephyr_ada/apps/samples/frdm_kl25z_autonomous_car/src/car_controller.ads:367:7" }
edge: { sourcename: "car_controller__car_controller_typeIP" targetname: "car_controller__car_controller_task_typeVIP" label: "/home/josegrivera/my-projects/zephyr_ada/apps/samples/frdm_kl25z_autonomous_car/src/car_controller.ads:367:7" }
edge: { sourcename: "car_controller__car_controller_typeIP" targetname: "/home/josegrivera/my-projects/zephyr_ada/apps/samples/frdm_kl25z_autonomous_car/src/car_controller.adb:car_controller__car_controller_typeIP___finalizer.1" label: "/home/josegrivera/my-projects/zephyr_ada/apps/samples/frdm_kl25z_autonomous_car/src/car_controller.ads:320:0" }
node: { title: "car_controller__initialized" label: "Initialized\n/home/josegrivera/my-projects/zephyr_ada/apps/samples/frdm_kl25z_autonomous_car/src/car_controller.ads:379:4\n8 bytes (static)\n0 dynamic objects" }
edge: { sourcename: "car_controller__initialized" targetname: "__gnat_last_chance_handler" label: "/home/josegrivera/my-projects/zephyr_ada/apps/samples/frdm_kl25z_autonomous_car/src/car_controller.ads:379:62" }
node: { title: "car_controller__get_car_state" label: "Get_Car_State\n/home/josegrivera/my-projects/zephyr_ada/apps/samples/frdm_kl25z_autonomous_car/src/car_controller.ads:381:4\n8 bytes (static)\n0 dynamic objects" }
edge: { sourcename: "car_controller__get_car_state" targetname: "__gnat_last_chance_handler" label: "/home/josegrivera/my-projects/zephyr_ada/apps/samples/frdm_kl25z_autonomous_car/src/car_controller.ads:382:26" }
node: { title: "car_controller__get_car_states_history" label: "Get_Car_States_History\n/home/josegrivera/my-projects/zephyr_ada/apps/samples/frdm_kl25z_autonomous_car/src/car_controller.ads:384:4\n8 bytes (static)\n0 dynamic objects" }
node: { title: "car_controller__get_received_car_events_history" label: "Get_Received_Car_Events_History\n/home/josegrivera/my-projects/zephyr_ada/apps/samples/frdm_kl25z_autonomous_car/src/car_controller.ads:387:4\n8 bytes (static)\n0 dynamic objects" }
node: { title: "car_controller__get_ignored_car_events_history" label: "Get_Ignored_Car_Events_History\n/home/josegrivera/my-projects/zephyr_ada/apps/samples/frdm_kl25z_autonomous_car/src/car_controller.ads:390:4\n8 bytes (static)\n0 dynamic objects" }
node: { title: "car_controller__get_steering_states_history" label: "Get_Steering_States_History\n/home/josegrivera/my-projects/zephyr_ada/apps/samples/frdm_kl25z_autonomous_car/src/car_controller.ads:393:4\n8 bytes (static)\n0 dynamic objects" }
node: { title: "car_controller__get_dip_switches" label: "Get_Dip_Switches\n/home/josegrivera/my-projects/zephyr_ada/apps/samples/frdm_kl25z_autonomous_car/src/car_controller.ads:396:4\n8 bytes (static)\n0 dynamic objects" }
node: { title: "car_controller__analyze_camera_frame" label: "Analyze_Camera_Frame\n/home/josegrivera/my-projects/zephyr_ada/apps/samples/frdm_kl25z_autonomous_car/src/car_controller-analyze_camera_frame.adb:29:1\n64 bytes (static)\n0 dynamic objects" }
edge: { sourcename: "car_controller__analyze_camera_frame" targetname: "/home/josegrivera/my-projects/zephyr_ada/apps/samples/frdm_kl25z_autonomous_car/src/car_controller.adb:car_controller__analyze_camera_frame__moving_average_filter.2" label: "/home/josegrivera/my-projects/zephyr_ada/apps/samples/frdm_kl25z_autonomous_car/src/car_controller-analyze_camera_frame.adb:280:4" }
edge: { sourcename: "car_controller__analyze_camera_frame" targetname: "/home/josegrivera/my-projects/zephyr_ada/apps/samples/frdm_kl25z_autonomous_car/src/car_controller.adb:car_controller__analyze_camera_frame__compute_frame_derivative.3" label: "/home/josegrivera/my-projects/zephyr_ada/apps/samples/frdm_kl25z_autonomous_car/src/car_controller-analyze_camera_frame.adb:284:4" }
edge: { sourcename: "car_controller__analyze_camera_frame" targetname: "__gnat_last_chance_handler" label: "/home/josegrivera/my-projects/zephyr_ada/apps/samples/frdm_kl25z_autonomous_car/src/car_controller-analyze_camera_frame.adb:287:27" }
edge: { sourcename: "car_controller__analyze_camera_frame" targetname: "__gnat_last_chance_handler" label: "/home/josegrivera/my-projects/zephyr_ada/apps/samples/frdm_kl25z_autonomous_car/src/car_controller-analyze_camera_frame.adb:296:38" }
edge: { sourcename: "car_controller__analyze_camera_frame" targetname: "/home/josegrivera/my-projects/zephyr_ada/apps/samples/frdm_kl25z_autonomous_car/src/car_controller.adb:car_controller__analyze_camera_frame__find_track_right_edge.6" label: "/home/josegrivera/my-projects/zephyr_ada/apps/samples/frdm_kl25z_autonomous_car/src/car_controller-analyze_camera_frame.adb:294:13" }
edge: { sourcename: "car_controller__analyze_camera_frame" targetname: "__gnat_last_chance_handler" label: "/home/josegrivera/my-projects/zephyr_ada/apps/samples/frdm_kl25z_autonomous_car/src/car_controller-analyze_camera_frame.adb:294:13" }
edge: { sourcename: "car_controller__analyze_camera_frame" targetname: "__gnat_last_chance_handler" label: "/home/josegrivera/my-projects/zephyr_ada/apps/samples/frdm_kl25z_autonomous_car/src/car_controller-analyze_camera_frame.adb:302:28" }
edge: { sourcename: "car_controller__analyze_camera_frame" targetname: "__gnat_last_chance_handler" label: "/home/josegrivera/my-projects/zephyr_ada/apps/samples/frdm_kl25z_autonomous_car/src/car_controller-analyze_camera_frame.adb:311:41" }
edge: { sourcename: "car_controller__analyze_camera_frame" targetname: "/home/josegrivera/my-projects/zephyr_ada/apps/samples/frdm_kl25z_autonomous_car/src/car_controller.adb:car_controller__analyze_camera_frame__find_track_left_edge.5" label: "/home/josegrivera/my-projects/zephyr_ada/apps/samples/frdm_kl25z_autonomous_car/src/car_controller-analyze_camera_frame.adb:309:16" }
edge: { sourcename: "car_controller__analyze_camera_frame" targetname: "__gnat_last_chance_handler" label: "/home/josegrivera/my-projects/zephyr_ada/apps/samples/frdm_kl25z_autonomous_car/src/car_controller-analyze_camera_frame.adb:309:16" }
edge: { sourcename: "car_controller__analyze_camera_frame" targetname: "__gnat_last_chance_handler" label: "/home/josegrivera/my-projects/zephyr_ada/apps/samples/frdm_kl25z_autonomous_car/src/car_controller-analyze_camera_frame.adb:317:31" }
edge: { sourcename: "car_controller__analyze_camera_frame" targetname: "/home/josegrivera/my-projects/zephyr_ada/apps/samples/frdm_kl25z_autonomous_car/src/car_controller.adb:car_controller__analyze_camera_frame__compute_frame_fragment_integral.4" label: "/home/josegrivera/my-projects/zephyr_ada/apps/samples/frdm_kl25z_autonomous_car/src/car_controller-analyze_camera_frame.adb:323:36" }
edge: { sourcename: "car_controller__analyze_camera_frame" targetname: "__gnat_last_chance_handler" label: "/home/josegrivera/my-projects/zephyr_ada/apps/samples/frdm_kl25z_autonomous_car/src/car_controller-analyze_camera_frame.adb:323:36" }
edge: { sourcename: "car_controller__analyze_camera_frame" targetname: "__gnat_last_chance_handler" label: "/home/josegrivera/my-projects/zephyr_ada/apps/samples/frdm_kl25z_autonomous_car/src/car_controller-analyze_camera_frame.adb:327:40" }
edge: { sourcename: "car_controller__analyze_camera_frame" targetname: "/home/josegrivera/my-projects/zephyr_ada/apps/samples/frdm_kl25z_autonomous_car/src/car_controller.adb:car_controller__analyze_camera_frame__find_track_left_edge.5" label: "/home/josegrivera/my-projects/zephyr_ada/apps/samples/frdm_kl25z_autonomous_car/src/car_controller-analyze_camera_frame.adb:349:13" }
edge: { sourcename: "car_controller__analyze_camera_frame" targetname: "__gnat_last_chance_handler" label: "/home/josegrivera/my-projects/zephyr_ada/apps/samples/frdm_kl25z_autonomous_car/src/car_controller-analyze_camera_frame.adb:349:13" }
edge: { sourcename: "car_controller__analyze_camera_frame" targetname: "__gnat_last_chance_handler" label: "/home/josegrivera/my-projects/zephyr_ada/apps/samples/frdm_kl25z_autonomous_car/src/car_controller-analyze_camera_frame.adb:353:51" }
edge: { sourcename: "car_controller__analyze_camera_frame" targetname: "/home/josegrivera/my-projects/zephyr_ada/apps/samples/frdm_kl25z_autonomous_car/src/car_controller.adb:car_controller__analyze_camera_frame__find_track_right_edge.6" label: "/home/josegrivera/my-projects/zephyr_ada/apps/samples/frdm_kl25z_autonomous_car/src/car_controller-analyze_camera_frame.adb:360:13" }
edge: { sourcename: "car_controller__analyze_camera_frame" targetname: "__gnat_last_chance_handler" label: "/home/josegrivera/my-projects/zephyr_ada/apps/samples/frdm_kl25z_autonomous_car/src/car_controller-analyze_camera_frame.adb:360:13" }
edge: { sourcename: "car_controller__analyze_camera_frame" targetname: "__gnat_last_chance_handler" label: "/home/josegrivera/my-projects/zephyr_ada/apps/samples/frdm_kl25z_autonomous_car/src/car_controller-analyze_camera_frame.adb:364:51" }
edge: { sourcename: "car_controller__analyze_camera_frame" targetname: "__gnat_last_chance_handler" label: "/home/josegrivera/my-projects/zephyr_ada/apps/samples/frdm_kl25z_autonomous_car/src/car_controller-analyze_camera_frame.adb:371:7" }
node: { title: "car_controller__calculate_steering_servo_pwm_duty_cycle_us_from_trimpot" label: "Calculate_Steering_Servo_Pwm_Duty_Cycle_Us_From_Trimpot\n/home/josegrivera/my-projects/zephyr_ada/apps/samples/frdm_kl25z_autonomous_car/src/car_controller.adb:163:4\n8 bytes (static)\n0 dynamic objects" }
edge: { sourcename: "car_controller__calculate_steering_servo_pwm_duty_cycle_us_from_trimpot" targetname: "system__assertions__raise_assert_failure" label: "/home/josegrivera/my-projects/zephyr_ada/apps/samples/frdm_kl25z_autonomous_car/src/car_controller.adb:169:22" }
edge: { sourcename: "car_controller__calculate_steering_servo_pwm_duty_cycle_us_from_trimpot" targetname: "__aeabi_idiv" }
edge: { sourcename: "car_controller__calculate_steering_servo_pwm_duty_cycle_us_from_trimpot" targetname: "__gnat_last_chance_handler" label: "/home/josegrivera/my-projects/zephyr_ada/apps/samples/frdm_kl25z_autonomous_car/src/car_controller.adb:176:59" }
node: { title: "car_controller__calculate_wheel_motor_pwm_duty_cycle_us_from_trimpot" label: "Calculate_Wheel_Motor_Pwm_Duty_Cycle_Us_From_Trimpot\n/home/josegrivera/my-projects/zephyr_ada/apps/samples/frdm_kl25z_autonomous_car/src/car_controller.adb:189:4\n16 bytes (static)\n0 dynamic objects" }
edge: { sourcename: "car_controller__calculate_wheel_motor_pwm_duty_cycle_us_from_trimpot" targetname: "system__assertions__raise_assert_failure" label: "/home/josegrivera/my-projects/zephyr_ada/apps/samples/frdm_kl25z_autonomous_car/src/car_controller.adb:195:22" }
edge: { sourcename: "car_controller__calculate_wheel_motor_pwm_duty_cycle_us_from_trimpot" targetname: "__aeabi_idiv" }
edge: { sourcename: "car_controller__calculate_wheel_motor_pwm_duty_cycle_us_from_trimpot" targetname: "__gnat_last_chance_handler" label: "/home/josegrivera/my-projects/zephyr_ada/apps/samples/frdm_kl25z_autonomous_car/src/car_controller.adb:205:67" }
edge: { sourcename: "car_controller__calculate_wheel_motor_pwm_duty_cycle_us_from_trimpot" targetname: "__gnat_last_chance_handler" label: "/home/josegrivera/my-projects/zephyr_ada/apps/samples/frdm_kl25z_autonomous_car/src/car_controller.adb:208:14" }
node: { title: "car_controller__capture_driving_log_entry" label: "Capture_Driving_Log_Entry\n/home/josegrivera/my-projects/zephyr_ada/apps/samples/frdm_kl25z_autonomous_car/src/car_controller.adb:215:4\n32 bytes (static)\n0 dynamic objects" }
edge: { sourcename: "car_controller__capture_driving_log_entry" targetname: "__gnat_last_chance_handler" label: "/home/josegrivera/my-projects/zephyr_ada/apps/samples/frdm_kl25z_autonomous_car/src/car_controller.adb:231:49" }
edge: { sourcename: "car_controller__capture_driving_log_entry" targetname: "__gnat_last_chance_handler" label: "/home/josegrivera/my-projects/zephyr_ada/apps/samples/frdm_kl25z_autonomous_car/src/car_controller.adb:233:49" }
edge: { sourcename: "car_controller__capture_driving_log_entry" targetname: "__gnat_last_chance_handler" label: "/home/josegrivera/my-projects/zephyr_ada/apps/samples/frdm_kl25z_autonomous_car/src/car_controller.adb:246:38" }
edge: { sourcename: "car_controller__capture_driving_log_entry" targetname: "__gnat_last_chance_handler" label: "/home/josegrivera/my-projects/zephyr_ada/apps/samples/frdm_kl25z_autonomous_car/src/car_controller.adb:249:38" }
edge: { sourcename: "car_controller__capture_driving_log_entry" targetname: "__gnat_last_chance_handler" label: "/home/josegrivera/my-projects/zephyr_ada/apps/samples/frdm_kl25z_autonomous_car/src/car_controller.adb:257:31" }
edge: { sourcename: "car_controller__capture_driving_log_entry" targetname: "__gnat_last_chance_handler" label: "/home/josegrivera/my-projects/zephyr_ada/apps/samples/frdm_kl25z_autonomous_car/src/car_controller.adb:257:63" }
edge: { sourcename: "car_controller__capture_driving_log_entry" targetname: "__gnat_last_chance_handler" label: "/home/josegrivera/my-projects/zephyr_ada/apps/samples/frdm_kl25z_autonomous_car/src/car_controller.adb:259:31" }
edge: { sourcename: "car_controller__capture_driving_log_entry" targetname: "__gnat_last_chance_handler" label: "/home/josegrivera/my-projects/zephyr_ada/apps/samples/frdm_kl25z_autonomous_car/src/car_controller.adb:260:30" }
edge: { sourcename: "car_controller__capture_driving_log_entry" targetname: "__gnat_last_chance_handler" label: "/home/josegrivera/my-projects/zephyr_ada/apps/samples/frdm_kl25z_autonomous_car/src/car_controller.adb:264:33" }
edge: { sourcename: "car_controller__capture_driving_log_entry" targetname: "__gnat_last_chance_handler" label: "/home/josegrivera/my-projects/zephyr_ada/apps/samples/frdm_kl25z_autonomous_car/src/car_controller.adb:262:31" }
edge: { sourcename: "car_controller__capture_driving_log_entry" targetname: "__gnat_last_chance_handler" label: "/home/josegrivera/my-projects/zephyr_ada/apps/samples/frdm_kl25z_autonomous_car/src/car_controller.adb:268:33" }
edge: { sourcename: "car_controller__capture_driving_log_entry" targetname: "__gnat_last_chance_handler" label: "/home/josegrivera/my-projects/zephyr_ada/apps/samples/frdm_kl25z_autonomous_car/src/car_controller.adb:266:31" }
edge: { sourcename: "car_controller__capture_driving_log_entry" targetname: "__gnat_last_chance_handler" label: "/home/josegrivera/my-projects/zephyr_ada/apps/samples/frdm_kl25z_autonomous_car/src/car_controller.adb:282:38" }
edge: { sourcename: "car_controller__capture_driving_log_entry" targetname: "__gnat_last_chance_handler" label: "/home/josegrivera/my-projects/zephyr_ada/apps/samples/frdm_kl25z_autonomous_car/src/car_controller.adb:285:38" }
edge: { sourcename: "car_controller__capture_driving_log_entry" targetname: "__gnat_last_chance_handler" label: "/home/josegrivera/my-projects/zephyr_ada/apps/samples/frdm_kl25z_autonomous_car/src/car_controller.adb:291:16" }
node: { title: "car_controller__clear_car_event" label: "Clear_Car_Event\n/home/josegrivera/my-projects/zephyr_ada/apps/samples/frdm_kl25z_autonomous_car/src/car_controller.adb:302:4\n16 bytes (static)\n0 dynamic objects" }
edge: { sourcename: "car_controller__clear_car_event" targetname: "__gnat_last_chance_handler" label: "/home/josegrivera/my-projects/zephyr_ada/apps/samples/frdm_kl25z_autonomous_car/src/car_controller.adb:307:46" }
node: { title: "car_controller__dump_driving_log" label: "Dump_Driving_Log\n/home/josegrivera/my-projects/zephyr_ada/apps/samples/frdm_kl25z_autonomous_car/src/car_controller.adb:322:4\n128 bytes (dynamic)\n2 dynamic objects\n S204b /home/josegrivera/my-projects/zephyr_ada/apps/samples/frdm_kl25z_autonomous_car/src/car_controller.adb:352:76\n S270b /home/josegrivera/my-projects/zephyr_ada/apps/samples/frdm_kl25z_autonomous_car/src/car_controller.adb:368:65" }
edge: { sourcename: "car_controller__dump_driving_log" targetname: "__gnat_last_chance_handler" label: "/home/josegrivera/my-projects/zephyr_ada/apps/samples/frdm_kl25z_autonomous_car/src/car_controller.adb:332:24" }
node: { title: "serial_console__print_string" label: "Print_String\n/home/josegrivera/my-projects/zephyr_ada/apps/samples/frdm_kl25z_autonomous_car/src/building_blocks/portable/serial_console.ads:98:14" shape : ellipse }
edge: { sourcename: "car_controller__dump_driving_log" targetname: "serial_console__print_string" label: "/home/josegrivera/my-projects/zephyr_ada/apps/samples/frdm_kl25z_autonomous_car/src/car_controller.adb:339:21" }
node: { title: "number_conversion_utils__unsigned_to_decimal_string" label: "Unsigned_To_Decimal_String\n/home/josegrivera/my-projects/zephyr_ada/apps/samples/frdm_kl25z_autonomous_car/src/building_blocks/portable/number_conversion_utils.ads:65:14" shape : ellipse }
edge: { sourcename: "car_controller__dump_driving_log" targetname: "number_conversion_utils__unsigned_to_decimal_string" label: "/home/josegrivera/my-projects/zephyr_ada/apps/samples/frdm_kl25z_autonomous_car/src/car_controller.adb:340:7" }
edge: { sourcename: "car_controller__dump_driving_log" targetname: "__gnat_last_chance_handler" label: "/home/josegrivera/my-projects/zephyr_ada/apps/samples/frdm_kl25z_autonomous_car/src/car_controller.adb:341:47" }
edge: { sourcename: "car_controller__dump_driving_log" targetname: "memcpy" }
edge: { sourcename: "car_controller__dump_driving_log" targetname: "__gnat_last_chance_handler" label: "/home/josegrivera/my-projects/zephyr_ada/apps/samples/frdm_kl25z_autonomous_car/src/car_controller.adb:341:65" }
edge: { sourcename: "car_controller__dump_driving_log" targetname: "serial_console__print_string" label: "/home/josegrivera/my-projects/zephyr_ada/apps/samples/frdm_kl25z_autonomous_car/src/car_controller.adb:341:21" }
edge: { sourcename: "car_controller__dump_driving_log" targetname: "__gnat_last_chance_handler" label: "/home/josegrivera/my-projects/zephyr_ada/apps/samples/frdm_kl25z_autonomous_car/src/car_controller.adb:343:13" }
edge: { sourcename: "car_controller__dump_driving_log" targetname: "__gnat_last_chance_handler" label: "/home/josegrivera/my-projects/zephyr_ada/apps/samples/frdm_kl25z_autonomous_car/src/car_controller.adb:343:38" }
edge: { sourcename: "car_controller__dump_driving_log" targetname: "number_conversion_utils__unsigned_to_decimal_string" label: "/home/josegrivera/my-projects/zephyr_ada/apps/samples/frdm_kl25z_autonomous_car/src/car_controller.adb:348:13" }
edge: { sourcename: "car_controller__dump_driving_log" targetname: "__gnat_last_chance_handler" label: "/home/josegrivera/my-projects/zephyr_ada/apps/samples/frdm_kl25z_autonomous_car/src/car_controller.adb:350:53" }
edge: { sourcename: "car_controller__dump_driving_log" targetname: "memcpy" }
edge: { sourcename: "car_controller__dump_driving_log" targetname: "__gnat_last_chance_handler" label: "/home/josegrivera/my-projects/zephyr_ada/apps/samples/frdm_kl25z_autonomous_car/src/car_controller.adb:350:65" }
edge: { sourcename: "car_controller__dump_driving_log" targetname: "serial_console__print_string" label: "/home/josegrivera/my-projects/zephyr_ada/apps/samples/frdm_kl25z_autonomous_car/src/car_controller.adb:350:27" }
edge: { sourcename: "car_controller__dump_driving_log" targetname: "__gnat_last_chance_handler" label: "/home/josegrivera/my-projects/zephyr_ada/apps/samples/frdm_kl25z_autonomous_car/src/car_controller.adb:352:55" }
edge: { sourcename: "car_controller__dump_driving_log" targetname: "__gnat_last_chance_handler" label: "/home/josegrivera/my-projects/zephyr_ada/apps/samples/frdm_kl25z_autonomous_car/src/car_controller.adb:352:76" }
edge: { sourcename: "car_controller__dump_driving_log" targetname: "__gnat_last_chance_handler" label: "/home/josegrivera/my-projects/zephyr_ada/apps/samples/frdm_kl25z_autonomous_car/src/car_controller.adb:352:76" }
edge: { sourcename: "car_controller__dump_driving_log" targetname: "memcpy" }
edge: { sourcename: "car_controller__dump_driving_log" targetname: "serial_console__print_string" label: "/home/josegrivera/my-projects/zephyr_ada/apps/samples/frdm_kl25z_autonomous_car/src/car_controller.adb:351:27" }
edge: { sourcename: "car_controller__dump_driving_log" targetname: "__gnat_last_chance_handler" label: "/home/josegrivera/my-projects/zephyr_ada/apps/samples/frdm_kl25z_autonomous_car/src/car_controller.adb:355:38" }
edge: { sourcename: "car_controller__dump_driving_log" targetname: "number_conversion_utils__unsigned_to_decimal_string" label: "/home/josegrivera/my-projects/zephyr_ada/apps/samples/frdm_kl25z_autonomous_car/src/car_controller.adb:354:13" }
edge: { sourcename: "car_controller__dump_driving_log" targetname: "__gnat_last_chance_handler" label: "/home/josegrivera/my-projects/zephyr_ada/apps/samples/frdm_kl25z_autonomous_car/src/car_controller.adb:357:53" }
edge: { sourcename: "car_controller__dump_driving_log" targetname: "memcpy" }
edge: { sourcename: "car_controller__dump_driving_log" targetname: "__gnat_last_chance_handler" label: "/home/josegrivera/my-projects/zephyr_ada/apps/samples/frdm_kl25z_autonomous_car/src/car_controller.adb:357:65" }
edge: { sourcename: "car_controller__dump_driving_log" targetname: "serial_console__print_string" label: "/home/josegrivera/my-projects/zephyr_ada/apps/samples/frdm_kl25z_autonomous_car/src/car_controller.adb:357:27" }
edge: { sourcename: "car_controller__dump_driving_log" targetname: "number_conversion_utils__unsigned_to_decimal_string" label: "/home/josegrivera/my-projects/zephyr_ada/apps/samples/frdm_kl25z_autonomous_car/src/car_controller.adb:358:13" }
edge: { sourcename: "car_controller__dump_driving_log" targetname: "__gnat_last_chance_handler" label: "/home/josegrivera/my-projects/zephyr_ada/apps/samples/frdm_kl25z_autonomous_car/src/car_controller.adb:361:53" }
edge: { sourcename: "car_controller__dump_driving_log" targetname: "memcpy" }
edge: { sourcename: "car_controller__dump_driving_log" targetname: "__gnat_last_chance_handler" label: "/home/josegrivera/my-projects/zephyr_ada/apps/samples/frdm_kl25z_autonomous_car/src/car_controller.adb:361:65" }
edge: { sourcename: "car_controller__dump_driving_log" targetname: "serial_console__print_string" label: "/home/josegrivera/my-projects/zephyr_ada/apps/samples/frdm_kl25z_autonomous_car/src/car_controller.adb:361:27" }
edge: { sourcename: "car_controller__dump_driving_log" targetname: "number_conversion_utils__unsigned_to_decimal_string" label: "/home/josegrivera/my-projects/zephyr_ada/apps/samples/frdm_kl25z_autonomous_car/src/car_controller.adb:362:13" }
edge: { sourcename: "car_controller__dump_driving_log" targetname: "__gnat_last_chance_handler" label: "/home/josegrivera/my-projects/zephyr_ada/apps/samples/frdm_kl25z_autonomous_car/src/car_controller.adb:365:53" }
edge: { sourcename: "car_controller__dump_driving_log" targetname: "memcpy" }
edge: { sourcename: "car_controller__dump_driving_log" targetname: "__gnat_last_chance_handler" label: "/home/josegrivera/my-projects/zephyr_ada/apps/samples/frdm_kl25z_autonomous_car/src/car_controller.adb:365:65" }
edge: { sourcename: "car_controller__dump_driving_log" targetname: "serial_console__print_string" label: "/home/josegrivera/my-projects/zephyr_ada/apps/samples/frdm_kl25z_autonomous_car/src/car_controller.adb:365:27" }
edge: { sourcename: "car_controller__dump_driving_log" targetname: "number_conversion_utils__unsigned_to_decimal_string" label: "/home/josegrivera/my-projects/zephyr_ada/apps/samples/frdm_kl25z_autonomous_car/src/car_controller.adb:366:13" }
edge: { sourcename: "car_controller__dump_driving_log" targetname: "__gnat_last_chance_handler" label: "/home/josegrivera/my-projects/zephyr_ada/apps/samples/frdm_kl25z_autonomous_car/src/car_controller.adb:368:53" }
edge: { sourcename: "car_controller__dump_driving_log" targetname: "memcpy" }
edge: { sourcename: "car_controller__dump_driving_log" targetname: "serial_console__print_string" label: "/home/josegrivera/my-projects/zephyr_ada/apps/samples/frdm_kl25z_autonomous_car/src/car_controller.adb:368:27" }
node: { title: "car_controller__exit_garage_mode" label: "Exit_Garage_Mode\n/home/josegrivera/my-projects/zephyr_ada/apps/samples/frdm_kl25z_autonomous_car/src/car_controller.adb:404:4\n8 bytes (static)\n0 dynamic objects" }
node: { title: "serial_console__lock" label: "Lock\n/home/josegrivera/my-projects/zephyr_ada/apps/samples/frdm_kl25z_autonomous_car/src/building_blocks/portable/serial_console.ads:85:14" shape : ellipse }
edge: { sourcename: "car_controller__exit_garage_mode" targetname: "serial_console__lock" label: "/home/josegrivera/my-projects/zephyr_ada/apps/samples/frdm_kl25z_autonomous_car/src/car_controller.adb:407:21" }
node: { title: "serial_console__clear_screen" label: "Clear_Screen\n/home/josegrivera/my-projects/zephyr_ada/apps/samples/frdm_kl25z_autonomous_car/src/building_blocks/portable/serial_console.ads:151:14" shape : ellipse }
edge: { sourcename: "car_controller__exit_garage_mode" targetname: "serial_console__clear_screen" label: "/home/josegrivera/my-projects/zephyr_ada/apps/samples/frdm_kl25z_autonomous_car/src/car_controller.adb:408:21" }
node: { title: "serial_console__set_scroll_region_to_screen_bottom" label: "Set_Scroll_Region_To_Screen_Bottom\n/home/josegrivera/my-projects/zephyr_ada/apps/samples/frdm_kl25z_autonomous_car/src/building_blocks/portable/serial_console.ads:168:14" shape : ellipse }
edge: { sourcename: "car_controller__exit_garage_mode" targetname: "serial_console__set_scroll_region_to_screen_bottom" label: "/home/josegrivera/my-projects/zephyr_ada/apps/samples/frdm_kl25z_autonomous_car/src/car_controller.adb:409:21" }
node: { title: "serial_console__set_cursor_and_attributes" label: "Set_Cursor_And_Attributes\n/home/josegrivera/my-projects/zephyr_ada/apps/samples/frdm_kl25z_autonomous_car/src/building_blocks/portable/serial_console.ads:126:14" shape : ellipse }
edge: { sourcename: "car_controller__exit_garage_mode" targetname: "serial_console__set_cursor_and_attributes" label: "/home/josegrivera/my-projects/zephyr_ada/apps/samples/frdm_kl25z_autonomous_car/src/car_controller.adb:410:21" }
node: { title: "command_line__print_prompt" label: "Print_Prompt\n/home/josegrivera/my-projects/zephyr_ada/apps/samples/frdm_kl25z_autonomous_car/src/building_blocks/portable/command_line.ads:79:14" shape : ellipse }
edge: { sourcename: "car_controller__exit_garage_mode" targetname: "command_line__print_prompt" label: "/home/josegrivera/my-projects/zephyr_ada/apps/samples/frdm_kl25z_autonomous_car/src/car_controller.adb:412:19" }
node: { title: "serial_console__unlock" label: "Unlock\n/home/josegrivera/my-projects/zephyr_ada/apps/samples/frdm_kl25z_autonomous_car/src/building_blocks/portable/serial_console.ads:90:14" shape : ellipse }
edge: { sourcename: "car_controller__exit_garage_mode" targetname: "serial_console__unlock" label: "/home/josegrivera/my-projects/zephyr_ada/apps/samples/frdm_kl25z_autonomous_car/src/car_controller.adb:413:21" }
node: { title: "car_controller__garage_mode_update_battery_charge_level" label: "Garage_Mode_Update_Battery_Charge_Level\n/home/josegrivera/my-projects/zephyr_ada/apps/samples/frdm_kl25z_autonomous_car/src/car_controller.adb:510:4\n32 bytes (static)\n0 dynamic objects" }
node: { title: "tfc_battery_leds__set_leds" label: "Set_Leds\n/home/josegrivera/my-projects/zephyr_ada/apps/samples/frdm_kl25z_autonomous_car/src/tfc_battery_leds.ads:41:14" shape : ellipse }
edge: { sourcename: "car_controller__garage_mode_update_battery_charge_level" targetname: "tfc_battery_leds__set_leds" label: "/home/josegrivera/my-projects/zephyr_ada/apps/samples/frdm_kl25z_autonomous_car/src/car_controller.adb:516:23" }
edge: { sourcename: "car_controller__garage_mode_update_battery_charge_level" targetname: "serial_console__lock" label: "/home/josegrivera/my-projects/zephyr_ada/apps/samples/frdm_kl25z_autonomous_car/src/car_controller.adb:517:21" }
edge: { sourcename: "car_controller__garage_mode_update_battery_charge_level" targetname: "number_conversion_utils__unsigned_to_decimal_string" label: "/home/josegrivera/my-projects/zephyr_ada/apps/samples/frdm_kl25z_autonomous_car/src/car_controller.adb:518:7" }
edge: { sourcename: "car_controller__garage_mode_update_battery_charge_level" targetname: "__gnat_last_chance_handler" label: "/home/josegrivera/my-projects/zephyr_ada/apps/samples/frdm_kl25z_autonomous_car/src/car_controller.adb:520:10" }
edge: { sourcename: "car_controller__garage_mode_update_battery_charge_level" targetname: "__gnat_last_chance_handler" label: "/home/josegrivera/my-projects/zephyr_ada/apps/samples/frdm_kl25z_autonomous_car/src/car_controller.adb:521:33" }
edge: { sourcename: "car_controller__garage_mode_update_battery_charge_level" targetname: "__gnat_last_chance_handler" label: "/home/josegrivera/my-projects/zephyr_ada/apps/samples/frdm_kl25z_autonomous_car/src/car_controller.adb:521:37" }
node: { title: "memset" label: "builtin_memset\n<built-in>" shape : ellipse }
edge: { sourcename: "car_controller__garage_mode_update_battery_charge_level" targetname: "memset" label: "/home/josegrivera/my-projects/zephyr_ada/apps/samples/frdm_kl25z_autonomous_car/src/car_controller.adb:521:60" }
node: { title: "serial_console__print_pos_string" label: "Print_Pos_String\n/home/josegrivera/my-projects/zephyr_ada/apps/samples/frdm_kl25z_autonomous_car/src/building_blocks/portable/serial_console.ads:102:14" shape : ellipse }
edge: { sourcename: "car_controller__garage_mode_update_battery_charge_level" targetname: "serial_console__print_pos_string" label: "/home/josegrivera/my-projects/zephyr_ada/apps/samples/frdm_kl25z_autonomous_car/src/car_controller.adb:524:21" }
edge: { sourcename: "car_controller__garage_mode_update_battery_charge_level" targetname: "serial_console__unlock" label: "/home/josegrivera/my-projects/zephyr_ada/apps/samples/frdm_kl25z_autonomous_car/src/car_controller.adb:525:21" }
node: { title: "car_controller__garage_mode_update_steering_servo" label: "Garage_Mode_Update_Steering_Servo\n/home/josegrivera/my-projects/zephyr_ada/apps/samples/frdm_kl25z_autonomous_car/src/car_controller.adb:532:4\n32 bytes (static)\n0 dynamic objects" }
edge: { sourcename: "car_controller__garage_mode_update_steering_servo" targetname: "system__assertions__raise_assert_failure" label: "/home/josegrivera/my-projects/zephyr_ada/apps/samples/frdm_kl25z_autonomous_car/src/car_controller.adb:538:22" }
edge: { sourcename: "car_controller__garage_mode_update_steering_servo" targetname: "car_controller__calculate_steering_servo_pwm_duty_cycle_us_from_trimpot" label: "/home/josegrivera/my-projects/zephyr_ada/apps/samples/frdm_kl25z_autonomous_car/src/car_controller.adb:544:13" }
edge: { sourcename: "car_controller__garage_mode_update_steering_servo" targetname: "__gnat_last_chance_handler" label: "/home/josegrivera/my-projects/zephyr_ada/apps/samples/frdm_kl25z_autonomous_car/src/car_controller.adb:544:13" }
node: { title: "tfc_steering_servo__set_pwm_duty_cycle" label: "Set_Pwm_Duty_Cycle\n/home/josegrivera/my-projects/zephyr_ada/apps/samples/frdm_kl25z_autonomous_car/src/tfc_steering_servo.ads:69:14" shape : ellipse }
edge: { sourcename: "car_controller__garage_mode_update_steering_servo" targetname: "tfc_steering_servo__set_pwm_duty_cycle" label: "/home/josegrivera/my-projects/zephyr_ada/apps/samples/frdm_kl25z_autonomous_car/src/car_controller.adb:548:25" }
edge: { sourcename: "car_controller__garage_mode_update_steering_servo" targetname: "serial_console__lock" label: "/home/josegrivera/my-projects/zephyr_ada/apps/samples/frdm_kl25z_autonomous_car/src/car_controller.adb:550:21" }
edge: { sourcename: "car_controller__garage_mode_update_steering_servo" targetname: "number_conversion_utils__unsigned_to_decimal_string" label: "/home/josegrivera/my-projects/zephyr_ada/apps/samples/frdm_kl25z_autonomous_car/src/car_controller.adb:551:7" }
edge: { sourcename: "car_controller__garage_mode_update_steering_servo" targetname: "__gnat_last_chance_handler" label: "/home/josegrivera/my-projects/zephyr_ada/apps/samples/frdm_kl25z_autonomous_car/src/car_controller.adb:553:10" }
edge: { sourcename: "car_controller__garage_mode_update_steering_servo" targetname: "__gnat_last_chance_handler" label: "/home/josegrivera/my-projects/zephyr_ada/apps/samples/frdm_kl25z_autonomous_car/src/car_controller.adb:554:33" }
edge: { sourcename: "car_controller__garage_mode_update_steering_servo" targetname: "__gnat_last_chance_handler" label: "/home/josegrivera/my-projects/zephyr_ada/apps/samples/frdm_kl25z_autonomous_car/src/car_controller.adb:554:37" }
edge: { sourcename: "car_controller__garage_mode_update_steering_servo" targetname: "memset" label: "/home/josegrivera/my-projects/zephyr_ada/apps/samples/frdm_kl25z_autonomous_car/src/car_controller.adb:554:46" }
edge: { sourcename: "car_controller__garage_mode_update_steering_servo" targetname: "serial_console__print_pos_string" label: "/home/josegrivera/my-projects/zephyr_ada/apps/samples/frdm_kl25z_autonomous_car/src/car_controller.adb:557:21" }
edge: { sourcename: "car_controller__garage_mode_update_steering_servo" targetname: "__gnat_last_chance_handler" label: "/home/josegrivera/my-projects/zephyr_ada/apps/samples/frdm_kl25z_autonomous_car/src/car_controller.adb:559:48" }
edge: { sourcename: "car_controller__garage_mode_update_steering_servo" targetname: "number_conversion_utils__unsigned_to_decimal_string" label: "/home/josegrivera/my-projects/zephyr_ada/apps/samples/frdm_kl25z_autonomous_car/src/car_controller.adb:559:7" }
edge: { sourcename: "car_controller__garage_mode_update_steering_servo" targetname: "__gnat_last_chance_handler" label: "/home/josegrivera/my-projects/zephyr_ada/apps/samples/frdm_kl25z_autonomous_car/src/car_controller.adb:561:10" }
edge: { sourcename: "car_controller__garage_mode_update_steering_servo" targetname: "__gnat_last_chance_handler" label: "/home/josegrivera/my-projects/zephyr_ada/apps/samples/frdm_kl25z_autonomous_car/src/car_controller.adb:562:33" }
edge: { sourcename: "car_controller__garage_mode_update_steering_servo" targetname: "__gnat_last_chance_handler" label: "/home/josegrivera/my-projects/zephyr_ada/apps/samples/frdm_kl25z_autonomous_car/src/car_controller.adb:562:37" }
edge: { sourcename: "car_controller__garage_mode_update_steering_servo" targetname: "memset" label: "/home/josegrivera/my-projects/zephyr_ada/apps/samples/frdm_kl25z_autonomous_car/src/car_controller.adb:562:60" }
edge: { sourcename: "car_controller__garage_mode_update_steering_servo" targetname: "serial_console__print_pos_string" label: "/home/josegrivera/my-projects/zephyr_ada/apps/samples/frdm_kl25z_autonomous_car/src/car_controller.adb:565:21" }
edge: { sourcename: "car_controller__garage_mode_update_steering_servo" targetname: "serial_console__unlock" label: "/home/josegrivera/my-projects/zephyr_ada/apps/samples/frdm_kl25z_autonomous_car/src/car_controller.adb:566:21" }
node: { title: "car_controller__garage_mode_update_wheel_motors" label: "Garage_Mode_Update_Wheel_Motors\n/home/josegrivera/my-projects/zephyr_ada/apps/samples/frdm_kl25z_autonomous_car/src/car_controller.adb:573:4\n40 bytes (static)\n0 dynamic objects" }
edge: { sourcename: "car_controller__garage_mode_update_wheel_motors" targetname: "car_controller__calculate_wheel_motor_pwm_duty_cycle_us_from_trimpot" label: "/home/josegrivera/my-projects/zephyr_ada/apps/samples/frdm_kl25z_autonomous_car/src/car_controller.adb:584:10" }
edge: { sourcename: "car_controller__garage_mode_update_wheel_motors" targetname: "__gnat_last_chance_handler" label: "/home/josegrivera/my-projects/zephyr_ada/apps/samples/frdm_kl25z_autonomous_car/src/car_controller.adb:584:10" }
node: { title: "tfc_wheel_motors__set_pwm_duty_cycles" label: "Set_Pwm_Duty_Cycles\n/home/josegrivera/my-projects/zephyr_ada/apps/samples/frdm_kl25z_autonomous_car/src/tfc_wheel_motors.ads:80:14" shape : ellipse }
edge: { sourcename: "car_controller__garage_mode_update_wheel_motors" targetname: "tfc_wheel_motors__set_pwm_duty_cycles" label: "/home/josegrivera/my-projects/zephyr_ada/apps/samples/frdm_kl25z_autonomous_car/src/car_controller.adb:587:23" }
edge: { sourcename: "car_controller__garage_mode_update_wheel_motors" targetname: "serial_console__lock" label: "/home/josegrivera/my-projects/zephyr_ada/apps/samples/frdm_kl25z_autonomous_car/src/car_controller.adb:590:21" }
edge: { sourcename: "car_controller__garage_mode_update_wheel_motors" targetname: "number_conversion_utils__unsigned_to_decimal_string" label: "/home/josegrivera/my-projects/zephyr_ada/apps/samples/frdm_kl25z_autonomous_car/src/car_controller.adb:591:7" }
edge: { sourcename: "car_controller__garage_mode_update_wheel_motors" targetname: "__gnat_last_chance_handler" label: "/home/josegrivera/my-projects/zephyr_ada/apps/samples/frdm_kl25z_autonomous_car/src/car_controller.adb:593:10" }
edge: { sourcename: "car_controller__garage_mode_update_wheel_motors" targetname: "__gnat_last_chance_handler" label: "/home/josegrivera/my-projects/zephyr_ada/apps/samples/frdm_kl25z_autonomous_car/src/car_controller.adb:594:33" }
edge: { sourcename: "car_controller__garage_mode_update_wheel_motors" targetname: "__gnat_last_chance_handler" label: "/home/josegrivera/my-projects/zephyr_ada/apps/samples/frdm_kl25z_autonomous_car/src/car_controller.adb:594:37" }
edge: { sourcename: "car_controller__garage_mode_update_wheel_motors" targetname: "memset" label: "/home/josegrivera/my-projects/zephyr_ada/apps/samples/frdm_kl25z_autonomous_car/src/car_controller.adb:594:46" }
edge: { sourcename: "car_controller__garage_mode_update_wheel_motors" targetname: "serial_console__print_pos_string" label: "/home/josegrivera/my-projects/zephyr_ada/apps/samples/frdm_kl25z_autonomous_car/src/car_controller.adb:597:21" }
edge: { sourcename: "car_controller__garage_mode_update_wheel_motors" targetname: "number_conversion_utils__unsigned_to_decimal_string" label: "/home/josegrivera/my-projects/zephyr_ada/apps/samples/frdm_kl25z_autonomous_car/src/car_controller.adb:599:7" }
edge: { sourcename: "car_controller__garage_mode_update_wheel_motors" targetname: "__gnat_last_chance_handler" label: "/home/josegrivera/my-projects/zephyr_ada/apps/samples/frdm_kl25z_autonomous_car/src/car_controller.adb:601:10" }
edge: { sourcename: "car_controller__garage_mode_update_wheel_motors" targetname: "__gnat_last_chance_handler" label: "/home/josegrivera/my-projects/zephyr_ada/apps/samples/frdm_kl25z_autonomous_car/src/car_controller.adb:602:33" }
edge: { sourcename: "car_controller__garage_mode_update_wheel_motors" targetname: "__gnat_last_chance_handler" label: "/home/josegrivera/my-projects/zephyr_ada/apps/samples/frdm_kl25z_autonomous_car/src/car_controller.adb:602:37" }
edge: { sourcename: "car_controller__garage_mode_update_wheel_motors" targetname: "memset" label: "/home/josegrivera/my-projects/zephyr_ada/apps/samples/frdm_kl25z_autonomous_car/src/car_controller.adb:602:60" }
edge: { sourcename: "car_controller__garage_mode_update_wheel_motors" targetname: "serial_console__print_pos_string" label: "/home/josegrivera/my-projects/zephyr_ada/apps/samples/frdm_kl25z_autonomous_car/src/car_controller.adb:605:21" }
edge: { sourcename: "car_controller__garage_mode_update_wheel_motors" targetname: "serial_console__unlock" label: "/home/josegrivera/my-projects/zephyr_ada/apps/samples/frdm_kl25z_autonomous_car/src/car_controller.adb:606:21" }
[...]
edge: { sourcename: "car_controller__state_car_controller_on_event_handler" targetname: "car_controller__set_car_state" label: "/home/josegrivera/my-projects/zephyr_ada/apps/samples/frdm_kl25z_autonomous_car/src/car_controller.adb:1162:16" }
edge: { sourcename: "car_controller__state_car_controller_on_event_handler" targetname: "car_controller__drive_car" label: "/home/josegrivera/my-projects/zephyr_ada/apps/samples/frdm_kl25z_autonomous_car/src/car_controller.adb:1169:13" }
edge: { sourcename: "car_controller__state_car_controller_on_event_handler" targetname: "__gnat_last_chance_handler" label: "/home/josegrivera/my-projects/zephyr_ada/apps/samples/frdm_kl25z_autonomous_car/src/car_controller.adb:1176:34" }
edge: { sourcename: "car_controller__state_car_controller_on_event_handler" targetname: "car_controller__calculate_wheel_motor_pwm_duty_cycle_us_from_trimpot" label: "/home/josegrivera/my-projects/zephyr_ada/apps/samples/frdm_kl25z_autonomous_car/src/car_controller.adb:1178:19" }
edge: { sourcename: "car_controller__state_car_controller_on_event_handler" targetname: "__gnat_last_chance_handler" label: "/home/josegrivera/my-projects/zephyr_ada/apps/samples/frdm_kl25z_autonomous_car/src/car_controller.adb:1178:19" }
edge: { sourcename: "car_controller__state_car_controller_on_event_handler" targetname: "car_controller__unexpected_car_event_handler" label: "/home/josegrivera/my-projects/zephyr_ada/apps/samples/frdm_kl25z_autonomous_car/src/car_controller.adb:1181:16" }
edge: { sourcename: "car_controller__state_car_controller_on_event_handler" targetname: "__gnat_last_chance_handler" label: "/home/josegrivera/my-projects/zephyr_ada/apps/samples/frdm_kl25z_autonomous_car/src/car_controller.adb:1185:34" }
edge: { sourcename: "car_controller__state_car_controller_on_event_handler" targetname: "car_controller__calculate_wheel_motor_pwm_duty_cycle_us_from_trimpot" label: "/home/josegrivera/my-projects/zephyr_ada/apps/samples/frdm_kl25z_autonomous_car/src/car_controller.adb:1188:22" }
edge: { sourcename: "car_controller__state_car_controller_on_event_handler" targetname: "__gnat_last_chance_handler" label: "/home/josegrivera/my-projects/zephyr_ada/apps/samples/frdm_kl25z_autonomous_car/src/car_controller.adb:1188:22" }
edge: { sourcename: "car_controller__state_car_controller_on_event_handler" targetname: "car_controller__unexpected_car_event_handler" label: "/home/josegrivera/my-projects/zephyr_ada/apps/samples/frdm_kl25z_autonomous_car/src/car_controller.adb:1191:16" }
edge: { sourcename: "car_controller__state_car_controller_on_event_handler" targetname: "car_controller__calculate_wheel_motor_pwm_duty_cycle_us_from_trimpot" label: "/home/josegrivera/my-projects/zephyr_ada/apps/samples/frdm_kl25z_autonomous_car/src/car_controller.adb:1203:16" }
edge: { sourcename: "car_controller__state_car_controller_on_event_handler" targetname: "__gnat_last_chance_handler" label: "/home/josegrivera/my-projects/zephyr_ada/apps/samples/frdm_kl25z_autonomous_car/src/car_controller.adb:1203:16" }
edge: { sourcename: "car_controller__state_car_controller_on_event_handler" targetname: "car_controller__calculate_wheel_motor_pwm_duty_cycle_us_from_trimpot" label: "/home/josegrivera/my-projects/zephyr_ada/apps/samples/frdm_kl25z_autonomous_car/src/car_controller.adb:1206:16" }
edge: { sourcename: "car_controller__state_car_controller_on_event_handler" targetname: "__gnat_last_chance_handler" label: "/home/josegrivera/my-projects/zephyr_ada/apps/samples/frdm_kl25z_autonomous_car/src/car_controller.adb:1206:16" }
edge: { sourcename: "car_controller__state_car_controller_on_event_handler" targetname: "__gnat_last_chance_handler" label: "/home/josegrivera/my-projects/zephyr_ada/apps/samples/frdm_kl25z_autonomous_car/src/car_controller.adb:1212:52" }
edge: { sourcename: "car_controller__state_car_controller_on_event_handler" targetname: "__gnat_last_chance_handler" label: "/home/josegrivera/my-projects/zephyr_ada/apps/samples/frdm_kl25z_autonomous_car/src/car_controller.adb:1215:52" }
edge: { sourcename: "car_controller__state_car_controller_on_event_handler" targetname: "tfc_battery_leds__set_leds" label: "/home/josegrivera/my-projects/zephyr_ada/apps/samples/frdm_kl25z_autonomous_car/src/car_controller.adb:1219:29" }
edge: { sourcename: "car_controller__state_car_controller_on_event_handler" targetname: "car_controller__unexpected_car_event_handler" label: "/home/josegrivera/my-projects/zephyr_ada/apps/samples/frdm_kl25z_autonomous_car/src/car_controller.adb:1223:13" }
node: { title: "car_controller__state_car_garage_mode_on_event_handler" label: "State_Car_Garage_Mode_On_Event_Handler\n/home/josegrivera/my-projects/zephyr_ada/apps/samples/frdm_kl25z_autonomous_car/src/car_controller.adb:1231:4\n8 bytes (static)\n0 dynamic objects" }
edge: { sourcename: "car_controller__state_car_garage_mode_on_event_handler" targetname: "__gnat_last_chance_handler" label: "/home/josegrivera/my-projects/zephyr_ada/apps/samples/frdm_kl25z_autonomous_car/src/car_controller.adb:1235:12" }
edge: { sourcename: "car_controller__state_car_garage_mode_on_event_handler" targetname: "car_controller__exit_garage_mode" label: "/home/josegrivera/my-projects/zephyr_ada/apps/samples/frdm_kl25z_autonomous_car/src/car_controller.adb:1238:13" }
edge: { sourcename: "car_controller__state_car_garage_mode_on_event_handler" targetname: "car_controller__turn_off_car_controller" label: "/home/josegrivera/my-projects/zephyr_ada/apps/samples/frdm_kl25z_autonomous_car/src/car_controller.adb:1239:13" }
edge: { sourcename: "car_controller__state_car_garage_mode_on_event_handler" targetname: "car_controller__set_car_state" label: "/home/josegrivera/my-projects/zephyr_ada/apps/samples/frdm_kl25z_autonomous_car/src/car_controller.adb:1240:13" }
edge: { sourcename: "car_controller__state_car_garage_mode_on_event_handler" targetname: "car_controller__garage_mode_process_camera_frame" label: "/home/josegrivera/my-projects/zephyr_ada/apps/samples/frdm_kl25z_autonomous_car/src/car_controller.adb:1243:13" }
edge: { sourcename: "car_controller__state_car_garage_mode_on_event_handler" targetname: "car_controller__garage_mode_update_steering_servo" label: "/home/josegrivera/my-projects/zephyr_ada/apps/samples/frdm_kl25z_autonomous_car/src/car_controller.adb:1250:13" }
edge: { sourcename: "car_controller__state_car_garage_mode_on_event_handler" targetname: "car_controller__garage_mode_update_wheel_motors" label: "/home/josegrivera/my-projects/zephyr_ada/apps/samples/frdm_kl25z_autonomous_car/src/car_controller.adb:1254:13" }
edge: { sourcename: "car_controller__state_car_garage_mode_on_event_handler" targetname: "car_controller__garage_mode_update_battery_charge_level" label: "/home/josegrivera/my-projects/zephyr_ada/apps/samples/frdm_kl25z_autonomous_car/src/car_controller.adb:1258:13" }
edge: { sourcename: "car_controller__state_car_garage_mode_on_event_handler" targetname: "__gnat_last_chance_handler" label: "/home/josegrivera/my-projects/zephyr_ada/apps/samples/frdm_kl25z_autonomous_car/src/car_controller.adb:1263:34" }
edge: { sourcename: "car_controller__state_car_garage_mode_on_event_handler" targetname: "__gnat_last_chance_handler" label: "/home/josegrivera/my-projects/zephyr_ada/apps/samples/frdm_kl25z_autonomous_car/src/car_controller.adb:1267:34" }
edge: { sourcename: "car_controller__state_car_garage_mode_on_event_handler" targetname: "car_controller__unexpected_car_event_handler" label: "/home/josegrivera/my-projects/zephyr_ada/apps/samples/frdm_kl25z_autonomous_car/src/car_controller.adb:1270:13" }
node: { title: "car_controller__state_car_off_event_handler" label: "State_Car_Off_Event_Handler\n/home/josegrivera/my-projects/zephyr_ada/apps/samples/frdm_kl25z_autonomous_car/src/car_controller.adb:1278:4\n8 bytes (static)\n0 dynamic objects" }
edge: { sourcename: "car_controller__state_car_off_event_handler" targetname: "__gnat_last_chance_handler" label: "/home/josegrivera/my-projects/zephyr_ada/apps/samples/frdm_kl25z_autonomous_car/src/car_controller.adb:1281:12" }
edge: { sourcename: "car_controller__state_car_off_event_handler" targetname: "car_controller__turn_on_car_controller" label: "/home/josegrivera/my-projects/zephyr_ada/apps/samples/frdm_kl25z_autonomous_car/src/car_controller.adb:1283:13" }
edge: { sourcename: "car_controller__state_car_off_event_handler" targetname: "car_controller__set_car_state" label: "/home/josegrivera/my-projects/zephyr_ada/apps/samples/frdm_kl25z_autonomous_car/src/car_controller.adb:1284:13" }
edge: { sourcename: "car_controller__state_car_off_event_handler" targetname: "car_controller__enter_garage_mode" label: "/home/josegrivera/my-projects/zephyr_ada/apps/samples/frdm_kl25z_autonomous_car/src/car_controller.adb:1288:13" }
edge: { sourcename: "car_controller__state_car_off_event_handler" targetname: "car_controller__set_car_state" label: "/home/josegrivera/my-projects/zephyr_ada/apps/samples/frdm_kl25z_autonomous_car/src/car_controller.adb:1289:13" }
edge: { sourcename: "car_controller__state_car_off_event_handler" targetname: "tfc_battery_leds__set_leds" label: "/home/josegrivera/my-projects/zephyr_ada/apps/samples/frdm_kl25z_autonomous_car/src/car_controller.adb:1292:29" }
edge: { sourcename: "car_controller__state_car_off_event_handler" targetname: "car_controller__unexpected_car_event_handler" label: "/home/josegrivera/my-projects/zephyr_ada/apps/samples/frdm_kl25z_autonomous_car/src/car_controller.adb:1296:13" }
node: { title: "/home/josegrivera/my-projects/zephyr_ada/apps/samples/frdm_kl25z_autonomous_car/src/car_controller.adb:car_controller__run_car_state_machine__run_car_state_transition.10" label: "Run_Car_State_Transition\n/home/josegrivera/my-projects/zephyr_ada/apps/samples/frdm_kl25z_autonomous_car/src/car_controller.adb:962:7\n16 bytes (static)\n0 dynamic objects" }
edge: { sourcename: "/home/josegrivera/my-projects/zephyr_ada/apps/samples/frdm_kl25z_autonomous_car/src/car_controller.adb:car_controller__run_car_state_machine__run_car_state_transition.10" targetname: "__gnat_last_chance_handler" label: "/home/josegrivera/my-projects/zephyr_ada/apps/samples/frdm_kl25z_autonomous_car/src/car_controller.adb:970:33" }
edge: { sourcename: "/home/josegrivera/my-projects/zephyr_ada/apps/samples/frdm_kl25z_autonomous_car/src/car_controller.adb:car_controller__run_car_state_machine__run_car_state_transition.10" targetname: "__gnat_last_chance_handler" label: "/home/josegrivera/my-projects/zephyr_ada/apps/samples/frdm_kl25z_autonomous_car/src/car_controller.adb:972:45" }
edge: { sourcename: "/home/josegrivera/my-projects/zephyr_ada/apps/samples/frdm_kl25z_autonomous_car/src/car_controller.adb:car_controller__run_car_state_machine__run_car_state_transition.10" targetname: "car_controller__state_car_off_event_handler" label: "/home/josegrivera/my-projects/zephyr_ada/apps/samples/frdm_kl25z_autonomous_car/src/car_controller.adb:972:16" }
edge: { sourcename: "/home/josegrivera/my-projects/zephyr_ada/apps/samples/frdm_kl25z_autonomous_car/src/car_controller.adb:car_controller__run_car_state_machine__run_car_state_transition.10" targetname: "__gnat_last_chance_handler" label: "/home/josegrivera/my-projects/zephyr_ada/apps/samples/frdm_kl25z_autonomous_car/src/car_controller.adb:974:55" }
edge: { sourcename: "/home/josegrivera/my-projects/zephyr_ada/apps/samples/frdm_kl25z_autonomous_car/src/car_controller.adb:car_controller__run_car_state_machine__run_car_state_transition.10" targetname: "car_controller__state_car_controller_on_event_handler" label: "/home/josegrivera/my-projects/zephyr_ada/apps/samples/frdm_kl25z_autonomous_car/src/car_controller.adb:974:16" }
edge: { sourcename: "/home/josegrivera/my-projects/zephyr_ada/apps/samples/frdm_kl25z_autonomous_car/src/car_controller.adb:car_controller__run_car_state_machine__run_car_state_transition.10" targetname: "__gnat_last_chance_handler" label: "/home/josegrivera/my-projects/zephyr_ada/apps/samples/frdm_kl25z_autonomous_car/src/car_controller.adb:976:56" }
edge: { sourcename: "/home/josegrivera/my-projects/zephyr_ada/apps/samples/frdm_kl25z_autonomous_car/src/car_controller.adb:car_controller__run_car_state_machine__run_car_state_transition.10" targetname: "car_controller__state_car_garage_mode_on_event_handler" label: "/home/josegrivera/my-projects/zephyr_ada/apps/samples/frdm_kl25z_autonomous_car/src/car_controller.adb:976:16" }
edge: { sourcename: "/home/josegrivera/my-projects/zephyr_ada/apps/samples/frdm_kl25z_autonomous_car/src/car_controller.adb:car_controller__run_car_state_machine__run_car_state_transition.10" targetname: "system__assertions__raise_assert_failure" label: "/home/josegrivera/my-projects/zephyr_ada/apps/samples/frdm_kl25z_autonomous_car/src/car_controller.adb:978:31" }
node: { title: "car_controller__run_car_state_machine" label: "Run_Car_State_Machine\n/home/josegrivera/my-projects/zephyr_ada/apps/samples/frdm_kl25z_autonomous_car/src/car_controller.adb:954:4\n16 bytes (static)\n0 dynamic objects" }
edge: { sourcename: "car_controller__run_car_state_machine" targetname: "__gnat_last_chance_handler" label: "/home/josegrivera/my-projects/zephyr_ada/apps/samples/frdm_kl25z_autonomous_car/src/car_controller.adb:984:31" }
edge: { sourcename: "car_controller__run_car_state_machine" targetname: "/home/josegrivera/my-projects/zephyr_ada/apps/samples/frdm_kl25z_autonomous_car/src/car_controller.adb:car_controller__run_car_state_machine__run_car_state_transition.10" label: "/home/josegrivera/my-projects/zephyr_ada/apps/samples/frdm_kl25z_autonomous_car/src/car_controller.adb:985:13" }
edge: { sourcename: "car_controller__run_car_state_machine" targetname: "car_controller__clear_car_event" label: "/home/josegrivera/my-projects/zephyr_ada/apps/samples/frdm_kl25z_autonomous_car/src/car_controller.adb:986:13" }
node: { title: "car_controller__car_controller_task_typeTB" label: "Car_Controller_Task_Typet\n/home/josegrivera/my-projects/zephyr_ada/apps/samples/frdm_kl25z_autonomous_car/src/car_controller.adb:1419:4\n32 bytes (static)\n0 dynamic objects" }
edge: { sourcename: "car_controller__car_controller_task_typeTB" targetname: "__gnat_last_chance_handler" label: "/home/josegrivera/my-projects/zephyr_ada/apps/samples/frdm_kl25z_autonomous_car/src/car_controller.adb:1419:4" }
edge: { sourcename: "car_controller__car_controller_task_typeTB" targetname: "ada__real_time__milliseconds" label: "/home/josegrivera/my-projects/zephyr_ada/apps/samples/frdm_kl25z_autonomous_car/src/car_controller.adb:1421:63" }
node: { title: "system__tasking__restricted__stages__complete_restricted_activation" label: "Complete_Restricted_Activation\n/home/josegrivera/my-projects/zephyr_ada/apps/zephyr_ada_rts/src/gnarl/s-tarest.ads:105:14" shape : ellipse }
edge: { sourcename: "car_controller__car_controller_task_typeTB" targetname: "system__tasking__restricted__stages__complete_restricted_activation" label: "/home/josegrivera/my-projects/zephyr_ada/apps/samples/frdm_kl25z_autonomous_car/src/car_controller.adb:1419:4" }
node: { title: "ada__synchronous_task_control__suspend_until_true" label: "Suspend_Until_True\n/home/josegrivera/my-projects/zephyr_ada/apps/zephyr_ada_rts/src/gnarl/a-sytaco.ads:54:14" shape : ellipse }
edge: { sourcename: "car_controller__car_controller_task_typeTB" targetname: "ada__synchronous_task_control__suspend_until_true" label: "/home/josegrivera/my-projects/zephyr_ada/apps/samples/frdm_kl25z_autonomous_car/src/car_controller.adb:1423:7" }
edge: { sourcename: "car_controller__car_controller_task_typeTB" targetname: "ada__real_time__clock" label: "/home/josegrivera/my-projects/zephyr_ada/apps/samples/frdm_kl25z_autonomous_car/src/car_controller.adb:1426:34" }
edge: { sourcename: "car_controller__car_controller_task_typeTB" targetname: "ada__real_time__Oadd" label: "/home/josegrivera/my-projects/zephyr_ada/apps/samples/frdm_kl25z_autonomous_car/src/car_controller.adb:1426:34" }
edge: { sourcename: "car_controller__car_controller_task_typeTB" targetname: "__gnat_last_chance_handler" label: "/home/josegrivera/my-projects/zephyr_ada/apps/samples/frdm_kl25z_autonomous_car/src/car_controller.adb:1429:31" }
edge: { sourcename: "car_controller__car_controller_task_typeTB" targetname: "tfc_line_scan_camera__get_next_frame" label: "/home/josegrivera/my-projects/zephyr_ada/apps/samples/frdm_kl25z_autonomous_car/src/car_controller.adb:1430:33" }
edge: { sourcename: "car_controller__car_controller_task_typeTB" targetname: "car_controller__set_car_event" label: "/home/josegrivera/my-projects/zephyr_ada/apps/samples/frdm_kl25z_autonomous_car/src/car_controller.adb:1436:13" }
edge: { sourcename: "car_controller__car_controller_task_typeTB" targetname: "car_controller__poll_other_analog_inputs" label: "/home/josegrivera/my-projects/zephyr_ada/apps/samples/frdm_kl25z_autonomous_car/src/car_controller.adb:1441:13" }
edge: { sourcename: "car_controller__car_controller_task_typeTB" targetname: "ada__real_time__clock" label: "/home/josegrivera/my-projects/zephyr_ada/apps/samples/frdm_kl25z_autonomous_car/src/car_controller.adb:1446:36" }
edge: { sourcename: "car_controller__car_controller_task_typeTB" targetname: "ada__real_time__delays__delay_until" label: "/home/josegrivera/my-projects/zephyr_ada/apps/samples/frdm_kl25z_autonomous_car/src/car_controller.adb:1447:16" }
edge: { sourcename: "car_controller__car_controller_task_typeTB" targetname: "ada__real_time__Oadd" label: "/home/josegrivera/my-projects/zephyr_ada/apps/samples/frdm_kl25z_autonomous_car/src/car_controller.adb:1448:39" }
edge: { sourcename: "car_controller__car_controller_task_typeTB" targetname: "ada__real_time__clock" label: "/home/josegrivera/my-projects/zephyr_ada/apps/samples/frdm_kl25z_autonomous_car/src/car_controller.adb:1450:43" }
edge: { sourcename: "car_controller__car_controller_task_typeTB" targetname: "ada__real_time__Oadd" label: "/home/josegrivera/my-projects/zephyr_ada/apps/samples/frdm_kl25z_autonomous_car/src/car_controller.adb:1450:43" }
edge: { sourcename: "car_controller__car_controller_task_typeTB" targetname: "car_controller__poll_buttons" label: "/home/josegrivera/my-projects/zephyr_ada/apps/samples/frdm_kl25z_autonomous_car/src/car_controller.adb:1454:10" }
edge: { sourcename: "car_controller__car_controller_task_typeTB" targetname: "car_controller__poll_dip_switches" label: "/home/josegrivera/my-projects/zephyr_ada/apps/samples/frdm_kl25z_autonomous_car/src/car_controller.adb:1455:10" }
edge: { sourcename: "car_controller__car_controller_task_typeTB" targetname: "car_controller__run_car_state_machine" label: "/home/josegrivera/my-projects/zephyr_ada/apps/samples/frdm_kl25z_autonomous_car/src/car_controller.adb:1456:10" }
node: { title: "car_controller___elabb" label: "Car_Controller\n/home/josegrivera/my-projects/zephyr_ada/apps/samples/frdm_kl25z_autonomous_car/src/car_controller.adb:40:1\n8 bytes (static)\n0 dynamic objects" }
node: { title: "system__tasking__restricted__stages__activate_restricted_tasks" label: "Activate_Restricted_Tasks\n/home/josegrivera/my-projects/zephyr_ada/apps/zephyr_ada_rts/src/gnarl/s-tarest.ads:92:14" shape : ellipse }
edge: { sourcename: "car_controller___elabb" targetname: "system__tasking__restricted__stages__activate_restricted_tasks" label: "/home/josegrivera/my-projects/zephyr_ada/apps/samples/frdm_kl25z_autonomous_car/src/car_controller.adb:1462:1" }
node: { title: "car_controller___elabs" label: "Car_Controller\n/home/josegrivera/my-projects/zephyr_ada/apps/samples/frdm_kl25z_autonomous_car/src/car_controller.ads:40:1\n24 bytes (static)\n0 dynamic objects" }
edge: { sourcename: "car_controller___elabs" targetname: "car_controller__car_controller_typeIP" label: "/home/josegrivera/my-projects/zephyr_ada/apps/samples/frdm_kl25z_autonomous_car/src/car_controller.ads:375:4" }
}
