/home/josegrivera/my-projects/zephyr_ada/apps/samples/frdm_kl25z_autonomous_car/src/car_controller-analyze_camera_frame.adb:117:4:Find_Track_Left_Edge	40	static
/home/josegrivera/my-projects/zephyr_ada/apps/samples/frdm_kl25z_autonomous_car/src/car_controller-analyze_camera_frame.adb:163:4:Find_Track_Right_Edge	40	static
/home/josegrivera/my-projects/zephyr_ada/apps/samples/frdm_kl25z_autonomous_car/src/car_controller-drive_car.adb:49:4:Calculate_New_Steering_Servo_Duty_Cycle	8	static
/home/josegrivera/my-projects/zephyr_ada/apps/samples/frdm_kl25z_autonomous_car/src/car_controller-drive_car.adb:70:4:Calculate_New_Wheel_Motor_Duty_Cycle	8	static
<built-in>:F267s	56	dynamic
<built-in>:car_controller_typeIP	8	static
/home/josegrivera/my-projects/zephyr_ada/apps/samples/frdm_kl25z_autonomous_car/src/car_controller-analyze_camera_frame.adb:209:4:Moving_Average_Filter	72	static
/home/josegrivera/my-projects/zephyr_ada/apps/samples/frdm_kl25z_autonomous_car/src/car_controller-analyze_camera_frame.adb:68:4:Compute_Frame_Derivative	64	static
/home/josegrivera/my-projects/zephyr_ada/apps/samples/frdm_kl25z_autonomous_car/src/car_controller-analyze_camera_frame.adb:101:4:Compute_Frame_Fragment_Integral	24	static
<built-in>:car_state_typeH	32	static
<built-in>:car_event_typeH	48	static
<built-in>:car_steering_state_typeH	48	static
<built-in>:Tpending_car_events_typeBIP	8	static
<built-in>:camera_frame_derivative_typeIP	8	static
<built-in>:driving_log_entry_typeIP	8	static
<built-in>:Tdriving_log_buffer_typeBIP	8	static
<built-in>:driving_log_typeIP	8	static
<built-in>:track_edge_detection_stats_typeIP	8	static
<built-in>:car_driving_stats_typeIP	8	static
<built-in>:car_controller_task_typeVIP	64	static
<built-in>:car_controller_typeIP	72	static
/home/josegrivera/my-projects/zephyr_ada/apps/samples/frdm_kl25z_autonomous_car/src/car_controller.ads:379:4:Initialized	8	static
/home/josegrivera/my-projects/zephyr_ada/apps/samples/frdm_kl25z_autonomous_car/src/car_controller.ads:381:4:Get_Car_State	8	static
/home/josegrivera/my-projects/zephyr_ada/apps/samples/frdm_kl25z_autonomous_car/src/car_controller.ads:384:4:Get_Car_States_History	8	static
/home/josegrivera/my-projects/zephyr_ada/apps/samples/frdm_kl25z_autonomous_car/src/car_controller.ads:387:4:Get_Received_Car_Events_History	8	static
/home/josegrivera/my-projects/zephyr_ada/apps/samples/frdm_kl25z_autonomous_car/src/car_controller.ads:390:4:Get_Ignored_Car_Events_History	8	static
/home/josegrivera/my-projects/zephyr_ada/apps/samples/frdm_kl25z_autonomous_car/src/car_controller.ads:393:4:Get_Steering_States_History	8	static
/home/josegrivera/my-projects/zephyr_ada/apps/samples/frdm_kl25z_autonomous_car/src/car_controller.ads:396:4:Get_Dip_Switches	8	static
/home/josegrivera/my-projects/zephyr_ada/apps/samples/frdm_kl25z_autonomous_car/src/car_controller-analyze_camera_frame.adb:29:1:Analyze_Camera_Frame	64	static
/home/josegrivera/my-projects/zephyr_ada/apps/samples/frdm_kl25z_autonomous_car/src/car_controller.adb:163:4:Calculate_Steering_Servo_Pwm_Duty_Cycle_Us_From_Trimpot	8	static
/home/josegrivera/my-projects/zephyr_ada/apps/samples/frdm_kl25z_autonomous_car/src/car_controller.adb:189:4:Calculate_Wheel_Motor_Pwm_Duty_Cycle_Us_From_Trimpot	16	static
/home/josegrivera/my-projects/zephyr_ada/apps/samples/frdm_kl25z_autonomous_car/src/car_controller.adb:215:4:Capture_Driving_Log_Entry	32	static
/home/josegrivera/my-projects/zephyr_ada/apps/samples/frdm_kl25z_autonomous_car/src/car_controller.adb:302:4:Clear_Car_Event	16	static
/home/josegrivera/my-projects/zephyr_ada/apps/samples/frdm_kl25z_autonomous_car/src/car_controller.adb:322:4:Dump_Driving_Log	128	dynamic
/home/josegrivera/my-projects/zephyr_ada/apps/samples/frdm_kl25z_autonomous_car/src/car_controller.adb:404:4:Exit_Garage_Mode	8	static
/home/josegrivera/my-projects/zephyr_ada/apps/samples/frdm_kl25z_autonomous_car/src/car_controller.adb:510:4:Garage_Mode_Update_Battery_Charge_Level	32	static
/home/josegrivera/my-projects/zephyr_ada/apps/samples/frdm_kl25z_autonomous_car/src/car_controller.adb:532:4:Garage_Mode_Update_Steering_Servo	32	static
/home/josegrivera/my-projects/zephyr_ada/apps/samples/frdm_kl25z_autonomous_car/src/car_controller.adb:573:4:Garage_Mode_Update_Wheel_Motors	40	static
/home/josegrivera/my-projects/zephyr_ada/apps/samples/frdm_kl25z_autonomous_car/src/car_controller.adb:613:4:Get_Car_Driving_Stats	8	static
/home/josegrivera/my-projects/zephyr_ada/apps/samples/frdm_kl25z_autonomous_car/src/car_controller.adb:624:4:Get_Configuration_Paramters	12	static
/home/josegrivera/my-projects/zephyr_ada/apps/samples/frdm_kl25z_autonomous_car/src/car_controller.adb:635:4:Get_Track_Edge_Detection_Stats	8	static
/home/josegrivera/my-projects/zephyr_ada/apps/samples/frdm_kl25z_autonomous_car/src/car_controller.adb:674:4:Initialize_Car_Driving_Stats	8	static
/home/josegrivera/my-projects/zephyr_ada/apps/samples/frdm_kl25z_autonomous_car/src/car_controller.adb:689:4:Initialize_Car_Stats_Display	32	static
/home/josegrivera/my-projects/zephyr_ada/apps/samples/frdm_kl25z_autonomous_car/src/car_controller.adb:744:4:Initialize_Driving_Log	8	static
/home/josegrivera/my-projects/zephyr_ada/apps/samples/frdm_kl25z_autonomous_car/src/car_controller.adb:756:4:Initialize_Track_Edge_Detection_Stats	8	static
/home/josegrivera/my-projects/zephyr_ada/apps/samples/frdm_kl25z_autonomous_car/src/car_controller.adb:380:4:Enter_Garage_Mode	8	static
/home/josegrivera/my-projects/zephyr_ada/apps/samples/frdm_kl25z_autonomous_car/src/car_controller.adb:768:4:Plot_Frame_Graph	96	static
/home/josegrivera/my-projects/zephyr_ada/apps/samples/frdm_kl25z_autonomous_car/src/car_controller.adb:423:4:Garage_Mode_Process_Camera_Frame	48	static
/home/josegrivera/my-projects/zephyr_ada/apps/samples/frdm_kl25z_autonomous_car/src/car_controller.adb:995:4:Save_Config_Parameters	8	static
/home/josegrivera/my-projects/zephyr_ada/apps/samples/frdm_kl25z_autonomous_car/src/car_controller.adb:1003:4:Set_Car_Event	16	static
/home/josegrivera/my-projects/zephyr_ada/apps/samples/frdm_kl25z_autonomous_car/src/car_controller.adb:844:4:Poll_Buttons	8	static
/home/josegrivera/my-projects/zephyr_ada/apps/samples/frdm_kl25z_autonomous_car/src/car_controller.adb:860:4:Poll_Dip_Switches	16	static
/home/josegrivera/my-projects/zephyr_ada/apps/samples/frdm_kl25z_autonomous_car/src/car_controller.adb:921:4:Poll_Other_Analog_Inputs	16	static
/home/josegrivera/my-projects/zephyr_ada/apps/samples/frdm_kl25z_autonomous_car/src/car_controller.adb:1016:4:Set_Car_State	8	static
/home/josegrivera/my-projects/zephyr_ada/apps/samples/frdm_kl25z_autonomous_car/src/car_controller.adb:647:4:Initialize	16	static
/home/josegrivera/my-projects/zephyr_ada/apps/samples/frdm_kl25z_autonomous_car/src/car_controller.adb:1029:4:Set_Car_Straight_Wheel_Motor_Duty_Cycle	16	static
/home/josegrivera/my-projects/zephyr_ada/apps/samples/frdm_kl25z_autonomous_car/src/car_controller.adb:1041:4:Set_Car_Turning_Wheel_Motor_Duty_Cycle	16	static
/home/josegrivera/my-projects/zephyr_ada/apps/samples/frdm_kl25z_autonomous_car/src/car_controller.adb:1053:4:Set_Steering_Servo_Derivative_Gain	16	static
/home/josegrivera/my-projects/zephyr_ada/apps/samples/frdm_kl25z_autonomous_car/src/car_controller.adb:1065:4:Set_Steering_Servo_Integral_Gain	16	static
/home/josegrivera/my-projects/zephyr_ada/apps/samples/frdm_kl25z_autonomous_car/src/car_controller.adb:1077:4:Set_Steering_Servo_Proportional_Gain	16	static
/home/josegrivera/my-projects/zephyr_ada/apps/samples/frdm_kl25z_autonomous_car/src/car_controller.adb:1089:4:Set_Steering_State	8	static
/home/josegrivera/my-projects/zephyr_ada/apps/samples/frdm_kl25z_autonomous_car/src/car_controller-drive_car.adb:31:1:Drive_Car	56	static
/home/josegrivera/my-projects/zephyr_ada/apps/samples/frdm_kl25z_autonomous_car/src/car_controller.adb:1112:4:Set_Wheel_Differential_Derivative_Gain	16	static
/home/josegrivera/my-projects/zephyr_ada/apps/samples/frdm_kl25z_autonomous_car/src/car_controller.adb:1124:4:Set_Wheel_Differential_Integral_Gain	16	static
/home/josegrivera/my-projects/zephyr_ada/apps/samples/frdm_kl25z_autonomous_car/src/car_controller.adb:1136:4:Set_Wheel_Differential_Proportional_Gain	16	static
/home/josegrivera/my-projects/zephyr_ada/apps/samples/frdm_kl25z_autonomous_car/src/car_controller.adb:1304:4:Turn_Off_Car_Controller	24	static
/home/josegrivera/my-projects/zephyr_ada/apps/samples/frdm_kl25z_autonomous_car/src/car_controller.adb:1326:4:Turn_On_Car_Controller	24	static
/home/josegrivera/my-projects/zephyr_ada/apps/samples/frdm_kl25z_autonomous_car/src/car_controller.adb:1406:4:Unexpected_Car_Event_Handler	8	static
/home/josegrivera/my-projects/zephyr_ada/apps/samples/frdm_kl25z_autonomous_car/src/car_controller.adb:1148:4:State_Car_Controller_On_Event_Handler	8	static
/home/josegrivera/my-projects/zephyr_ada/apps/samples/frdm_kl25z_autonomous_car/src/car_controller.adb:1231:4:State_Car_Garage_Mode_On_Event_Handler	8	static
/home/josegrivera/my-projects/zephyr_ada/apps/samples/frdm_kl25z_autonomous_car/src/car_controller.adb:1278:4:State_Car_Off_Event_Handler	8	static
/home/josegrivera/my-projects/zephyr_ada/apps/samples/frdm_kl25z_autonomous_car/src/car_controller.adb:962:7:Run_Car_State_Transition	16	static
/home/josegrivera/my-projects/zephyr_ada/apps/samples/frdm_kl25z_autonomous_car/src/car_controller.adb:954:4:Run_Car_State_Machine	16	static
/home/josegrivera/my-projects/zephyr_ada/apps/samples/frdm_kl25z_autonomous_car/src/car_controller.adb:1419:4:Car_Controller_Task_Typet	32	static
/home/josegrivera/my-projects/zephyr_ada/apps/samples/frdm_kl25z_autonomous_car/src/car_controller.adb:40:1:Car_Controller	8	static
/home/josegrivera/my-projects/zephyr_ada/apps/samples/frdm_kl25z_autonomous_car/src/car_controller.ads:40:1:Car_Controller	24	static
