<built-in>:F72s	56	dynamic
<built-in>:rgb_led_typeIP	8	static
/home/josegrivera/my-projects/zephyr_ada/apps/samples/frdm_kl25z_autonomous_car/src/building_blocks/portable/color_led.adb:69:4:Do_Set_Color	16	static
<built-in>:led_color_typeH	48	static
<built-in>:led_blinker_task_typeVIP	64	static
<built-in>:rgb_led_typeIP	72	static
<built-in>:rgb_led_pins_typeIP	8	static
<built-in>:rgb_color_typeIP	16	static
/home/josegrivera/my-projects/zephyr_ada/apps/samples/frdm_kl25z_autonomous_car/src/building_blocks/portable/color_led.adb:94:4:Initialized	8	static
/home/josegrivera/my-projects/zephyr_ada/apps/samples/frdm_kl25z_autonomous_car/src/building_blocks/portable/color_led.adb:100:4:Initialize	16	static
/home/josegrivera/my-projects/zephyr_ada/apps/samples/frdm_kl25z_autonomous_car/src/building_blocks/portable/color_led.adb:141:4:Set_Color	16	static
/home/josegrivera/my-projects/zephyr_ada/apps/samples/frdm_kl25z_autonomous_car/src/building_blocks/portable/color_led.adb:153:4:Toggle_Color	16	static
/home/josegrivera/my-projects/zephyr_ada/apps/samples/frdm_kl25z_autonomous_car/src/building_blocks/portable/color_led.adb:204:4:Led_Blinker_Task_Typet	32	static
/home/josegrivera/my-projects/zephyr_ada/apps/samples/frdm_kl25z_autonomous_car/src/building_blocks/portable/color_led.adb:181:4:Turn_Off_Blinker	8	static
/home/josegrivera/my-projects/zephyr_ada/apps/samples/frdm_kl25z_autonomous_car/src/building_blocks/portable/color_led.adb:192:4:Turn_On_Blinker	16	static
/home/josegrivera/my-projects/zephyr_ada/apps/samples/frdm_kl25z_autonomous_car/src/building_blocks/portable/color_led.adb:31:1:Color_Led	40	static
