graph: { title: "/home/josegrivera/my-projects/zephyr_ada/apps/samples/frdm_kl25z_autonomous_car/src/building_blocks/portable/command_line.adb"
node: { title: "command_line__token_typeIP" label: "token_typeIP\n<built-in>\n8 bytes (static)\n0 dynamic objects" }
node: { title: "command_line__command_line_typeIP" label: "command_line_typeIP\n<built-in>\n8 bytes (static)\n0 dynamic objects" }
node: { title: "command_line__initialized" label: "Initialized\n/home/josegrivera/my-projects/zephyr_ada/apps/samples/frdm_kl25z_autonomous_car/src/building_blocks/portable/command_line.adb:172:4\n8 bytes (static)\n0 dynamic objects" }
node: { title: "__gnat_last_chance_handler" label: "gnat_last_chance_handler\n<built-in>" shape : ellipse }
edge: { sourcename: "command_line__initialized" targetname: "__gnat_last_chance_handler" label: "/home/josegrivera/my-projects/zephyr_ada/apps/samples/frdm_kl25z_autonomous_car/src/building_blocks/portable/command_line.adb:172:60" }
node: { title: "command_line__initialize" label: "Initialize\n/home/josegrivera/my-projects/zephyr_ada/apps/samples/frdm_kl25z_autonomous_car/src/building_blocks/portable/command_line.adb:176:4\n24 bytes (static)\n0 dynamic objects" }
edge: { sourcename: "command_line__initialize" targetname: "command_line__initialized" label: "/home/josegrivera/my-projects/zephyr_ada/apps/samples/frdm_kl25z_autonomous_car/src/building_blocks/portable/command_line.ads:53:22" }
edge: { sourcename: "command_line__initialize" targetname: "__gnat_last_chance_handler" label: "/home/josegrivera/my-projects/zephyr_ada/apps/samples/frdm_kl25z_autonomous_car/src/building_blocks/portable/command_line.ads:53:22" }
node: { title: "system__assertions__raise_assert_failure" label: "Raise_Assert_Failure\n/home/josegrivera/my-projects/zephyr_ada/apps/zephyr_ada_rts/src/third_party/s-assert.ads:46:14" shape : ellipse }
edge: { sourcename: "command_line__initialize" targetname: "system__assertions__raise_assert_failure" label: "/home/josegrivera/my-projects/zephyr_ada/apps/samples/frdm_kl25z_autonomous_car/src/building_blocks/portable/command_line.ads:53:18" }
edge: { sourcename: "command_line__initialize" targetname: "__gnat_last_chance_handler" label: "/home/josegrivera/my-projects/zephyr_ada/apps/samples/frdm_kl25z_autonomous_car/src/building_blocks/portable/command_line.adb:178:38" }
edge: { sourcename: "command_line__initialize" targetname: "system__assertions__raise_assert_failure" label: "/home/josegrivera/my-projects/zephyr_ada/apps/samples/frdm_kl25z_autonomous_car/src/building_blocks/portable/command_line.adb:178:22" }
edge: { sourcename: "command_line__initialize" targetname: "__gnat_last_chance_handler" label: "/home/josegrivera/my-projects/zephyr_ada/apps/samples/frdm_kl25z_autonomous_car/src/building_blocks/portable/command_line.adb:179:34" }
node: { title: "command_line__print_prompt" label: "Print_Prompt\n/home/josegrivera/my-projects/zephyr_ada/apps/samples/frdm_kl25z_autonomous_car/src/building_blocks/portable/command_line.adb:185:4\n40 bytes (dynamic)\n1 dynamic objects\n S80b /home/josegrivera/my-projects/zephyr_ada/apps/samples/frdm_kl25z_autonomous_car/src/building_blocks/portable/command_line.adb:188:64" }
edge: { sourcename: "command_line__print_prompt" targetname: "command_line__initialized" label: "/home/josegrivera/my-projects/zephyr_ada/apps/samples/frdm_kl25z_autonomous_car/src/building_blocks/portable/command_line.ads:80:18" }
edge: { sourcename: "command_line__print_prompt" targetname: "__gnat_last_chance_handler" label: "/home/josegrivera/my-projects/zephyr_ada/apps/samples/frdm_kl25z_autonomous_car/src/building_blocks/portable/command_line.ads:80:18" }
edge: { sourcename: "command_line__print_prompt" targetname: "system__assertions__raise_assert_failure" label: "/home/josegrivera/my-projects/zephyr_ada/apps/samples/frdm_kl25z_autonomous_car/src/building_blocks/portable/command_line.ads:80:18" }
node: { title: "serial_console__is_lock_mine" label: "Is_Lock_Mine\n/home/josegrivera/my-projects/zephyr_ada/apps/samples/frdm_kl25z_autonomous_car/src/building_blocks/portable/serial_console.ads:81:13" shape : ellipse }
edge: { sourcename: "command_line__print_prompt" targetname: "serial_console__is_lock_mine" label: "/home/josegrivera/my-projects/zephyr_ada/apps/samples/frdm_kl25z_autonomous_car/src/building_blocks/portable/command_line.adb:187:36" }
edge: { sourcename: "command_line__print_prompt" targetname: "__gnat_last_chance_handler" label: "/home/josegrivera/my-projects/zephyr_ada/apps/samples/frdm_kl25z_autonomous_car/src/building_blocks/portable/command_line.adb:187:36" }
edge: { sourcename: "command_line__print_prompt" targetname: "system__assertions__raise_assert_failure" label: "/home/josegrivera/my-projects/zephyr_ada/apps/samples/frdm_kl25z_autonomous_car/src/building_blocks/portable/command_line.adb:187:22" }
edge: { sourcename: "command_line__print_prompt" targetname: "__gnat_last_chance_handler" label: "/home/josegrivera/my-projects/zephyr_ada/apps/samples/frdm_kl25z_autonomous_car/src/building_blocks/portable/command_line.adb:188:60" }
edge: { sourcename: "command_line__print_prompt" targetname: "__gnat_last_chance_handler" label: "/home/josegrivera/my-projects/zephyr_ada/apps/samples/frdm_kl25z_autonomous_car/src/building_blocks/portable/command_line.adb:188:64" }
edge: { sourcename: "command_line__print_prompt" targetname: "__gnat_last_chance_handler" label: "/home/josegrivera/my-projects/zephyr_ada/apps/samples/frdm_kl25z_autonomous_car/src/building_blocks/portable/command_line.adb:188:64" }
node: { title: "memcpy" label: "builtin_memcpy\n<built-in>" shape : ellipse }
edge: { sourcename: "command_line__print_prompt" targetname: "memcpy" }
node: { title: "serial_console__print_string" label: "Print_String\n/home/josegrivera/my-projects/zephyr_ada/apps/samples/frdm_kl25z_autonomous_car/src/building_blocks/portable/serial_console.ads:98:14" shape : ellipse }
edge: { sourcename: "command_line__print_prompt" targetname: "serial_console__print_string" label: "/home/josegrivera/my-projects/zephyr_ada/apps/samples/frdm_kl25z_autonomous_car/src/building_blocks/portable/command_line.adb:188:21" }
node: { title: "serial_console__turn_on_cursor" label: "Turn_On_Cursor\n/home/josegrivera/my-projects/zephyr_ada/apps/samples/frdm_kl25z_autonomous_car/src/building_blocks/portable/serial_console.ads:114:14" shape : ellipse }
edge: { sourcename: "command_line__print_prompt" targetname: "serial_console__turn_on_cursor" label: "/home/josegrivera/my-projects/zephyr_ada/apps/samples/frdm_kl25z_autonomous_car/src/building_blocks/portable/command_line.adb:189:21" }
node: { title: "/home/josegrivera/my-projects/zephyr_ada/apps/samples/frdm_kl25z_autonomous_car/src/building_blocks/portable/command_line.adb:command_line__get_next_token__read_command_line___wrapped_statements.1" label: "Read_Command_Line\n/home/josegrivera/my-projects/zephyr_ada/apps/samples/frdm_kl25z_autonomous_car/src/building_blocks/portable/command_line.adb:62:7\n24 bytes (static)\n0 dynamic objects" }
node: { title: "serial_console__lock" label: "Lock\n/home/josegrivera/my-projects/zephyr_ada/apps/samples/frdm_kl25z_autonomous_car/src/building_blocks/portable/serial_console.ads:85:14" shape : ellipse }
edge: { sourcename: "/home/josegrivera/my-projects/zephyr_ada/apps/samples/frdm_kl25z_autonomous_car/src/building_blocks/portable/command_line.adb:command_line__get_next_token__read_command_line___wrapped_statements.1" targetname: "serial_console__lock" label: "/home/josegrivera/my-projects/zephyr_ada/apps/samples/frdm_kl25z_autonomous_car/src/building_blocks/portable/command_line.adb:69:24" }
edge: { sourcename: "/home/josegrivera/my-projects/zephyr_ada/apps/samples/frdm_kl25z_autonomous_car/src/building_blocks/portable/command_line.adb:command_line__get_next_token__read_command_line___wrapped_statements.1" targetname: "command_line__print_prompt" label: "/home/josegrivera/my-projects/zephyr_ada/apps/samples/frdm_kl25z_autonomous_car/src/building_blocks/portable/command_line.adb:70:10" }
node: { title: "serial_console__unlock" label: "Unlock\n/home/josegrivera/my-projects/zephyr_ada/apps/samples/frdm_kl25z_autonomous_car/src/building_blocks/portable/serial_console.ads:90:14" shape : ellipse }
edge: { sourcename: "/home/josegrivera/my-projects/zephyr_ada/apps/samples/frdm_kl25z_autonomous_car/src/building_blocks/portable/command_line.adb:command_line__get_next_token__read_command_line___wrapped_statements.1" targetname: "serial_console__unlock" label: "/home/josegrivera/my-projects/zephyr_ada/apps/samples/frdm_kl25z_autonomous_car/src/building_blocks/portable/command_line.adb:73:27" }
node: { title: "serial_console__get_char" label: "Get_Char\n/home/josegrivera/my-projects/zephyr_ada/apps/samples/frdm_kl25z_autonomous_car/src/building_blocks/portable/serial_console.ads:200:14" shape : ellipse }
edge: { sourcename: "/home/josegrivera/my-projects/zephyr_ada/apps/samples/frdm_kl25z_autonomous_car/src/building_blocks/portable/command_line.adb:command_line__get_next_token__read_command_line___wrapped_statements.1" targetname: "serial_console__get_char" label: "/home/josegrivera/my-projects/zephyr_ada/apps/samples/frdm_kl25z_autonomous_car/src/building_blocks/portable/command_line.adb:74:27" }
edge: { sourcename: "/home/josegrivera/my-projects/zephyr_ada/apps/samples/frdm_kl25z_autonomous_car/src/building_blocks/portable/command_line.adb:command_line__get_next_token__read_command_line___wrapped_statements.1" targetname: "serial_console__lock" label: "/home/josegrivera/my-projects/zephyr_ada/apps/samples/frdm_kl25z_autonomous_car/src/building_blocks/portable/command_line.adb:75:27" }
node: { title: "serial_console__put_char" label: "Put_Char\n/home/josegrivera/my-projects/zephyr_ada/apps/samples/frdm_kl25z_autonomous_car/src/building_blocks/portable/serial_console.ads:95:14" shape : ellipse }
edge: { sourcename: "/home/josegrivera/my-projects/zephyr_ada/apps/samples/frdm_kl25z_autonomous_car/src/building_blocks/portable/command_line.adb:command_line__get_next_token__read_command_line___wrapped_statements.1" targetname: "serial_console__put_char" label: "/home/josegrivera/my-projects/zephyr_ada/apps/samples/frdm_kl25z_autonomous_car/src/building_blocks/portable/command_line.adb:78:30" }
edge: { sourcename: "/home/josegrivera/my-projects/zephyr_ada/apps/samples/frdm_kl25z_autonomous_car/src/building_blocks/portable/command_line.adb:command_line__get_next_token__read_command_line___wrapped_statements.1" targetname: "serial_console__unlock" label: "/home/josegrivera/my-projects/zephyr_ada/apps/samples/frdm_kl25z_autonomous_car/src/building_blocks/portable/command_line.adb:96:24" }
edge: { sourcename: "/home/josegrivera/my-projects/zephyr_ada/apps/samples/frdm_kl25z_autonomous_car/src/building_blocks/portable/command_line.adb:command_line__get_next_token__read_command_line___wrapped_statements.1" targetname: "__gnat_last_chance_handler" label: "/home/josegrivera/my-projects/zephyr_ada/apps/samples/frdm_kl25z_autonomous_car/src/building_blocks/portable/command_line.adb:83:19" }
edge: { sourcename: "/home/josegrivera/my-projects/zephyr_ada/apps/samples/frdm_kl25z_autonomous_car/src/building_blocks/portable/command_line.adb:command_line__get_next_token__read_command_line___wrapped_statements.1" targetname: "serial_console__print_string" label: "/home/josegrivera/my-projects/zephyr_ada/apps/samples/frdm_kl25z_autonomous_car/src/building_blocks/portable/command_line.adb:84:33" }
edge: { sourcename: "/home/josegrivera/my-projects/zephyr_ada/apps/samples/frdm_kl25z_autonomous_car/src/building_blocks/portable/command_line.adb:command_line__get_next_token__read_command_line___wrapped_statements.1" targetname: "__gnat_last_chance_handler" label: "/home/josegrivera/my-projects/zephyr_ada/apps/samples/frdm_kl25z_autonomous_car/src/building_blocks/portable/command_line.adb:85:36" }
edge: { sourcename: "/home/josegrivera/my-projects/zephyr_ada/apps/samples/frdm_kl25z_autonomous_car/src/building_blocks/portable/command_line.adb:command_line__get_next_token__read_command_line___wrapped_statements.1" targetname: "__gnat_last_chance_handler" label: "/home/josegrivera/my-projects/zephyr_ada/apps/samples/frdm_kl25z_autonomous_car/src/building_blocks/portable/command_line.adb:88:19" }
edge: { sourcename: "/home/josegrivera/my-projects/zephyr_ada/apps/samples/frdm_kl25z_autonomous_car/src/building_blocks/portable/command_line.adb:command_line__get_next_token__read_command_line___wrapped_statements.1" targetname: "serial_console__put_char" label: "/home/josegrivera/my-projects/zephyr_ada/apps/samples/frdm_kl25z_autonomous_car/src/building_blocks/portable/command_line.adb:89:33" }
edge: { sourcename: "/home/josegrivera/my-projects/zephyr_ada/apps/samples/frdm_kl25z_autonomous_car/src/building_blocks/portable/command_line.adb:command_line__get_next_token__read_command_line___wrapped_statements.1" targetname: "__gnat_last_chance_handler" label: "/home/josegrivera/my-projects/zephyr_ada/apps/samples/frdm_kl25z_autonomous_car/src/building_blocks/portable/command_line.adb:90:19" }
edge: { sourcename: "/home/josegrivera/my-projects/zephyr_ada/apps/samples/frdm_kl25z_autonomous_car/src/building_blocks/portable/command_line.adb:command_line__get_next_token__read_command_line___wrapped_statements.1" targetname: "__gnat_last_chance_handler" label: "/home/josegrivera/my-projects/zephyr_ada/apps/samples/frdm_kl25z_autonomous_car/src/building_blocks/portable/command_line.adb:91:36" }
edge: { sourcename: "/home/josegrivera/my-projects/zephyr_ada/apps/samples/frdm_kl25z_autonomous_car/src/building_blocks/portable/command_line.adb:command_line__get_next_token__read_command_line___wrapped_statements.1" targetname: "__gnat_last_chance_handler" label: "/home/josegrivera/my-projects/zephyr_ada/apps/samples/frdm_kl25z_autonomous_car/src/building_blocks/portable/command_line.adb:97:27" }
node: { title: "/home/josegrivera/my-projects/zephyr_ada/apps/samples/frdm_kl25z_autonomous_car/src/building_blocks/portable/command_line.adb:command_line__get_next_token__read_command_line.0" label: "Read_Command_Line\n/home/josegrivera/my-projects/zephyr_ada/apps/samples/frdm_kl25z_autonomous_car/src/building_blocks/portable/command_line.adb:62:7\n32 bytes (static)\n0 dynamic objects" }
edge: { sourcename: "/home/josegrivera/my-projects/zephyr_ada/apps/samples/frdm_kl25z_autonomous_car/src/building_blocks/portable/command_line.adb:command_line__get_next_token__read_command_line.0" targetname: "/home/josegrivera/my-projects/zephyr_ada/apps/samples/frdm_kl25z_autonomous_car/src/building_blocks/portable/command_line.adb:command_line__get_next_token__read_command_line___wrapped_statements.1" label: "/home/josegrivera/my-projects/zephyr_ada/apps/samples/frdm_kl25z_autonomous_car/src/building_blocks/portable/command_line.adb:62:7" }
edge: { sourcename: "/home/josegrivera/my-projects/zephyr_ada/apps/samples/frdm_kl25z_autonomous_car/src/building_blocks/portable/command_line.adb:command_line__get_next_token__read_command_line.0" targetname: "__gnat_last_chance_handler" label: "/home/josegrivera/my-projects/zephyr_ada/apps/samples/frdm_kl25z_autonomous_car/src/building_blocks/portable/command_line.adb:58:18" }
edge: { sourcename: "/home/josegrivera/my-projects/zephyr_ada/apps/samples/frdm_kl25z_autonomous_car/src/building_blocks/portable/command_line.adb:command_line__get_next_token__read_command_line.0" targetname: "system__assertions__raise_assert_failure" label: "/home/josegrivera/my-projects/zephyr_ada/apps/samples/frdm_kl25z_autonomous_car/src/building_blocks/portable/command_line.adb:58:18" }
node: { title: "command_line__get_next_token" label: "Get_Next_Token\n/home/josegrivera/my-projects/zephyr_ada/apps/samples/frdm_kl25z_autonomous_car/src/building_blocks/portable/command_line.adb:52:4\n24 bytes (static)\n0 dynamic objects" }
edge: { sourcename: "command_line__get_next_token" targetname: "command_line__initialized" label: "/home/josegrivera/my-projects/zephyr_ada/apps/samples/frdm_kl25z_autonomous_car/src/building_blocks/portable/command_line.ads:61:18" }
edge: { sourcename: "command_line__get_next_token" targetname: "__gnat_last_chance_handler" label: "/home/josegrivera/my-projects/zephyr_ada/apps/samples/frdm_kl25z_autonomous_car/src/building_blocks/portable/command_line.ads:61:18" }
edge: { sourcename: "command_line__get_next_token" targetname: "system__assertions__raise_assert_failure" label: "/home/josegrivera/my-projects/zephyr_ada/apps/samples/frdm_kl25z_autonomous_car/src/building_blocks/portable/command_line.ads:61:18" }
edge: { sourcename: "command_line__get_next_token" targetname: "__gnat_last_chance_handler" label: "/home/josegrivera/my-projects/zephyr_ada/apps/samples/frdm_kl25z_autonomous_car/src/building_blocks/portable/command_line.adb:108:28" }
edge: { sourcename: "command_line__get_next_token" targetname: "/home/josegrivera/my-projects/zephyr_ada/apps/samples/frdm_kl25z_autonomous_car/src/building_blocks/portable/command_line.adb:command_line__get_next_token__read_command_line.0" label: "/home/josegrivera/my-projects/zephyr_ada/apps/samples/frdm_kl25z_autonomous_car/src/building_blocks/portable/command_line.adb:112:16" }
edge: { sourcename: "command_line__get_next_token" targetname: "__gnat_last_chance_handler" label: "/home/josegrivera/my-projects/zephyr_ada/apps/samples/frdm_kl25z_autonomous_car/src/building_blocks/portable/command_line.adb:112:16" }
edge: { sourcename: "command_line__get_next_token" targetname: "__gnat_last_chance_handler" label: "/home/josegrivera/my-projects/zephyr_ada/apps/samples/frdm_kl25z_autonomous_car/src/building_blocks/portable/command_line.adb:128:33" }
edge: { sourcename: "command_line__get_next_token" targetname: "__gnat_last_chance_handler" label: "/home/josegrivera/my-projects/zephyr_ada/apps/samples/frdm_kl25z_autonomous_car/src/building_blocks/portable/command_line.adb:129:38" }
edge: { sourcename: "command_line__get_next_token" targetname: "__gnat_last_chance_handler" label: "/home/josegrivera/my-projects/zephyr_ada/apps/samples/frdm_kl25z_autonomous_car/src/building_blocks/portable/command_line.adb:129:29" }
edge: { sourcename: "command_line__get_next_token" targetname: "__gnat_last_chance_handler" label: "/home/josegrivera/my-projects/zephyr_ada/apps/samples/frdm_kl25z_autonomous_car/src/building_blocks/portable/command_line.adb:130:17" }
edge: { sourcename: "command_line__get_next_token" targetname: "__gnat_last_chance_handler" label: "/home/josegrivera/my-projects/zephyr_ada/apps/samples/frdm_kl25z_autonomous_car/src/building_blocks/portable/command_line.adb:131:13" }
edge: { sourcename: "command_line__get_next_token" targetname: "__gnat_last_chance_handler" label: "/home/josegrivera/my-projects/zephyr_ada/apps/samples/frdm_kl25z_autonomous_car/src/building_blocks/portable/command_line.adb:131:38" }
edge: { sourcename: "command_line__get_next_token" targetname: "__gnat_last_chance_handler" label: "/home/josegrivera/my-projects/zephyr_ada/apps/samples/frdm_kl25z_autonomous_car/src/building_blocks/portable/command_line.adb:136:28" }
edge: { sourcename: "command_line__get_next_token" targetname: "__gnat_last_chance_handler" label: "/home/josegrivera/my-projects/zephyr_ada/apps/samples/frdm_kl25z_autonomous_car/src/building_blocks/portable/command_line.adb:140:20" }
edge: { sourcename: "command_line__get_next_token" targetname: "__gnat_last_chance_handler" label: "/home/josegrivera/my-projects/zephyr_ada/apps/samples/frdm_kl25z_autonomous_car/src/building_blocks/portable/command_line.adb:140:17" }
edge: { sourcename: "command_line__get_next_token" targetname: "__gnat_last_chance_handler" label: "/home/josegrivera/my-projects/zephyr_ada/apps/samples/frdm_kl25z_autonomous_car/src/building_blocks/portable/command_line.adb:141:20" }
edge: { sourcename: "command_line__get_next_token" targetname: "__gnat_last_chance_handler" label: "/home/josegrivera/my-projects/zephyr_ada/apps/samples/frdm_kl25z_autonomous_car/src/building_blocks/portable/command_line.adb:141:45" }
edge: { sourcename: "command_line__get_next_token" targetname: "__gnat_last_chance_handler" label: "/home/josegrivera/my-projects/zephyr_ada/apps/samples/frdm_kl25z_autonomous_car/src/building_blocks/portable/command_line.adb:142:36" }
edge: { sourcename: "command_line__get_next_token" targetname: "__gnat_last_chance_handler" label: "/home/josegrivera/my-projects/zephyr_ada/apps/samples/frdm_kl25z_autonomous_car/src/building_blocks/portable/command_line.adb:145:24" }
edge: { sourcename: "command_line__get_next_token" targetname: "__gnat_last_chance_handler" label: "/home/josegrivera/my-projects/zephyr_ada/apps/samples/frdm_kl25z_autonomous_car/src/building_blocks/portable/command_line.adb:147:26" }
edge: { sourcename: "command_line__get_next_token" targetname: "__gnat_last_chance_handler" label: "/home/josegrivera/my-projects/zephyr_ada/apps/samples/frdm_kl25z_autonomous_car/src/building_blocks/portable/command_line.adb:155:59" }
edge: { sourcename: "command_line__get_next_token" targetname: "__gnat_last_chance_handler" label: "/home/josegrivera/my-projects/zephyr_ada/apps/samples/frdm_kl25z_autonomous_car/src/building_blocks/portable/command_line.adb:154:52" }
edge: { sourcename: "command_line__get_next_token" targetname: "__gnat_last_chance_handler" label: "/home/josegrivera/my-projects/zephyr_ada/apps/samples/frdm_kl25z_autonomous_car/src/building_blocks/portable/command_line.adb:154:25" }
node: { title: "memmove" label: "builtin_memmove\n<built-in>" shape : ellipse }
edge: { sourcename: "command_line__get_next_token" targetname: "memmove" label: "/home/josegrivera/my-projects/zephyr_ada/apps/samples/frdm_kl25z_autonomous_car/src/building_blocks/portable/command_line.adb:153:46" }
edge: { sourcename: "command_line__get_next_token" targetname: "__gnat_last_chance_handler" label: "/home/josegrivera/my-projects/zephyr_ada/apps/samples/frdm_kl25z_autonomous_car/src/building_blocks/portable/command_line.adb:157:36" }
edge: { sourcename: "command_line__get_next_token" targetname: "__gnat_last_chance_handler" label: "/home/josegrivera/my-projects/zephyr_ada/apps/samples/frdm_kl25z_autonomous_car/src/building_blocks/portable/command_line.adb:158:44" }
node: { title: "command_line___elabb" label: "Command_Line\n/home/josegrivera/my-projects/zephyr_ada/apps/samples/frdm_kl25z_autonomous_car/src/building_blocks/portable/command_line.adb:29:1\n8 bytes (static)\n0 dynamic objects" }
}
