graph: { title: "/home/josegrivera/my-projects/zephyr_ada/apps/samples/frdm_kl25z_autonomous_car/src/drivers/portable/devices.ads"
node: { title: "devices__bytes_array_typeIP" label: "bytes_array_typeIP\n<built-in>\n8 bytes (static)\n0 dynamic objects" }
node: { title: "devices__words_array_typeIP" label: "words_array_typeIP\n<built-in>\n8 bytes (static)\n0 dynamic objects" }
node: { title: "devices__bit_mask" label: "Bit_Mask\n/home/josegrivera/my-projects/zephyr_ada/apps/samples/frdm_kl25z_autonomous_car/src/drivers/portable/devices.ads:61:4\n8 bytes (static)\n0 dynamic objects" }
node: { title: "__gnat_last_chance_handler" label: "gnat_last_chance_handler\n<built-in>" shape : ellipse }
edge: { sourcename: "devices__bit_mask" targetname: "__gnat_last_chance_handler" label: "/home/josegrivera/my-projects/zephyr_ada/apps/samples/frdm_kl25z_autonomous_car/src/drivers/portable/devices.ads:62:45" }
}
