graph: { title: "/home/josegrivera/my-projects/zephyr_ada/apps/samples/frdm_kl25z_autonomous_car/src/drivers/portable/gpio_driver.adb"
node: { title: "gpio_driver__gpio_pin_typeIP" label: "gpio_pin_typeIP\n<built-in>\n16 bytes (static)\n0 dynamic objects" }
node: { title: "gpio_driver__activate_output_pin" label: "Activate_Output_Pin\n/home/josegrivera/my-projects/zephyr_ada/apps/samples/frdm_kl25z_autonomous_car/src/drivers/portable/gpio_driver.adb:43:4\n16 bytes (static)\n0 dynamic objects" }
node: { title: "__gnat_last_chance_handler" label: "gnat_last_chance_handler\n<built-in>" shape : ellipse }
edge: { sourcename: "gpio_driver__activate_output_pin" targetname: "__gnat_last_chance_handler" label: "/home/josegrivera/my-projects/zephyr_ada/apps/samples/frdm_kl25z_autonomous_car/src/drivers/portable/gpio_driver.adb:45:38" }
edge: { sourcename: "gpio_driver__activate_output_pin" targetname: "__gnat_last_chance_handler" label: "/home/josegrivera/my-projects/zephyr_ada/apps/samples/frdm_kl25z_autonomous_car/src/drivers/portable/gpio_driver.adb:50:35" }
edge: { sourcename: "gpio_driver__activate_output_pin" targetname: "__gnat_last_chance_handler" label: "/home/josegrivera/my-projects/zephyr_ada/apps/samples/frdm_kl25z_autonomous_car/src/drivers/portable/gpio_driver.adb:51:43" }
node: { title: "system__assertions__raise_assert_failure" label: "Raise_Assert_Failure\n/home/josegrivera/my-projects/zephyr_ada/apps/zephyr_ada_rts/src/third_party/s-assert.ads:46:14" shape : ellipse }
edge: { sourcename: "gpio_driver__activate_output_pin" targetname: "system__assertions__raise_assert_failure" label: "/home/josegrivera/my-projects/zephyr_ada/apps/samples/frdm_kl25z_autonomous_car/src/drivers/portable/gpio_driver.adb:51:22" }
edge: { sourcename: "gpio_driver__activate_output_pin" targetname: "__gnat_last_chance_handler" label: "/home/josegrivera/my-projects/zephyr_ada/apps/samples/frdm_kl25z_autonomous_car/src/drivers/portable/gpio_driver.adb:54:18" }
node: { title: "gpio_driver__clear_pin_irq" label: "Clear_Pin_Irq\n/home/josegrivera/my-projects/zephyr_ada/apps/samples/frdm_kl25z_autonomous_car/src/drivers/portable/gpio_driver.adb:65:4\n16 bytes (static)\n0 dynamic objects" }
node: { title: "pin_mux_driver__clear_pin_irq" label: "Clear_Pin_Irq\n/home/josegrivera/my-projects/zephyr_ada/apps/samples/frdm_kl25z_autonomous_car/src/drivers/portable/pin_mux_driver.ads:119:14" shape : ellipse }
edge: { sourcename: "gpio_driver__clear_pin_irq" targetname: "pin_mux_driver__clear_pin_irq" label: "/home/josegrivera/my-projects/zephyr_ada/apps/samples/frdm_kl25z_autonomous_car/src/drivers/portable/gpio_driver.adb:67:21" }
node: { title: "gpio_driver__configure_pin" label: "Configure_Pin\n/home/josegrivera/my-projects/zephyr_ada/apps/samples/frdm_kl25z_autonomous_car/src/drivers/portable/gpio_driver.adb:74:4\n32 bytes (static)\n0 dynamic objects" }
edge: { sourcename: "gpio_driver__configure_pin" targetname: "__gnat_last_chance_handler" label: "/home/josegrivera/my-projects/zephyr_ada/apps/samples/frdm_kl25z_autonomous_car/src/drivers/portable/gpio_driver.adb:82:38" }
edge: { sourcename: "gpio_driver__configure_pin" targetname: "__gnat_last_chance_handler" label: "/home/josegrivera/my-projects/zephyr_ada/apps/samples/frdm_kl25z_autonomous_car/src/drivers/portable/gpio_driver.adb:88:40" }
edge: { sourcename: "gpio_driver__configure_pin" targetname: "__gnat_last_chance_handler" label: "/home/josegrivera/my-projects/zephyr_ada/apps/samples/frdm_kl25z_autonomous_car/src/drivers/portable/gpio_driver.adb:88:63" }
node: { title: "pin_mux_driver__set_pin_function" label: "Set_Pin_Function\n/home/josegrivera/my-projects/zephyr_ada/apps/samples/frdm_kl25z_autonomous_car/src/drivers/portable/pin_mux_driver.ads:89:14" shape : ellipse }
edge: { sourcename: "gpio_driver__configure_pin" targetname: "pin_mux_driver__set_pin_function" label: "/home/josegrivera/my-projects/zephyr_ada/apps/samples/frdm_kl25z_autonomous_car/src/drivers/portable/gpio_driver.adb:87:21" }
edge: { sourcename: "gpio_driver__configure_pin" targetname: "__gnat_last_chance_handler" label: "/home/josegrivera/my-projects/zephyr_ada/apps/samples/frdm_kl25z_autonomous_car/src/drivers/portable/gpio_driver.adb:90:35" }
edge: { sourcename: "gpio_driver__configure_pin" targetname: "__gnat_last_chance_handler" label: "/home/josegrivera/my-projects/zephyr_ada/apps/samples/frdm_kl25z_autonomous_car/src/drivers/portable/gpio_driver.adb:91:36" }
edge: { sourcename: "gpio_driver__configure_pin" targetname: "__gnat_last_chance_handler" label: "/home/josegrivera/my-projects/zephyr_ada/apps/samples/frdm_kl25z_autonomous_car/src/drivers/portable/gpio_driver.adb:91:55" }
node: { title: "gpio_driver__deactivate_output_pin" label: "Deactivate_Output_Pin\n/home/josegrivera/my-projects/zephyr_ada/apps/samples/frdm_kl25z_autonomous_car/src/drivers/portable/gpio_driver.adb:101:4\n16 bytes (static)\n0 dynamic objects" }
edge: { sourcename: "gpio_driver__deactivate_output_pin" targetname: "__gnat_last_chance_handler" label: "/home/josegrivera/my-projects/zephyr_ada/apps/samples/frdm_kl25z_autonomous_car/src/drivers/portable/gpio_driver.adb:103:38" }
edge: { sourcename: "gpio_driver__deactivate_output_pin" targetname: "__gnat_last_chance_handler" label: "/home/josegrivera/my-projects/zephyr_ada/apps/samples/frdm_kl25z_autonomous_car/src/drivers/portable/gpio_driver.adb:108:35" }
edge: { sourcename: "gpio_driver__deactivate_output_pin" targetname: "__gnat_last_chance_handler" label: "/home/josegrivera/my-projects/zephyr_ada/apps/samples/frdm_kl25z_autonomous_car/src/drivers/portable/gpio_driver.adb:109:43" }
edge: { sourcename: "gpio_driver__deactivate_output_pin" targetname: "system__assertions__raise_assert_failure" label: "/home/josegrivera/my-projects/zephyr_ada/apps/samples/frdm_kl25z_autonomous_car/src/drivers/portable/gpio_driver.adb:109:22" }
edge: { sourcename: "gpio_driver__deactivate_output_pin" targetname: "__gnat_last_chance_handler" label: "/home/josegrivera/my-projects/zephyr_ada/apps/samples/frdm_kl25z_autonomous_car/src/drivers/portable/gpio_driver.adb:112:18" }
node: { title: "gpio_driver__disable_pin_irq" label: "Disable_Pin_Irq\n/home/josegrivera/my-projects/zephyr_ada/apps/samples/frdm_kl25z_autonomous_car/src/drivers/portable/gpio_driver.adb:123:4\n16 bytes (static)\n0 dynamic objects" }
node: { title: "pin_mux_driver__disable_pin_irq" label: "Disable_Pin_Irq\n/home/josegrivera/my-projects/zephyr_ada/apps/samples/frdm_kl25z_autonomous_car/src/drivers/portable/pin_mux_driver.ads:112:14" shape : ellipse }
edge: { sourcename: "gpio_driver__disable_pin_irq" targetname: "pin_mux_driver__disable_pin_irq" label: "/home/josegrivera/my-projects/zephyr_ada/apps/samples/frdm_kl25z_autonomous_car/src/drivers/portable/gpio_driver.adb:125:21" }
node: { title: "gpio_driver__enable_pin_irq" label: "Enable_Pin_Irq\n/home/josegrivera/my-projects/zephyr_ada/apps/samples/frdm_kl25z_autonomous_car/src/drivers/portable/gpio_driver.adb:132:4\n24 bytes (static)\n0 dynamic objects" }
node: { title: "pin_mux_driver__pin_irq_mode_typeRP" label: "pin_irq_mode_typeRP\n<built-in>" shape : ellipse }
edge: { sourcename: "gpio_driver__enable_pin_irq" targetname: "pin_mux_driver__pin_irq_mode_typeRP" label: "/home/josegrivera/my-projects/zephyr_ada/apps/samples/frdm_kl25z_autonomous_car/src/drivers/portable/gpio_driver.adb:137:57" }
edge: { sourcename: "gpio_driver__enable_pin_irq" targetname: "__gnat_last_chance_handler" label: "/home/josegrivera/my-projects/zephyr_ada/apps/samples/frdm_kl25z_autonomous_car/src/drivers/portable/gpio_driver.adb:137:57" }
node: { title: "pin_mux_driver__enable_pin_irq" label: "Enable_Pin_Irq\n/home/josegrivera/my-projects/zephyr_ada/apps/samples/frdm_kl25z_autonomous_car/src/drivers/portable/pin_mux_driver.ads:104:14" shape : ellipse }
edge: { sourcename: "gpio_driver__enable_pin_irq" targetname: "pin_mux_driver__enable_pin_irq" label: "/home/josegrivera/my-projects/zephyr_ada/apps/samples/frdm_kl25z_autonomous_car/src/drivers/portable/gpio_driver.adb:137:21" }
node: { title: "gpio_driver__read_input_pin" label: "Read_Input_Pin\n/home/josegrivera/my-projects/zephyr_ada/apps/samples/frdm_kl25z_autonomous_car/src/drivers/portable/gpio_driver.adb:144:4\n16 bytes (static)\n0 dynamic objects" }
edge: { sourcename: "gpio_driver__read_input_pin" targetname: "__gnat_last_chance_handler" label: "/home/josegrivera/my-projects/zephyr_ada/apps/samples/frdm_kl25z_autonomous_car/src/drivers/portable/gpio_driver.adb:146:38" }
edge: { sourcename: "gpio_driver__read_input_pin" targetname: "__gnat_last_chance_handler" label: "/home/josegrivera/my-projects/zephyr_ada/apps/samples/frdm_kl25z_autonomous_car/src/drivers/portable/gpio_driver.adb:150:35" }
edge: { sourcename: "gpio_driver__read_input_pin" targetname: "__gnat_last_chance_handler" label: "/home/josegrivera/my-projects/zephyr_ada/apps/samples/frdm_kl25z_autonomous_car/src/drivers/portable/gpio_driver.adb:151:35" }
node: { title: "gpio_driver__toggle_output_pin" label: "Toggle_Output_Pin\n/home/josegrivera/my-projects/zephyr_ada/apps/samples/frdm_kl25z_autonomous_car/src/drivers/portable/gpio_driver.adb:158:4\n16 bytes (static)\n0 dynamic objects" }
edge: { sourcename: "gpio_driver__toggle_output_pin" targetname: "__gnat_last_chance_handler" label: "/home/josegrivera/my-projects/zephyr_ada/apps/samples/frdm_kl25z_autonomous_car/src/drivers/portable/gpio_driver.adb:160:38" }
edge: { sourcename: "gpio_driver__toggle_output_pin" targetname: "__gnat_last_chance_handler" label: "/home/josegrivera/my-projects/zephyr_ada/apps/samples/frdm_kl25z_autonomous_car/src/drivers/portable/gpio_driver.adb:165:35" }
edge: { sourcename: "gpio_driver__toggle_output_pin" targetname: "__gnat_last_chance_handler" label: "/home/josegrivera/my-projects/zephyr_ada/apps/samples/frdm_kl25z_autonomous_car/src/drivers/portable/gpio_driver.adb:166:43" }
edge: { sourcename: "gpio_driver__toggle_output_pin" targetname: "system__assertions__raise_assert_failure" label: "/home/josegrivera/my-projects/zephyr_ada/apps/samples/frdm_kl25z_autonomous_car/src/drivers/portable/gpio_driver.adb:166:22" }
}
