graph: { title: "/home/josegrivera/my-projects/zephyr_ada/apps/samples/frdm_kl25z_autonomous_car/src/drivers/mcu_specific/nxp_kinetis_kl25z/kl25z_uart.ads"
node: { title: "kl25z_uart__bdh_typeIP" label: "bdh_typeIP\n<built-in>\n8 bytes (static)\n0 dynamic objects" }
node: { title: "kl25z_uart__c1_typeIP" label: "c1_typeIP\n<built-in>\n8 bytes (static)\n0 dynamic objects" }
node: { title: "kl25z_uart__c2_typeIP" label: "c2_typeIP\n<built-in>\n8 bytes (static)\n0 dynamic objects" }
node: { title: "kl25z_uart__s1_typeIP" label: "s1_typeIP\n<built-in>\n8 bytes (static)\n0 dynamic objects" }
node: { title: "kl25z_uart__c4_typeIP" label: "c4_typeIP\n<built-in>\n8 bytes (static)\n0 dynamic objects" }
node: { title: "kl25z_uart__c5_typeIP" label: "c5_typeIP\n<built-in>\n8 bytes (static)\n0 dynamic objects" }
node: { title: "kl25z_uart__registers_typeIP" label: "registers_typeIP\n<built-in>\n16 bytes (static)\n0 dynamic objects" }
edge: { sourcename: "kl25z_uart__registers_typeIP" targetname: "kl25z_uart__bdh_typeIP" label: "/home/josegrivera/my-projects/zephyr_ada/apps/samples/frdm_kl25z_autonomous_car/src/drivers/mcu_specific/nxp_kinetis_kl25z/kl25z_uart.ads:200:7" }
edge: { sourcename: "kl25z_uart__registers_typeIP" targetname: "kl25z_uart__c1_typeIP" label: "/home/josegrivera/my-projects/zephyr_ada/apps/samples/frdm_kl25z_autonomous_car/src/drivers/mcu_specific/nxp_kinetis_kl25z/kl25z_uart.ads:202:7" }
edge: { sourcename: "kl25z_uart__registers_typeIP" targetname: "kl25z_uart__c2_typeIP" label: "/home/josegrivera/my-projects/zephyr_ada/apps/samples/frdm_kl25z_autonomous_car/src/drivers/mcu_specific/nxp_kinetis_kl25z/kl25z_uart.ads:203:7" }
edge: { sourcename: "kl25z_uart__registers_typeIP" targetname: "kl25z_uart__s1_typeIP" label: "/home/josegrivera/my-projects/zephyr_ada/apps/samples/frdm_kl25z_autonomous_car/src/drivers/mcu_specific/nxp_kinetis_kl25z/kl25z_uart.ads:204:7" }
edge: { sourcename: "kl25z_uart__registers_typeIP" targetname: "kl25z_uart__c4_typeIP" label: "/home/josegrivera/my-projects/zephyr_ada/apps/samples/frdm_kl25z_autonomous_car/src/drivers/mcu_specific/nxp_kinetis_kl25z/kl25z_uart.ads:210:7" }
edge: { sourcename: "kl25z_uart__registers_typeIP" targetname: "kl25z_uart__c5_typeIP" label: "/home/josegrivera/my-projects/zephyr_ada/apps/samples/frdm_kl25z_autonomous_car/src/drivers/mcu_specific/nxp_kinetis_kl25z/kl25z_uart.ads:211:7" }
node: { title: "kl25z_uart__encoded_baud_rate_typeIP" label: "encoded_baud_rate_typeIP\n<built-in>\n8 bytes (static)\n0 dynamic objects" }
}
