graph: { title: "/home/josegrivera/my-projects/zephyr_ada/apps/samples/frdm_kl25z_autonomous_car/src/building_blocks/mcu_specific/nxp_kinetis_kl25z/microcontroller-mcu_specific.adb"
node: { title: "microcontroller__mcu_specific__memory_map__valid_mmio_address" label: "Valid_Mmio_Address\n/home/josegrivera/my-projects/zephyr_ada/apps/samples/frdm_kl25z_autonomous_car/src/building_blocks/portable/microcontroller.ads:137:7\n8 bytes (static)\n0 dynamic objects" }
node: { title: "microcontroller__mcu_specific__memory_map__valid_flash_address" label: "Valid_Flash_Address\n/home/josegrivera/my-projects/zephyr_ada/apps/samples/frdm_kl25z_autonomous_car/src/building_blocks/portable/microcontroller.ads:151:7\n8 bytes (static)\n0 dynamic objects" }
node: { title: "microcontroller__mcu_specific__memory_map__valid_ram_address" label: "Valid_Ram_Address\n/home/josegrivera/my-projects/zephyr_ada/apps/samples/frdm_kl25z_autonomous_car/src/building_blocks/portable/microcontroller.ads:162:7\n8 bytes (static)\n0 dynamic objects" }
node: { title: "microcontroller__mcu_specific__memory_map__valid_ram_pointer" label: "Valid_Ram_Pointer\n/home/josegrivera/my-projects/zephyr_ada/apps/samples/frdm_kl25z_autonomous_car/src/building_blocks/portable/microcontroller.ads:172:7\n8 bytes (static)\n0 dynamic objects" }
node: { title: "__gnat_last_chance_handler" label: "gnat_last_chance_handler\n<built-in>" shape : ellipse }
edge: { sourcename: "microcontroller__mcu_specific__memory_map__valid_ram_pointer" targetname: "__gnat_last_chance_handler" label: "/home/josegrivera/my-projects/zephyr_ada/apps/samples/frdm_kl25z_autonomous_car/src/building_blocks/portable/microcontroller.ads:177:59" }
node: { title: "__aeabi_uidivmod" label: "aeabi_uidivmod\n<built-in>" shape : ellipse }
edge: { sourcename: "microcontroller__mcu_specific__memory_map__valid_ram_pointer" targetname: "__aeabi_uidivmod" }
node: { title: "microcontroller__mcu_specific__find_system_reset_cause" label: "Find_System_Reset_Cause\n/home/josegrivera/my-projects/zephyr_ada/apps/samples/frdm_kl25z_autonomous_car/src/building_blocks/mcu_specific/nxp_kinetis_kl25z/microcontroller-mcu_specific.adb:41:4\n16 bytes (static)\n0 dynamic objects" }
node: { title: "microcontroller__mcu_specific__system_reset" label: "System_Reset\n/home/josegrivera/my-projects/zephyr_ada/apps/samples/frdm_kl25z_autonomous_car/src/building_blocks/mcu_specific/nxp_kinetis_kl25z/microcontroller-mcu_specific.adb:76:4\n16 bytes (static)\n0 dynamic objects" }
node: { title: "microcontroller__arm_cortex_m__aircr_typeIP" label: "aircr_typeIP\n<built-in>" shape : ellipse }
edge: { sourcename: "microcontroller__mcu_specific__system_reset" targetname: "microcontroller__arm_cortex_m__aircr_typeIP" label: "/home/josegrivera/my-projects/zephyr_ada/apps/samples/frdm_kl25z_autonomous_car/src/building_blocks/mcu_specific/nxp_kinetis_kl25z/microcontroller-mcu_specific.adb:77:7" }
}
