graph: { title: "/home/josegrivera/my-projects/zephyr_ada/apps/samples/frdm_kl25z_autonomous_car/src/building_blocks/portable/microcontroller.adb"
node: { title: "microcontroller__system_reset_causes_typeH" label: "system_reset_causes_typeH\n<built-in>\n48 bytes (static)\n0 dynamic objects" }
node: { title: "__aeabi_idivmod" label: "aeabi_idivmod\n<built-in>" shape : ellipse }
edge: { sourcename: "microcontroller__system_reset_causes_typeH" targetname: "__aeabi_idivmod" }
edge: { sourcename: "microcontroller__system_reset_causes_typeH" targetname: "__aeabi_idivmod" }
edge: { sourcename: "microcontroller__system_reset_causes_typeH" targetname: "__aeabi_idivmod" }
node: { title: "microcontroller__get_cpu_byte_order" label: "Get_Cpu_Byte_Order\n/home/josegrivera/my-projects/zephyr_ada/apps/samples/frdm_kl25z_autonomous_car/src/building_blocks/portable/microcontroller.adb:34:4\n8 bytes (static)\n0 dynamic objects" }
}
