<built-in>:aircr_typeIP	8	static
<built-in>:scb_registers_typeIP	8	static
<built-in>:thumb_instruction_typeIP	8	static
/home/josegrivera/my-projects/zephyr_ada/apps/samples/frdm_kl25z_autonomous_car/src/building_blocks/cpu_specific/arm_cortex_m0plus/microcontroller-arm_cortex_m.adb:102:4:Return_Address_To_Call_Address	8	static
/home/josegrivera/my-projects/zephyr_ada/apps/samples/frdm_kl25z_autonomous_car/src/building_blocks/cpu_specific/arm_cortex_m0plus/microcontroller-arm_cortex_m.adb:109:4:Is_Cpu_Exception_Return	8	static
/home/josegrivera/my-projects/zephyr_ada/apps/samples/frdm_kl25z_autonomous_car/src/building_blocks/cpu_specific/arm_cortex_m0plus/microcontroller-arm_cortex_m.adb:122:4:Is_Add_R7_Sp_Immeditate	8	static
/home/josegrivera/my-projects/zephyr_ada/apps/samples/frdm_kl25z_autonomous_car/src/building_blocks/cpu_specific/arm_cortex_m0plus/microcontroller-arm_cortex_m.adb:129:4:Is_Sub_Sp_Immeditate	8	static
/home/josegrivera/my-projects/zephyr_ada/apps/samples/frdm_kl25z_autonomous_car/src/building_blocks/cpu_specific/arm_cortex_m0plus/microcontroller-arm_cortex_m.adb:138:4:Is_Push_R7	8	static
/home/josegrivera/my-projects/zephyr_ada/apps/samples/frdm_kl25z_autonomous_car/src/building_blocks/cpu_specific/arm_cortex_m0plus/microcontroller-arm_cortex_m.adb:153:4:Push_Operand_Includes_Lr	8	static
/home/josegrivera/my-projects/zephyr_ada/apps/samples/frdm_kl25z_autonomous_car/src/building_blocks/cpu_specific/arm_cortex_m0plus/microcontroller-arm_cortex_m.adb:146:4:Is_Push_R7_Lr	16	static
/home/josegrivera/my-projects/zephyr_ada/apps/samples/frdm_kl25z_autonomous_car/src/building_blocks/cpu_specific/arm_cortex_m0plus/microcontroller-arm_cortex_m.adb:160:4:Get_Pushed_R7_Stack_Offset	8	static
/home/josegrivera/my-projects/zephyr_ada/apps/samples/frdm_kl25z_autonomous_car/src/building_blocks/cpu_specific/arm_cortex_m0plus/microcontroller-arm_cortex_m.adb:174:4:Is_Blx	8	static
/home/josegrivera/my-projects/zephyr_ada/apps/samples/frdm_kl25z_autonomous_car/src/building_blocks/cpu_specific/arm_cortex_m0plus/microcontroller-arm_cortex_m.adb:182:4:Is_Bl32_First_Half	8	static
/home/josegrivera/my-projects/zephyr_ada/apps/samples/frdm_kl25z_autonomous_car/src/building_blocks/cpu_specific/arm_cortex_m0plus/microcontroller-arm_cortex_m.adb:190:4:Is_Bl32_Second_Half	8	static
