<built-in>:sopt1_osc32ksel_fieldRP	8	static
<built-in>:sopt2_clkoutsel_fieldH	48	static
<built-in>:sopt2_clkoutsel_fieldRP	8	static
<built-in>:sopt2_tpmsrc_fieldH	48	static
<built-in>:sopt2_uart0src_fieldH	48	static
<built-in>:sopt7_adc0trgsel_fieldH	48	static
<built-in>:sopt7_adc0trgsel_fieldRP	8	static
<built-in>:clkdiv1_outdiv4_fieldH	48	static
<built-in>:clkdiv1_outdiv1_fieldH	48	static
<built-in>:fcfg1_pfsize_fieldH	48	static
<built-in>:fcfg1_pfsize_fieldRP	8	static
<built-in>:copc_copt_fieldH	48	static
<built-in>:sim_sopt1_registerIP	8	static
<built-in>:sim_sopt1cfg_registerIP	8	static
<built-in>:sim_sopt2_registerIP	8	static
<built-in>:sim_sopt4_registerIP	8	static
<built-in>:sim_sopt5_registerIP	8	static
<built-in>:sim_sopt7_registerIP	8	static
<built-in>:sdid_pinid_fieldH	48	static
<built-in>:sdid_pinid_fieldRP	8	static
<built-in>:sdid_sramsize_fieldH	48	static
<built-in>:sdid_seriesid_fieldRP	8	static
<built-in>:sdid_subfamid_fieldH	48	static
<built-in>:sdid_subfamid_fieldRP	8	static
<built-in>:sdid_famid_fieldH	48	static
<built-in>:sim_sdid_registerIP	8	static
<built-in>:Tscgc4_i2c_field_arrayBIP	8	static
<built-in>:scgc4_i2c_fieldEQ	8	static
<built-in>:scgc4_i2c_fieldIP	8	static
<built-in>:Tscgc4_uart_field_arrayBIP	8	static
<built-in>:scgc4_uart_fieldEQ	8	static
<built-in>:scgc4_uart_fieldIP	8	static
<built-in>:Tscgc4_spi_field_arrayBIP	8	static
<built-in>:scgc4_spi_fieldEQ	8	static
<built-in>:scgc4_spi_fieldIP	8	static
<built-in>:sim_scgc4_registerEQ	8	static
<built-in>:sim_scgc4_registerIP	8	static
<built-in>:sim_scgc5_registerIP	8	static
<built-in>:Tscgc6_tpm_field_arrayBIP	8	static
<built-in>:scgc6_tpm_fieldEQ	8	static
<built-in>:scgc6_tpm_fieldIP	8	static
<built-in>:sim_scgc6_registerEQ	8	static
<built-in>:sim_scgc6_registerIP	8	static
<built-in>:sim_scgc7_registerIP	8	static
<built-in>:sim_clkdiv1_registerIP	8	static
<built-in>:sim_fcfg1_registerIP	8	static
<built-in>:sim_fcfg2_registerIP	8	static
<built-in>:sim_uidmh_registerIP	8	static
<built-in>:sim_copc_registerIP	8	static
<built-in>:sim_srvcop_registerIP	8	static
<built-in>:sim_peripheralEQ	24	static
<built-in>:sim_peripheralIP	16	static
