<built-in>:sc1_adch_fieldH	48	static
<built-in>:sc1_adch_fieldRP	8	static
<built-in>:cfg1_adiclk_fieldH	48	static
<built-in>:cfg1_mode_fieldH	48	static
<built-in>:cfg1_adiv_fieldH	48	static
<built-in>:cfg2_adlsts_fieldH	48	static
<built-in>:sc3_avgs_fieldH	48	static
<built-in>:adc0_sc1_registerIP	8	static
<built-in>:Tadc0_sc1_registersBIP	24	static
<built-in>:adc0_cfg1_registerIP	8	static
<built-in>:adc0_cfg2_registerIP	8	static
<built-in>:adc0_r_registerIP	8	static
<built-in>:Tadc0_r_registersBIP	8	static
<built-in>:adc0_cv_registerIP	8	static
<built-in>:Tadc0_cv_registersBIP	24	static
<built-in>:adc0_sc2_registerIP	8	static
<built-in>:adc0_sc3_registerIP	8	static
<built-in>:adc0_ofs_registerIP	8	static
<built-in>:adc0_pg_registerIP	8	static
<built-in>:adc0_mg_registerIP	8	static
<built-in>:adc0_clpd_registerIP	8	static
<built-in>:adc0_clps_registerIP	8	static
<built-in>:adc0_clp4_registerIP	8	static
<built-in>:adc0_clp3_registerIP	8	static
<built-in>:adc0_clp2_registerIP	8	static
<built-in>:adc0_clp1_registerIP	8	static
<built-in>:adc0_clp0_registerIP	8	static
<built-in>:adc0_clmd_registerIP	8	static
<built-in>:adc0_clms_registerIP	8	static
<built-in>:adc0_clm4_registerIP	8	static
<built-in>:adc0_clm3_registerIP	8	static
<built-in>:adc0_clm2_registerIP	8	static
<built-in>:adc0_clm1_registerIP	8	static
<built-in>:adc0_clm0_registerIP	8	static
<built-in>:adc0_peripheralIP	16	static
