graph: { title: "/home/josegrivera/my-projects/zephyr_ada/apps/samples/frdm_kl25z_autonomous_car/src/SVD/nxp_kinetis_kl25z/mkl25z4-adc0.ads"
node: { title: "mkl25z4__adc0__sc1_adch_fieldH" label: "sc1_adch_fieldH\n<built-in>\n48 bytes (static)\n0 dynamic objects" }
node: { title: "__aeabi_idivmod" label: "aeabi_idivmod\n<built-in>" shape : ellipse }
edge: { sourcename: "mkl25z4__adc0__sc1_adch_fieldH" targetname: "__aeabi_idivmod" }
edge: { sourcename: "mkl25z4__adc0__sc1_adch_fieldH" targetname: "__aeabi_idivmod" }
edge: { sourcename: "mkl25z4__adc0__sc1_adch_fieldH" targetname: "__aeabi_idivmod" }
node: { title: "mkl25z4__adc0__sc1_adch_fieldRP" label: "sc1_adch_fieldRP\n<built-in>\n8 bytes (static)\n0 dynamic objects" }
node: { title: "mkl25z4__adc0__cfg1_adiclk_fieldH" label: "cfg1_adiclk_fieldH\n<built-in>\n48 bytes (static)\n0 dynamic objects" }
edge: { sourcename: "mkl25z4__adc0__cfg1_adiclk_fieldH" targetname: "__aeabi_idivmod" }
edge: { sourcename: "mkl25z4__adc0__cfg1_adiclk_fieldH" targetname: "__aeabi_idivmod" }
node: { title: "mkl25z4__adc0__cfg1_mode_fieldH" label: "cfg1_mode_fieldH\n<built-in>\n48 bytes (static)\n0 dynamic objects" }
edge: { sourcename: "mkl25z4__adc0__cfg1_mode_fieldH" targetname: "__aeabi_idivmod" }
edge: { sourcename: "mkl25z4__adc0__cfg1_mode_fieldH" targetname: "__aeabi_idivmod" }
node: { title: "mkl25z4__adc0__cfg1_adiv_fieldH" label: "cfg1_adiv_fieldH\n<built-in>\n48 bytes (static)\n0 dynamic objects" }
edge: { sourcename: "mkl25z4__adc0__cfg1_adiv_fieldH" targetname: "__aeabi_idivmod" }
edge: { sourcename: "mkl25z4__adc0__cfg1_adiv_fieldH" targetname: "__aeabi_idivmod" }
node: { title: "mkl25z4__adc0__cfg2_adlsts_fieldH" label: "cfg2_adlsts_fieldH\n<built-in>\n48 bytes (static)\n0 dynamic objects" }
edge: { sourcename: "mkl25z4__adc0__cfg2_adlsts_fieldH" targetname: "__aeabi_idivmod" }
edge: { sourcename: "mkl25z4__adc0__cfg2_adlsts_fieldH" targetname: "__aeabi_idivmod" }
node: { title: "mkl25z4__adc0__sc3_avgs_fieldH" label: "sc3_avgs_fieldH\n<built-in>\n48 bytes (static)\n0 dynamic objects" }
edge: { sourcename: "mkl25z4__adc0__sc3_avgs_fieldH" targetname: "__aeabi_idivmod" }
edge: { sourcename: "mkl25z4__adc0__sc3_avgs_fieldH" targetname: "__aeabi_idivmod" }
node: { title: "mkl25z4__adc0__adc0_sc1_registerIP" label: "adc0_sc1_registerIP\n<built-in>\n8 bytes (static)\n0 dynamic objects" }
node: { title: "mkl25z4__adc0__Tadc0_sc1_registersBIP" label: "Tadc0_sc1_registersBIP\n<built-in>\n24 bytes (static)\n0 dynamic objects" }
edge: { sourcename: "mkl25z4__adc0__Tadc0_sc1_registersBIP" targetname: "mkl25z4__adc0__adc0_sc1_registerIP" label: "/home/josegrivera/my-projects/zephyr_ada/apps/samples/frdm_kl25z_autonomous_car/src/SVD/nxp_kinetis_kl25z/mkl25z4-adc0.ads:1023:4" }
node: { title: "mkl25z4__adc0__adc0_cfg1_registerIP" label: "adc0_cfg1_registerIP\n<built-in>\n8 bytes (static)\n0 dynamic objects" }
node: { title: "mkl25z4__adc0__adc0_cfg2_registerIP" label: "adc0_cfg2_registerIP\n<built-in>\n8 bytes (static)\n0 dynamic objects" }
node: { title: "mkl25z4__adc0__adc0_r_registerIP" label: "adc0_r_registerIP\n<built-in>\n8 bytes (static)\n0 dynamic objects" }
node: { title: "mkl25z4__adc0__Tadc0_r_registersBIP" label: "Tadc0_r_registersBIP\n<built-in>\n8 bytes (static)\n0 dynamic objects" }
node: { title: "mkl25z4__adc0__adc0_cv_registerIP" label: "adc0_cv_registerIP\n<built-in>\n8 bytes (static)\n0 dynamic objects" }
node: { title: "mkl25z4__adc0__Tadc0_cv_registersBIP" label: "Tadc0_cv_registersBIP\n<built-in>\n24 bytes (static)\n0 dynamic objects" }
edge: { sourcename: "mkl25z4__adc0__Tadc0_cv_registersBIP" targetname: "mkl25z4__adc0__adc0_cv_registerIP" label: "/home/josegrivera/my-projects/zephyr_ada/apps/samples/frdm_kl25z_autonomous_car/src/SVD/nxp_kinetis_kl25z/mkl25z4-adc0.ads:1023:4" }
node: { title: "mkl25z4__adc0__adc0_sc2_registerIP" label: "adc0_sc2_registerIP\n<built-in>\n8 bytes (static)\n0 dynamic objects" }
node: { title: "mkl25z4__adc0__adc0_sc3_registerIP" label: "adc0_sc3_registerIP\n<built-in>\n8 bytes (static)\n0 dynamic objects" }
node: { title: "mkl25z4__adc0__adc0_ofs_registerIP" label: "adc0_ofs_registerIP\n<built-in>\n8 bytes (static)\n0 dynamic objects" }
node: { title: "mkl25z4__adc0__adc0_pg_registerIP" label: "adc0_pg_registerIP\n<built-in>\n8 bytes (static)\n0 dynamic objects" }
node: { title: "mkl25z4__adc0__adc0_mg_registerIP" label: "adc0_mg_registerIP\n<built-in>\n8 bytes (static)\n0 dynamic objects" }
node: { title: "mkl25z4__adc0__adc0_clpd_registerIP" label: "adc0_clpd_registerIP\n<built-in>\n8 bytes (static)\n0 dynamic objects" }
node: { title: "mkl25z4__adc0__adc0_clps_registerIP" label: "adc0_clps_registerIP\n<built-in>\n8 bytes (static)\n0 dynamic objects" }
node: { title: "mkl25z4__adc0__adc0_clp4_registerIP" label: "adc0_clp4_registerIP\n<built-in>\n8 bytes (static)\n0 dynamic objects" }
node: { title: "mkl25z4__adc0__adc0_clp3_registerIP" label: "adc0_clp3_registerIP\n<built-in>\n8 bytes (static)\n0 dynamic objects" }
node: { title: "mkl25z4__adc0__adc0_clp2_registerIP" label: "adc0_clp2_registerIP\n<built-in>\n8 bytes (static)\n0 dynamic objects" }
node: { title: "mkl25z4__adc0__adc0_clp1_registerIP" label: "adc0_clp1_registerIP\n<built-in>\n8 bytes (static)\n0 dynamic objects" }
node: { title: "mkl25z4__adc0__adc0_clp0_registerIP" label: "adc0_clp0_registerIP\n<built-in>\n8 bytes (static)\n0 dynamic objects" }
node: { title: "mkl25z4__adc0__adc0_clmd_registerIP" label: "adc0_clmd_registerIP\n<built-in>\n8 bytes (static)\n0 dynamic objects" }
node: { title: "mkl25z4__adc0__adc0_clms_registerIP" label: "adc0_clms_registerIP\n<built-in>\n8 bytes (static)\n0 dynamic objects" }
node: { title: "mkl25z4__adc0__adc0_clm4_registerIP" label: "adc0_clm4_registerIP\n<built-in>\n8 bytes (static)\n0 dynamic objects" }
node: { title: "mkl25z4__adc0__adc0_clm3_registerIP" label: "adc0_clm3_registerIP\n<built-in>\n8 bytes (static)\n0 dynamic objects" }
node: { title: "mkl25z4__adc0__adc0_clm2_registerIP" label: "adc0_clm2_registerIP\n<built-in>\n8 bytes (static)\n0 dynamic objects" }
node: { title: "mkl25z4__adc0__adc0_clm1_registerIP" label: "adc0_clm1_registerIP\n<built-in>\n8 bytes (static)\n0 dynamic objects" }
node: { title: "mkl25z4__adc0__adc0_clm0_registerIP" label: "adc0_clm0_registerIP\n<built-in>\n8 bytes (static)\n0 dynamic objects" }
node: { title: "mkl25z4__adc0__adc0_peripheralIP" label: "adc0_peripheralIP\n<built-in>\n16 bytes (static)\n0 dynamic objects" }
edge: { sourcename: "mkl25z4__adc0__adc0_peripheralIP" targetname: "mkl25z4__adc0__Tadc0_sc1_registersBIP" label: "/home/josegrivera/my-projects/zephyr_ada/apps/samples/frdm_kl25z_autonomous_car/src/SVD/nxp_kinetis_kl25z/mkl25z4-adc0.ads:945:7" }
edge: { sourcename: "mkl25z4__adc0__adc0_peripheralIP" targetname: "mkl25z4__adc0__adc0_cfg1_registerIP" label: "/home/josegrivera/my-projects/zephyr_ada/apps/samples/frdm_kl25z_autonomous_car/src/SVD/nxp_kinetis_kl25z/mkl25z4-adc0.ads:947:7" }
edge: { sourcename: "mkl25z4__adc0__adc0_peripheralIP" targetname: "mkl25z4__adc0__adc0_cfg2_registerIP" label: "/home/josegrivera/my-projects/zephyr_ada/apps/samples/frdm_kl25z_autonomous_car/src/SVD/nxp_kinetis_kl25z/mkl25z4-adc0.ads:949:7" }
edge: { sourcename: "mkl25z4__adc0__adc0_peripheralIP" targetname: "mkl25z4__adc0__Tadc0_cv_registersBIP" label: "/home/josegrivera/my-projects/zephyr_ada/apps/samples/frdm_kl25z_autonomous_car/src/SVD/nxp_kinetis_kl25z/mkl25z4-adc0.ads:953:7" }
edge: { sourcename: "mkl25z4__adc0__adc0_peripheralIP" targetname: "mkl25z4__adc0__adc0_sc2_registerIP" label: "/home/josegrivera/my-projects/zephyr_ada/apps/samples/frdm_kl25z_autonomous_car/src/SVD/nxp_kinetis_kl25z/mkl25z4-adc0.ads:955:7" }
edge: { sourcename: "mkl25z4__adc0__adc0_peripheralIP" targetname: "mkl25z4__adc0__adc0_sc3_registerIP" label: "/home/josegrivera/my-projects/zephyr_ada/apps/samples/frdm_kl25z_autonomous_car/src/SVD/nxp_kinetis_kl25z/mkl25z4-adc0.ads:957:7" }
edge: { sourcename: "mkl25z4__adc0__adc0_peripheralIP" targetname: "mkl25z4__adc0__adc0_ofs_registerIP" label: "/home/josegrivera/my-projects/zephyr_ada/apps/samples/frdm_kl25z_autonomous_car/src/SVD/nxp_kinetis_kl25z/mkl25z4-adc0.ads:959:7" }
edge: { sourcename: "mkl25z4__adc0__adc0_peripheralIP" targetname: "mkl25z4__adc0__adc0_pg_registerIP" label: "/home/josegrivera/my-projects/zephyr_ada/apps/samples/frdm_kl25z_autonomous_car/src/SVD/nxp_kinetis_kl25z/mkl25z4-adc0.ads:961:7" }
edge: { sourcename: "mkl25z4__adc0__adc0_peripheralIP" targetname: "mkl25z4__adc0__adc0_mg_registerIP" label: "/home/josegrivera/my-projects/zephyr_ada/apps/samples/frdm_kl25z_autonomous_car/src/SVD/nxp_kinetis_kl25z/mkl25z4-adc0.ads:963:7" }
edge: { sourcename: "mkl25z4__adc0__adc0_peripheralIP" targetname: "mkl25z4__adc0__adc0_clpd_registerIP" label: "/home/josegrivera/my-projects/zephyr_ada/apps/samples/frdm_kl25z_autonomous_car/src/SVD/nxp_kinetis_kl25z/mkl25z4-adc0.ads:965:7" }
edge: { sourcename: "mkl25z4__adc0__adc0_peripheralIP" targetname: "mkl25z4__adc0__adc0_clps_registerIP" label: "/home/josegrivera/my-projects/zephyr_ada/apps/samples/frdm_kl25z_autonomous_car/src/SVD/nxp_kinetis_kl25z/mkl25z4-adc0.ads:967:7" }
edge: { sourcename: "mkl25z4__adc0__adc0_peripheralIP" targetname: "mkl25z4__adc0__adc0_clp4_registerIP" label: "/home/josegrivera/my-projects/zephyr_ada/apps/samples/frdm_kl25z_autonomous_car/src/SVD/nxp_kinetis_kl25z/mkl25z4-adc0.ads:969:7" }
edge: { sourcename: "mkl25z4__adc0__adc0_peripheralIP" targetname: "mkl25z4__adc0__adc0_clp3_registerIP" label: "/home/josegrivera/my-projects/zephyr_ada/apps/samples/frdm_kl25z_autonomous_car/src/SVD/nxp_kinetis_kl25z/mkl25z4-adc0.ads:971:7" }
edge: { sourcename: "mkl25z4__adc0__adc0_peripheralIP" targetname: "mkl25z4__adc0__adc0_clp2_registerIP" label: "/home/josegrivera/my-projects/zephyr_ada/apps/samples/frdm_kl25z_autonomous_car/src/SVD/nxp_kinetis_kl25z/mkl25z4-adc0.ads:973:7" }
edge: { sourcename: "mkl25z4__adc0__adc0_peripheralIP" targetname: "mkl25z4__adc0__adc0_clp1_registerIP" label: "/home/josegrivera/my-projects/zephyr_ada/apps/samples/frdm_kl25z_autonomous_car/src/SVD/nxp_kinetis_kl25z/mkl25z4-adc0.ads:975:7" }
edge: { sourcename: "mkl25z4__adc0__adc0_peripheralIP" targetname: "mkl25z4__adc0__adc0_clp0_registerIP" label: "/home/josegrivera/my-projects/zephyr_ada/apps/samples/frdm_kl25z_autonomous_car/src/SVD/nxp_kinetis_kl25z/mkl25z4-adc0.ads:977:7" }
edge: { sourcename: "mkl25z4__adc0__adc0_peripheralIP" targetname: "mkl25z4__adc0__adc0_clmd_registerIP" label: "/home/josegrivera/my-projects/zephyr_ada/apps/samples/frdm_kl25z_autonomous_car/src/SVD/nxp_kinetis_kl25z/mkl25z4-adc0.ads:979:7" }
edge: { sourcename: "mkl25z4__adc0__adc0_peripheralIP" targetname: "mkl25z4__adc0__adc0_clms_registerIP" label: "/home/josegrivera/my-projects/zephyr_ada/apps/samples/frdm_kl25z_autonomous_car/src/SVD/nxp_kinetis_kl25z/mkl25z4-adc0.ads:981:7" }
edge: { sourcename: "mkl25z4__adc0__adc0_peripheralIP" targetname: "mkl25z4__adc0__adc0_clm4_registerIP" label: "/home/josegrivera/my-projects/zephyr_ada/apps/samples/frdm_kl25z_autonomous_car/src/SVD/nxp_kinetis_kl25z/mkl25z4-adc0.ads:983:7" }
edge: { sourcename: "mkl25z4__adc0__adc0_peripheralIP" targetname: "mkl25z4__adc0__adc0_clm3_registerIP" label: "/home/josegrivera/my-projects/zephyr_ada/apps/samples/frdm_kl25z_autonomous_car/src/SVD/nxp_kinetis_kl25z/mkl25z4-adc0.ads:985:7" }
edge: { sourcename: "mkl25z4__adc0__adc0_peripheralIP" targetname: "mkl25z4__adc0__adc0_clm2_registerIP" label: "/home/josegrivera/my-projects/zephyr_ada/apps/samples/frdm_kl25z_autonomous_car/src/SVD/nxp_kinetis_kl25z/mkl25z4-adc0.ads:987:7" }
edge: { sourcename: "mkl25z4__adc0__adc0_peripheralIP" targetname: "mkl25z4__adc0__adc0_clm1_registerIP" label: "/home/josegrivera/my-projects/zephyr_ada/apps/samples/frdm_kl25z_autonomous_car/src/SVD/nxp_kinetis_kl25z/mkl25z4-adc0.ads:989:7" }
edge: { sourcename: "mkl25z4__adc0__adc0_peripheralIP" targetname: "mkl25z4__adc0__adc0_clm0_registerIP" label: "/home/josegrivera/my-projects/zephyr_ada/apps/samples/frdm_kl25z_autonomous_car/src/SVD/nxp_kinetis_kl25z/mkl25z4-adc0.ads:991:7" }
}
