<built-in>:sc_ps_fieldH	48	static
<built-in>:conf_dbgmode_fieldRP	8	static
<built-in>:tpm0_sc_registerIP	8	static
<built-in>:tpm0_cnt_registerIP	8	static
<built-in>:tpm0_mod_registerIP	8	static
<built-in>:tpm0_cnsc_registerIP	8	static
<built-in>:tpm0_cnv_registerIP	8	static
<built-in>:tpm0_channels_clusterIP	16	static
<built-in>:Ttpm0_channels_clustersBIP	32	static
<built-in>:tpm0_status_registerIP	8	static
<built-in>:tpm0_conf_registerIP	8	static
<built-in>:tpm_peripheralIP	16	static
<built-in>:csc_registerIP	8	static
<built-in>:cv_registerIP	8	static
