graph: { title: "/home/josegrivera/my-projects/zephyr_ada/apps/samples/frdm_kl25z_autonomous_car/src/SVD/nxp_kinetis_kl25z/mkl25z4-uart.ads"
node: { title: "mkl25z4__uart__uart1_bdh_registerIP" label: "uart1_bdh_registerIP\n<built-in>\n8 bytes (static)\n0 dynamic objects" }
node: { title: "mkl25z4__uart__uart1_c1_registerIP" label: "uart1_c1_registerIP\n<built-in>\n8 bytes (static)\n0 dynamic objects" }
node: { title: "mkl25z4__uart__uart1_c2_registerIP" label: "uart1_c2_registerIP\n<built-in>\n8 bytes (static)\n0 dynamic objects" }
node: { title: "mkl25z4__uart__uart1_s1_registerIP" label: "uart1_s1_registerIP\n<built-in>\n8 bytes (static)\n0 dynamic objects" }
node: { title: "mkl25z4__uart__uart1_s2_registerIP" label: "uart1_s2_registerIP\n<built-in>\n8 bytes (static)\n0 dynamic objects" }
node: { title: "mkl25z4__uart__uart1_c3_registerIP" label: "uart1_c3_registerIP\n<built-in>\n8 bytes (static)\n0 dynamic objects" }
node: { title: "mkl25z4__uart__uart1_d_registerIP" label: "uart1_d_registerIP\n<built-in>\n8 bytes (static)\n0 dynamic objects" }
node: { title: "mkl25z4__uart__uart1_c4_registerIP" label: "uart1_c4_registerIP\n<built-in>\n8 bytes (static)\n0 dynamic objects" }
node: { title: "mkl25z4__uart__uart_peripheralIP" label: "uart_peripheralIP\n<built-in>\n16 bytes (static)\n0 dynamic objects" }
edge: { sourcename: "mkl25z4__uart__uart_peripheralIP" targetname: "mkl25z4__uart__uart1_bdh_registerIP" label: "/home/josegrivera/my-projects/zephyr_ada/apps/samples/frdm_kl25z_autonomous_car/src/SVD/nxp_kinetis_kl25z/mkl25z4-uart.ads:814:7" }
edge: { sourcename: "mkl25z4__uart__uart_peripheralIP" targetname: "mkl25z4__uart__uart1_c1_registerIP" label: "/home/josegrivera/my-projects/zephyr_ada/apps/samples/frdm_kl25z_autonomous_car/src/SVD/nxp_kinetis_kl25z/mkl25z4-uart.ads:818:7" }
edge: { sourcename: "mkl25z4__uart__uart_peripheralIP" targetname: "mkl25z4__uart__uart1_c2_registerIP" label: "/home/josegrivera/my-projects/zephyr_ada/apps/samples/frdm_kl25z_autonomous_car/src/SVD/nxp_kinetis_kl25z/mkl25z4-uart.ads:820:7" }
edge: { sourcename: "mkl25z4__uart__uart_peripheralIP" targetname: "mkl25z4__uart__uart1_s2_registerIP" label: "/home/josegrivera/my-projects/zephyr_ada/apps/samples/frdm_kl25z_autonomous_car/src/SVD/nxp_kinetis_kl25z/mkl25z4-uart.ads:824:7" }
edge: { sourcename: "mkl25z4__uart__uart_peripheralIP" targetname: "mkl25z4__uart__uart1_c3_registerIP" label: "/home/josegrivera/my-projects/zephyr_ada/apps/samples/frdm_kl25z_autonomous_car/src/SVD/nxp_kinetis_kl25z/mkl25z4-uart.ads:826:7" }
edge: { sourcename: "mkl25z4__uart__uart_peripheralIP" targetname: "mkl25z4__uart__uart1_d_registerIP" label: "/home/josegrivera/my-projects/zephyr_ada/apps/samples/frdm_kl25z_autonomous_car/src/SVD/nxp_kinetis_kl25z/mkl25z4-uart.ads:828:7" }
edge: { sourcename: "mkl25z4__uart__uart_peripheralIP" targetname: "mkl25z4__uart__uart1_c4_registerIP" label: "/home/josegrivera/my-projects/zephyr_ada/apps/samples/frdm_kl25z_autonomous_car/src/SVD/nxp_kinetis_kl25z/mkl25z4-uart.ads:830:7" }
}
