graph: { title: "/home/josegrivera/my-projects/zephyr_ada/apps/samples/frdm_kl25z_autonomous_car/src/SVD/nxp_kinetis_kl25z/mkl25z4-pit.ads"
node: { title: "mkl25z4__pit__pit_mcr_registerIP" label: "pit_mcr_registerIP\n<built-in>\n8 bytes (static)\n0 dynamic objects" }
node: { title: "mkl25z4__pit__tctrl_registerIP" label: "tctrl_registerIP\n<built-in>\n8 bytes (static)\n0 dynamic objects" }
node: { title: "mkl25z4__pit__tflg_registerIP" label: "tflg_registerIP\n<built-in>\n8 bytes (static)\n0 dynamic objects" }
node: { title: "mkl25z4__pit__pit_channel_typeIP" label: "pit_channel_typeIP\n<built-in>\n16 bytes (static)\n0 dynamic objects" }
edge: { sourcename: "mkl25z4__pit__pit_channel_typeIP" targetname: "mkl25z4__pit__tctrl_registerIP" label: "/home/josegrivera/my-projects/zephyr_ada/apps/samples/frdm_kl25z_autonomous_car/src/SVD/nxp_kinetis_kl25z/mkl25z4-pit.ads:170:7" }
edge: { sourcename: "mkl25z4__pit__pit_channel_typeIP" targetname: "mkl25z4__pit__tflg_registerIP" label: "/home/josegrivera/my-projects/zephyr_ada/apps/samples/frdm_kl25z_autonomous_car/src/SVD/nxp_kinetis_kl25z/mkl25z4-pit.ads:172:7" }
node: { title: "mkl25z4__pit__Tpit_channel_array_typeBIP" label: "Tpit_channel_array_typeBIP\n<built-in>\n32 bytes (static)\n0 dynamic objects" }
edge: { sourcename: "mkl25z4__pit__Tpit_channel_array_typeBIP" targetname: "mkl25z4__pit__tctrl_registerIP" label: "/home/josegrivera/my-projects/zephyr_ada/apps/samples/frdm_kl25z_autonomous_car/src/SVD/nxp_kinetis_kl25z/mkl25z4-pit.ads:210:4" }
edge: { sourcename: "mkl25z4__pit__Tpit_channel_array_typeBIP" targetname: "mkl25z4__pit__tflg_registerIP" label: "/home/josegrivera/my-projects/zephyr_ada/apps/samples/frdm_kl25z_autonomous_car/src/SVD/nxp_kinetis_kl25z/mkl25z4-pit.ads:210:4" }
node: { title: "mkl25z4__pit__pit_peripheralIP" label: "pit_peripheralIP\n<built-in>\n16 bytes (static)\n0 dynamic objects" }
edge: { sourcename: "mkl25z4__pit__pit_peripheralIP" targetname: "mkl25z4__pit__pit_mcr_registerIP" label: "/home/josegrivera/my-projects/zephyr_ada/apps/samples/frdm_kl25z_autonomous_car/src/SVD/nxp_kinetis_kl25z/mkl25z4-pit.ads:192:7" }
edge: { sourcename: "mkl25z4__pit__pit_peripheralIP" targetname: "mkl25z4__pit__Tpit_channel_array_typeBIP" label: "/home/josegrivera/my-projects/zephyr_ada/apps/samples/frdm_kl25z_autonomous_car/src/SVD/nxp_kinetis_kl25z/mkl25z4-pit.ads:198:7" }
}
