graph: { title: "/home/josegrivera/my-projects/zephyr_ada/apps/samples/frdm_kl25z_autonomous_car/src/drivers/mcu_specific/nxp_kinetis_kl25z/nor_flash_driver.adb"
node: { title: "/home/josegrivera/my-projects/zephyr_ada/apps/samples/frdm_kl25z_autonomous_car/src/drivers/mcu_specific/nxp_kinetis_kl25z/nor_flash_driver.adb:nor_flash_driver__execute_nor_flash_command" label: "Execute_Nor_Flash_Command\n/home/josegrivera/my-projects/zephyr_ada/apps/samples/frdm_kl25z_autonomous_car/src/drivers/mcu_specific/nxp_kinetis_kl25z/nor_flash_driver.adb:141:4\n24 bytes (static)\n0 dynamic objects" }
node: { title: "mkl25z4__ftfa__ftfa_fstat_registerIP" label: "ftfa_fstat_registerIP\n<built-in>" shape : ellipse }
edge: { sourcename: "/home/josegrivera/my-projects/zephyr_ada/apps/samples/frdm_kl25z_autonomous_car/src/drivers/mcu_specific/nxp_kinetis_kl25z/nor_flash_driver.adb:nor_flash_driver__execute_nor_flash_command" targetname: "mkl25z4__ftfa__ftfa_fstat_registerIP" label: "/home/josegrivera/my-projects/zephyr_ada/apps/samples/frdm_kl25z_autonomous_car/src/drivers/mcu_specific/nxp_kinetis_kl25z/nor_flash_driver.adb:146:7" }
node: { title: "__gnat_last_chance_handler" label: "gnat_last_chance_handler\n<built-in>" shape : ellipse }
edge: { sourcename: "/home/josegrivera/my-projects/zephyr_ada/apps/samples/frdm_kl25z_autonomous_car/src/drivers/mcu_specific/nxp_kinetis_kl25z/nor_flash_driver.adb:nor_flash_driver__execute_nor_flash_command" targetname: "__gnat_last_chance_handler" label: "/home/josegrivera/my-projects/zephyr_ada/apps/samples/frdm_kl25z_autonomous_car/src/drivers/mcu_specific/nxp_kinetis_kl25z/nor_flash_driver.adb:149:20" }
node: { title: "system__assertions__raise_assert_failure" label: "Raise_Assert_Failure\n/home/josegrivera/my-projects/zephyr_ada/apps/zephyr_ada_rts/src/third_party/s-assert.ads:46:14" shape : ellipse }
edge: { sourcename: "/home/josegrivera/my-projects/zephyr_ada/apps/samples/frdm_kl25z_autonomous_car/src/drivers/mcu_specific/nxp_kinetis_kl25z/nor_flash_driver.adb:nor_flash_driver__execute_nor_flash_command" targetname: "system__assertions__raise_assert_failure" label: "/home/josegrivera/my-projects/zephyr_ada/apps/samples/frdm_kl25z_autonomous_car/src/drivers/mcu_specific/nxp_kinetis_kl25z/nor_flash_driver.adb:149:10" }
node: { title: "runtime_logs__generate_unique_error_code" label: "Generate_Unique_Error_Code\n/home/josegrivera/my-projects/zephyr_ada/apps/samples/frdm_kl25z_autonomous_car/src/building_blocks/portable/runtime_logs.ads:64:13" shape : ellipse }
edge: { sourcename: "/home/josegrivera/my-projects/zephyr_ada/apps/samples/frdm_kl25z_autonomous_car/src/drivers/mcu_specific/nxp_kinetis_kl25z/nor_flash_driver.adb:nor_flash_driver__execute_nor_flash_command" targetname: "runtime_logs__generate_unique_error_code" label: "/home/josegrivera/my-projects/zephyr_ada/apps/samples/frdm_kl25z_autonomous_car/src/drivers/mcu_specific/nxp_kinetis_kl25z/nor_flash_driver.adb:168:22" }
node: { title: "runtime_logs__error_print" label: "Error_Print\n/home/josegrivera/my-projects/zephyr_ada/apps/samples/frdm_kl25z_autonomous_car/src/building_blocks/portable/runtime_logs.ads:66:14" shape : ellipse }
edge: { sourcename: "/home/josegrivera/my-projects/zephyr_ada/apps/samples/frdm_kl25z_autonomous_car/src/drivers/mcu_specific/nxp_kinetis_kl25z/nor_flash_driver.adb:nor_flash_driver__execute_nor_flash_command" targetname: "runtime_logs__error_print" label: "/home/josegrivera/my-projects/zephyr_ada/apps/samples/frdm_kl25z_autonomous_car/src/drivers/mcu_specific/nxp_kinetis_kl25z/nor_flash_driver.adb:168:22" }
node: { title: "/home/josegrivera/my-projects/zephyr_ada/apps/samples/frdm_kl25z_autonomous_car/src/drivers/mcu_specific/nxp_kinetis_kl25z/nor_flash_driver.adb:nor_flash_driver__erase_sector" label: "Erase_Sector\n/home/josegrivera/my-projects/zephyr_ada/apps/samples/frdm_kl25z_autonomous_car/src/drivers/mcu_specific/nxp_kinetis_kl25z/nor_flash_driver.adb:99:4\n24 bytes (static)\n0 dynamic objects" }
edge: { sourcename: "/home/josegrivera/my-projects/zephyr_ada/apps/samples/frdm_kl25z_autonomous_car/src/drivers/mcu_specific/nxp_kinetis_kl25z/nor_flash_driver.adb:nor_flash_driver__erase_sector" targetname: "mkl25z4__ftfa__ftfa_fstat_registerIP" label: "/home/josegrivera/my-projects/zephyr_ada/apps/samples/frdm_kl25z_autonomous_car/src/drivers/mcu_specific/nxp_kinetis_kl25z/nor_flash_driver.adb:102:7" }
edge: { sourcename: "/home/josegrivera/my-projects/zephyr_ada/apps/samples/frdm_kl25z_autonomous_car/src/drivers/mcu_specific/nxp_kinetis_kl25z/nor_flash_driver.adb:nor_flash_driver__erase_sector" targetname: "system__assertions__raise_assert_failure" label: "/home/josegrivera/my-projects/zephyr_ada/apps/samples/frdm_kl25z_autonomous_car/src/drivers/mcu_specific/nxp_kinetis_kl25z/nor_flash_driver.adb:106:22" }
edge: { sourcename: "/home/josegrivera/my-projects/zephyr_ada/apps/samples/frdm_kl25z_autonomous_car/src/drivers/mcu_specific/nxp_kinetis_kl25z/nor_flash_driver.adb:nor_flash_driver__erase_sector" targetname: "system__assertions__raise_assert_failure" label: "/home/josegrivera/my-projects/zephyr_ada/apps/samples/frdm_kl25z_autonomous_car/src/drivers/mcu_specific/nxp_kinetis_kl25z/nor_flash_driver.adb:112:22" }
edge: { sourcename: "/home/josegrivera/my-projects/zephyr_ada/apps/samples/frdm_kl25z_autonomous_car/src/drivers/mcu_specific/nxp_kinetis_kl25z/nor_flash_driver.adb:nor_flash_driver__erase_sector" targetname: "/home/josegrivera/my-projects/zephyr_ada/apps/samples/frdm_kl25z_autonomous_car/src/drivers/mcu_specific/nxp_kinetis_kl25z/nor_flash_driver.adb:nor_flash_driver__execute_nor_flash_command" label: "/home/josegrivera/my-projects/zephyr_ada/apps/samples/frdm_kl25z_autonomous_car/src/drivers/mcu_specific/nxp_kinetis_kl25z/nor_flash_driver.adb:134:14" }
edge: { sourcename: "/home/josegrivera/my-projects/zephyr_ada/apps/samples/frdm_kl25z_autonomous_car/src/drivers/mcu_specific/nxp_kinetis_kl25z/nor_flash_driver.adb:nor_flash_driver__erase_sector" targetname: "__gnat_last_chance_handler" label: "/home/josegrivera/my-projects/zephyr_ada/apps/samples/frdm_kl25z_autonomous_car/src/drivers/mcu_specific/nxp_kinetis_kl25z/nor_flash_driver.adb:134:14" }
node: { title: "/home/josegrivera/my-projects/zephyr_ada/apps/samples/frdm_kl25z_autonomous_car/src/drivers/mcu_specific/nxp_kinetis_kl25z/nor_flash_driver.adb:nor_flash_driver__write_word" label: "Write_Word\n/home/josegrivera/my-projects/zephyr_ada/apps/samples/frdm_kl25z_autonomous_car/src/drivers/mcu_specific/nxp_kinetis_kl25z/nor_flash_driver.adb:261:4\n32 bytes (static)\n0 dynamic objects" }
edge: { sourcename: "/home/josegrivera/my-projects/zephyr_ada/apps/samples/frdm_kl25z_autonomous_car/src/drivers/mcu_specific/nxp_kinetis_kl25z/nor_flash_driver.adb:nor_flash_driver__write_word" targetname: "mkl25z4__ftfa__ftfa_fstat_registerIP" label: "/home/josegrivera/my-projects/zephyr_ada/apps/samples/frdm_kl25z_autonomous_car/src/drivers/mcu_specific/nxp_kinetis_kl25z/nor_flash_driver.adb:265:7" }
edge: { sourcename: "/home/josegrivera/my-projects/zephyr_ada/apps/samples/frdm_kl25z_autonomous_car/src/drivers/mcu_specific/nxp_kinetis_kl25z/nor_flash_driver.adb:nor_flash_driver__write_word" targetname: "system__assertions__raise_assert_failure" label: "/home/josegrivera/my-projects/zephyr_ada/apps/samples/frdm_kl25z_autonomous_car/src/drivers/mcu_specific/nxp_kinetis_kl25z/nor_flash_driver.adb:273:22" }
edge: { sourcename: "/home/josegrivera/my-projects/zephyr_ada/apps/samples/frdm_kl25z_autonomous_car/src/drivers/mcu_specific/nxp_kinetis_kl25z/nor_flash_driver.adb:nor_flash_driver__write_word" targetname: "__gnat_last_chance_handler" label: "/home/josegrivera/my-projects/zephyr_ada/apps/samples/frdm_kl25z_autonomous_car/src/drivers/mcu_specific/nxp_kinetis_kl25z/nor_flash_driver.adb:295:22" }
edge: { sourcename: "/home/josegrivera/my-projects/zephyr_ada/apps/samples/frdm_kl25z_autonomous_car/src/drivers/mcu_specific/nxp_kinetis_kl25z/nor_flash_driver.adb:nor_flash_driver__write_word" targetname: "/home/josegrivera/my-projects/zephyr_ada/apps/samples/frdm_kl25z_autonomous_car/src/drivers/mcu_specific/nxp_kinetis_kl25z/nor_flash_driver.adb:nor_flash_driver__execute_nor_flash_command" label: "/home/josegrivera/my-projects/zephyr_ada/apps/samples/frdm_kl25z_autonomous_car/src/drivers/mcu_specific/nxp_kinetis_kl25z/nor_flash_driver.adb:303:14" }
edge: { sourcename: "/home/josegrivera/my-projects/zephyr_ada/apps/samples/frdm_kl25z_autonomous_car/src/drivers/mcu_specific/nxp_kinetis_kl25z/nor_flash_driver.adb:nor_flash_driver__write_word" targetname: "__gnat_last_chance_handler" label: "/home/josegrivera/my-projects/zephyr_ada/apps/samples/frdm_kl25z_autonomous_car/src/drivers/mcu_specific/nxp_kinetis_kl25z/nor_flash_driver.adb:303:14" }
node: { title: "nor_flash_driver__nor_flash_const_typeIP" label: "nor_flash_const_typeIP\n<built-in>\n8 bytes (static)\n0 dynamic objects" }
edge: { sourcename: "nor_flash_driver__nor_flash_const_typeIP" targetname: "__gnat_last_chance_handler" label: "/home/josegrivera/my-projects/zephyr_ada/apps/samples/frdm_kl25z_autonomous_car/src/drivers/mcu_specific/nxp_kinetis_kl25z/nor_flash_driver.adb:44:4" }
node: { title: "nor_flash_driver__nor_flash_var_typeIP" label: "nor_flash_var_typeIP\n<built-in>\n8 bytes (static)\n0 dynamic objects" }
node: { title: "nor_flash_driver__nor_flash_commandsRP" label: "nor_flash_commandsRP\n<built-in>\n8 bytes (static)\n0 dynamic objects" }
node: { title: "nor_flash_driver__initialized" label: "Initialized\n/home/josegrivera/my-projects/zephyr_ada/apps/samples/frdm_kl25z_autonomous_car/src/drivers/mcu_specific/nxp_kinetis_kl25z/nor_flash_driver.adb:189:4\n8 bytes (static)\n0 dynamic objects" }
edge: { sourcename: "nor_flash_driver__initialized" targetname: "__gnat_last_chance_handler" label: "/home/josegrivera/my-projects/zephyr_ada/apps/samples/frdm_kl25z_autonomous_car/src/drivers/mcu_specific/nxp_kinetis_kl25z/nor_flash_driver.adb:190:21" }
node: { title: "nor_flash_driver__initialize" label: "Initialize\n/home/josegrivera/my-projects/zephyr_ada/apps/samples/frdm_kl25z_autonomous_car/src/drivers/mcu_specific/nxp_kinetis_kl25z/nor_flash_driver.adb:179:4\n8 bytes (static)\n0 dynamic objects" }
edge: { sourcename: "nor_flash_driver__initialize" targetname: "nor_flash_driver__initialized" label: "/home/josegrivera/my-projects/zephyr_ada/apps/samples/frdm_kl25z_autonomous_car/src/drivers/portable/nor_flash_driver.ads:51:23" }
edge: { sourcename: "nor_flash_driver__initialize" targetname: "__gnat_last_chance_handler" label: "/home/josegrivera/my-projects/zephyr_ada/apps/samples/frdm_kl25z_autonomous_car/src/drivers/portable/nor_flash_driver.ads:51:23" }
edge: { sourcename: "nor_flash_driver__initialize" targetname: "system__assertions__raise_assert_failure" label: "/home/josegrivera/my-projects/zephyr_ada/apps/samples/frdm_kl25z_autonomous_car/src/drivers/portable/nor_flash_driver.ads:51:19" }
node: { title: "nor_flash_driver__write" label: "Write\n/home/josegrivera/my-projects/zephyr_ada/apps/samples/frdm_kl25z_autonomous_car/src/drivers/mcu_specific/nxp_kinetis_kl25z/nor_flash_driver.adb:196:4\n40 bytes (static)\n0 dynamic objects" }
edge: { sourcename: "nor_flash_driver__write" targetname: "nor_flash_driver__initialized" label: "/home/josegrivera/my-projects/zephyr_ada/apps/samples/frdm_kl25z_autonomous_car/src/drivers/portable/nor_flash_driver.ads:56:19" }
edge: { sourcename: "nor_flash_driver__write" targetname: "__gnat_last_chance_handler" label: "/home/josegrivera/my-projects/zephyr_ada/apps/samples/frdm_kl25z_autonomous_car/src/drivers/portable/nor_flash_driver.ads:56:19" }
edge: { sourcename: "nor_flash_driver__write" targetname: "system__assertions__raise_assert_failure" label: "/home/josegrivera/my-projects/zephyr_ada/apps/samples/frdm_kl25z_autonomous_car/src/drivers/portable/nor_flash_driver.ads:56:19" }
node: { title: "memory_utils__get_flash_used" label: "Get_Flash_Used\n/home/josegrivera/my-projects/zephyr_ada/apps/samples/frdm_kl25z_autonomous_car/src/building_blocks/portable/memory_utils.ads:33:13" shape : ellipse }
edge: { sourcename: "nor_flash_driver__write" targetname: "memory_utils__get_flash_used" label: "/home/josegrivera/my-projects/zephyr_ada/apps/samples/frdm_kl25z_autonomous_car/src/drivers/mcu_specific/nxp_kinetis_kl25z/nor_flash_driver.adb:209:49" }
edge: { sourcename: "nor_flash_driver__write" targetname: "__gnat_last_chance_handler" label: "/home/josegrivera/my-projects/zephyr_ada/apps/samples/frdm_kl25z_autonomous_car/src/drivers/mcu_specific/nxp_kinetis_kl25z/nor_flash_driver.adb:207:53" }
edge: { sourcename: "nor_flash_driver__write" targetname: "__gnat_last_chance_handler" label: "/home/josegrivera/my-projects/zephyr_ada/apps/samples/frdm_kl25z_autonomous_car/src/drivers/mcu_specific/nxp_kinetis_kl25z/nor_flash_driver.adb:213:32" }
edge: { sourcename: "nor_flash_driver__write" targetname: "system__assertions__raise_assert_failure" label: "/home/josegrivera/my-projects/zephyr_ada/apps/samples/frdm_kl25z_autonomous_car/src/drivers/mcu_specific/nxp_kinetis_kl25z/nor_flash_driver.adb:213:22" }
edge: { sourcename: "nor_flash_driver__write" targetname: "system__assertions__raise_assert_failure" label: "/home/josegrivera/my-projects/zephyr_ada/apps/samples/frdm_kl25z_autonomous_car/src/drivers/mcu_specific/nxp_kinetis_kl25z/nor_flash_driver.adb:214:22" }
edge: { sourcename: "nor_flash_driver__write" targetname: "system__assertions__raise_assert_failure" label: "/home/josegrivera/my-projects/zephyr_ada/apps/samples/frdm_kl25z_autonomous_car/src/drivers/mcu_specific/nxp_kinetis_kl25z/nor_flash_driver.adb:215:22" }
edge: { sourcename: "nor_flash_driver__write" targetname: "system__assertions__raise_assert_failure" label: "/home/josegrivera/my-projects/zephyr_ada/apps/samples/frdm_kl25z_autonomous_car/src/drivers/mcu_specific/nxp_kinetis_kl25z/nor_flash_driver.adb:217:22" }
edge: { sourcename: "nor_flash_driver__write" targetname: "runtime_logs__generate_unique_error_code" label: "/home/josegrivera/my-projects/zephyr_ada/apps/samples/frdm_kl25z_autonomous_car/src/drivers/mcu_specific/nxp_kinetis_kl25z/nor_flash_driver.adb:224:22" }
edge: { sourcename: "nor_flash_driver__write" targetname: "runtime_logs__error_print" label: "/home/josegrivera/my-projects/zephyr_ada/apps/samples/frdm_kl25z_autonomous_car/src/drivers/mcu_specific/nxp_kinetis_kl25z/nor_flash_driver.adb:224:22" }
edge: { sourcename: "nor_flash_driver__write" targetname: "/home/josegrivera/my-projects/zephyr_ada/apps/samples/frdm_kl25z_autonomous_car/src/drivers/mcu_specific/nxp_kinetis_kl25z/nor_flash_driver.adb:nor_flash_driver__erase_sector" label: "/home/josegrivera/my-projects/zephyr_ada/apps/samples/frdm_kl25z_autonomous_car/src/drivers/mcu_specific/nxp_kinetis_kl25z/nor_flash_driver.adb:234:22" }
edge: { sourcename: "nor_flash_driver__write" targetname: "__gnat_last_chance_handler" label: "/home/josegrivera/my-projects/zephyr_ada/apps/samples/frdm_kl25z_autonomous_car/src/drivers/mcu_specific/nxp_kinetis_kl25z/nor_flash_driver.adb:234:22" }
edge: { sourcename: "nor_flash_driver__write" targetname: "/home/josegrivera/my-projects/zephyr_ada/apps/samples/frdm_kl25z_autonomous_car/src/drivers/mcu_specific/nxp_kinetis_kl25z/nor_flash_driver.adb:nor_flash_driver__write_word" label: "/home/josegrivera/my-projects/zephyr_ada/apps/samples/frdm_kl25z_autonomous_car/src/drivers/mcu_specific/nxp_kinetis_kl25z/nor_flash_driver.adb:246:22" }
edge: { sourcename: "nor_flash_driver__write" targetname: "__gnat_last_chance_handler" label: "/home/josegrivera/my-projects/zephyr_ada/apps/samples/frdm_kl25z_autonomous_car/src/drivers/mcu_specific/nxp_kinetis_kl25z/nor_flash_driver.adb:246:22" }
node: { title: "nor_flash_driver___elabb" label: "Nor_Flash_Driver\n/home/josegrivera/my-projects/zephyr_ada/apps/samples/frdm_kl25z_autonomous_car/src/drivers/mcu_specific/nxp_kinetis_kl25z/nor_flash_driver.adb:34:1\n8 bytes (static)\n0 dynamic objects" }
}
