/home/josegrivera/my-projects/zephyr_ada/apps/samples/frdm_kl25z_autonomous_car/src/drivers/mcu_specific/nxp_kinetis_kl25z/nor_flash_driver.adb:141:4:Execute_Nor_Flash_Command	24	static
/home/josegrivera/my-projects/zephyr_ada/apps/samples/frdm_kl25z_autonomous_car/src/drivers/mcu_specific/nxp_kinetis_kl25z/nor_flash_driver.adb:99:4:Erase_Sector	24	static
/home/josegrivera/my-projects/zephyr_ada/apps/samples/frdm_kl25z_autonomous_car/src/drivers/mcu_specific/nxp_kinetis_kl25z/nor_flash_driver.adb:261:4:Write_Word	32	static
<built-in>:nor_flash_const_typeIP	8	static
<built-in>:nor_flash_var_typeIP	8	static
<built-in>:nor_flash_commandsRP	8	static
/home/josegrivera/my-projects/zephyr_ada/apps/samples/frdm_kl25z_autonomous_car/src/drivers/mcu_specific/nxp_kinetis_kl25z/nor_flash_driver.adb:189:4:Initialized	8	static
/home/josegrivera/my-projects/zephyr_ada/apps/samples/frdm_kl25z_autonomous_car/src/drivers/mcu_specific/nxp_kinetis_kl25z/nor_flash_driver.adb:179:4:Initialize	8	static
/home/josegrivera/my-projects/zephyr_ada/apps/samples/frdm_kl25z_autonomous_car/src/drivers/mcu_specific/nxp_kinetis_kl25z/nor_flash_driver.adb:196:4:Write	40	static
/home/josegrivera/my-projects/zephyr_ada/apps/samples/frdm_kl25z_autonomous_car/src/drivers/mcu_specific/nxp_kinetis_kl25z/nor_flash_driver.adb:34:1:Nor_Flash_Driver	8	static
