graph: { title: "/home/josegrivera/my-projects/zephyr_ada/apps/samples/frdm_kl25z_autonomous_car/src/building_blocks/portable/number_conversion_utils.adb"
node: { title: "number_conversion_utils__decimal_string_to_unsigned" label: "Decimal_String_To_Unsigned\n/home/josegrivera/my-projects/zephyr_ada/apps/samples/frdm_kl25z_autonomous_car/src/building_blocks/portable/number_conversion_utils.adb:90:4\n24 bytes (static)\n0 dynamic objects" }
node: { title: "memset" label: "builtin_memset\n<built-in>" shape : ellipse }
edge: { sourcename: "number_conversion_utils__decimal_string_to_unsigned" targetname: "memset" }
node: { title: "number_conversion_utils__decimal_string_to_float" label: "Decimal_String_To_Float\n/home/josegrivera/my-projects/zephyr_ada/apps/samples/frdm_kl25z_autonomous_car/src/building_blocks/portable/number_conversion_utils.adb:34:4\n80 bytes (static)\n0 dynamic objects" }
node: { title: "__gnat_last_chance_handler" label: "gnat_last_chance_handler\n<built-in>" shape : ellipse }
edge: { sourcename: "number_conversion_utils__decimal_string_to_float" targetname: "__gnat_last_chance_handler" label: "/home/josegrivera/my-projects/zephyr_ada/apps/samples/frdm_kl25z_autonomous_car/src/building_blocks/portable/number_conversion_utils.adb:47:36" }
edge: { sourcename: "number_conversion_utils__decimal_string_to_float" targetname: "__gnat_last_chance_handler" label: "/home/josegrivera/my-projects/zephyr_ada/apps/samples/frdm_kl25z_autonomous_car/src/building_blocks/portable/number_conversion_utils.adb:52:10" }
edge: { sourcename: "number_conversion_utils__decimal_string_to_float" targetname: "__gnat_last_chance_handler" label: "/home/josegrivera/my-projects/zephyr_ada/apps/samples/frdm_kl25z_autonomous_car/src/building_blocks/portable/number_conversion_utils.adb:58:48" }
edge: { sourcename: "number_conversion_utils__decimal_string_to_float" targetname: "__gnat_last_chance_handler" label: "/home/josegrivera/my-projects/zephyr_ada/apps/samples/frdm_kl25z_autonomous_car/src/building_blocks/portable/number_conversion_utils.adb:57:66" }
edge: { sourcename: "number_conversion_utils__decimal_string_to_float" targetname: "number_conversion_utils__decimal_string_to_unsigned" label: "/home/josegrivera/my-projects/zephyr_ada/apps/samples/frdm_kl25z_autonomous_car/src/building_blocks/portable/number_conversion_utils.adb:57:7" }
edge: { sourcename: "number_conversion_utils__decimal_string_to_float" targetname: "__gnat_last_chance_handler" label: "/home/josegrivera/my-projects/zephyr_ada/apps/samples/frdm_kl25z_autonomous_car/src/building_blocks/portable/number_conversion_utils.adb:61:14" }
edge: { sourcename: "number_conversion_utils__decimal_string_to_float" targetname: "__gnat_last_chance_handler" label: "/home/josegrivera/my-projects/zephyr_ada/apps/samples/frdm_kl25z_autonomous_car/src/building_blocks/portable/number_conversion_utils.adb:65:68" }
edge: { sourcename: "number_conversion_utils__decimal_string_to_float" targetname: "__gnat_last_chance_handler" label: "/home/josegrivera/my-projects/zephyr_ada/apps/samples/frdm_kl25z_autonomous_car/src/building_blocks/portable/number_conversion_utils.adb:65:72" }
edge: { sourcename: "number_conversion_utils__decimal_string_to_float" targetname: "number_conversion_utils__decimal_string_to_unsigned" label: "/home/josegrivera/my-projects/zephyr_ada/apps/samples/frdm_kl25z_autonomous_car/src/building_blocks/portable/number_conversion_utils.adb:65:7" }
edge: { sourcename: "number_conversion_utils__decimal_string_to_float" targetname: "__gnat_last_chance_handler" label: "/home/josegrivera/my-projects/zephyr_ada/apps/samples/frdm_kl25z_autonomous_car/src/building_blocks/portable/number_conversion_utils.adb:69:14" }
edge: { sourcename: "number_conversion_utils__decimal_string_to_float" targetname: "__gnat_last_chance_handler" label: "/home/josegrivera/my-projects/zephyr_ada/apps/samples/frdm_kl25z_autonomous_car/src/building_blocks/portable/number_conversion_utils.adb:75:29" }
edge: { sourcename: "number_conversion_utils__decimal_string_to_float" targetname: "__gnat_last_chance_handler" label: "/home/josegrivera/my-projects/zephyr_ada/apps/samples/frdm_kl25z_autonomous_car/src/building_blocks/portable/number_conversion_utils.adb:75:26" }
edge: { sourcename: "number_conversion_utils__decimal_string_to_float" targetname: "__gnat_last_chance_handler" label: "/home/josegrivera/my-projects/zephyr_ada/apps/samples/frdm_kl25z_autonomous_car/src/building_blocks/portable/number_conversion_utils.adb:78:10" }
edge: { sourcename: "number_conversion_utils__decimal_string_to_float" targetname: "__gnat_last_chance_handler" label: "/home/josegrivera/my-projects/zephyr_ada/apps/samples/frdm_kl25z_autonomous_car/src/building_blocks/portable/number_conversion_utils.adb:80:50" }
node: { title: "__aeabi_ui2f" label: "aeabi_ui2f\n<built-in>" shape : ellipse }
edge: { sourcename: "number_conversion_utils__decimal_string_to_float" targetname: "__aeabi_ui2f" }
node: { title: "__aeabi_i2f" label: "aeabi_i2f\n<built-in>" shape : ellipse }
edge: { sourcename: "number_conversion_utils__decimal_string_to_float" targetname: "__aeabi_i2f" }
node: { title: "__aeabi_fdiv" label: "aeabi_fdiv\n<built-in>" shape : ellipse }
edge: { sourcename: "number_conversion_utils__decimal_string_to_float" targetname: "__aeabi_fdiv" }
node: { title: "system__fat_flt__attr_float__valid" label: "Valid\n/home/josegrivera/my-projects/zephyr_ada/apps/zephyr_ada_rts/src/third_party/s-fatgen.ads:89:13" shape : ellipse }
edge: { sourcename: "number_conversion_utils__decimal_string_to_float" targetname: "system__fat_flt__attr_float__valid" label: "/home/josegrivera/my-projects/zephyr_ada/apps/samples/frdm_kl25z_autonomous_car/src/building_blocks/portable/number_conversion_utils.adb:79:65" }
edge: { sourcename: "number_conversion_utils__decimal_string_to_float" targetname: "__gnat_last_chance_handler" label: "/home/josegrivera/my-projects/zephyr_ada/apps/samples/frdm_kl25z_autonomous_car/src/building_blocks/portable/number_conversion_utils.adb:79:65" }
edge: { sourcename: "number_conversion_utils__decimal_string_to_float" targetname: "__aeabi_ui2f" }
node: { title: "__aeabi_fadd" label: "aeabi_fadd\n<built-in>" shape : ellipse }
edge: { sourcename: "number_conversion_utils__decimal_string_to_float" targetname: "__aeabi_fadd" }
edge: { sourcename: "number_conversion_utils__decimal_string_to_float" targetname: "system__fat_flt__attr_float__valid" label: "/home/josegrivera/my-projects/zephyr_ada/apps/samples/frdm_kl25z_autonomous_car/src/building_blocks/portable/number_conversion_utils.adb:79:40" }
edge: { sourcename: "number_conversion_utils__decimal_string_to_float" targetname: "__gnat_last_chance_handler" label: "/home/josegrivera/my-projects/zephyr_ada/apps/samples/frdm_kl25z_autonomous_car/src/building_blocks/portable/number_conversion_utils.adb:79:40" }
edge: { sourcename: "number_conversion_utils__decimal_string_to_float" targetname: "__aeabi_ui2f" }
edge: { sourcename: "number_conversion_utils__decimal_string_to_float" targetname: "memset" }
node: { title: "number_conversion_utils__decimal_string_to_unsigned__2" label: "Decimal_String_To_Unsigned\n/home/josegrivera/my-projects/zephyr_ada/apps/samples/frdm_kl25z_autonomous_car/src/building_blocks/portable/number_conversion_utils.adb:123:4\n24 bytes (static)\n0 dynamic objects" }
edge: { sourcename: "number_conversion_utils__decimal_string_to_unsigned__2" targetname: "number_conversion_utils__decimal_string_to_unsigned" label: "/home/josegrivera/my-projects/zephyr_ada/apps/samples/frdm_kl25z_autonomous_car/src/building_blocks/portable/number_conversion_utils.adb:131:7" }
edge: { sourcename: "number_conversion_utils__decimal_string_to_unsigned__2" targetname: "__gnat_last_chance_handler" label: "/home/josegrivera/my-projects/zephyr_ada/apps/samples/frdm_kl25z_autonomous_car/src/building_blocks/portable/number_conversion_utils.adb:133:10" }
node: { title: "number_conversion_utils__decimal_string_to_unsigned__3" label: "Decimal_String_To_Unsigned\n/home/josegrivera/my-projects/zephyr_ada/apps/samples/frdm_kl25z_autonomous_car/src/building_blocks/portable/number_conversion_utils.adb:146:4\n24 bytes (static)\n0 dynamic objects" }
edge: { sourcename: "number_conversion_utils__decimal_string_to_unsigned__3" targetname: "number_conversion_utils__decimal_string_to_unsigned" label: "/home/josegrivera/my-projects/zephyr_ada/apps/samples/frdm_kl25z_autonomous_car/src/building_blocks/portable/number_conversion_utils.adb:154:7" }
edge: { sourcename: "number_conversion_utils__decimal_string_to_unsigned__3" targetname: "__gnat_last_chance_handler" label: "/home/josegrivera/my-projects/zephyr_ada/apps/samples/frdm_kl25z_autonomous_car/src/building_blocks/portable/number_conversion_utils.adb:156:10" }
node: { title: "number_conversion_utils__hexadecimal_string_to_unsigned" label: "Hexadecimal_String_To_Unsigned\n/home/josegrivera/my-projects/zephyr_ada/apps/samples/frdm_kl25z_autonomous_car/src/building_blocks/portable/number_conversion_utils.adb:213:4\n24 bytes (static)\n0 dynamic objects" }
edge: { sourcename: "number_conversion_utils__hexadecimal_string_to_unsigned" targetname: "memset" }
node: { title: "number_conversion_utils__hexadecimal_string_to_unsigned__2" label: "Hexadecimal_String_To_Unsigned\n/home/josegrivera/my-projects/zephyr_ada/apps/samples/frdm_kl25z_autonomous_car/src/building_blocks/portable/number_conversion_utils.adb:250:4\n24 bytes (static)\n0 dynamic objects" }
edge: { sourcename: "number_conversion_utils__hexadecimal_string_to_unsigned__2" targetname: "number_conversion_utils__hexadecimal_string_to_unsigned" label: "/home/josegrivera/my-projects/zephyr_ada/apps/samples/frdm_kl25z_autonomous_car/src/building_blocks/portable/number_conversion_utils.adb:258:7" }
edge: { sourcename: "number_conversion_utils__hexadecimal_string_to_unsigned__2" targetname: "__gnat_last_chance_handler" label: "/home/josegrivera/my-projects/zephyr_ada/apps/samples/frdm_kl25z_autonomous_car/src/building_blocks/portable/number_conversion_utils.adb:260:10" }
node: { title: "number_conversion_utils__hexadecimal_string_to_unsigned__3" label: "Hexadecimal_String_To_Unsigned\n/home/josegrivera/my-projects/zephyr_ada/apps/samples/frdm_kl25z_autonomous_car/src/building_blocks/portable/number_conversion_utils.adb:273:4\n24 bytes (static)\n0 dynamic objects" }
edge: { sourcename: "number_conversion_utils__hexadecimal_string_to_unsigned__3" targetname: "number_conversion_utils__hexadecimal_string_to_unsigned" label: "/home/josegrivera/my-projects/zephyr_ada/apps/samples/frdm_kl25z_autonomous_car/src/building_blocks/portable/number_conversion_utils.adb:281:7" }
edge: { sourcename: "number_conversion_utils__hexadecimal_string_to_unsigned__3" targetname: "__gnat_last_chance_handler" label: "/home/josegrivera/my-projects/zephyr_ada/apps/samples/frdm_kl25z_autonomous_car/src/building_blocks/portable/number_conversion_utils.adb:283:10" }
node: { title: "number_conversion_utils__unsigned_to_decimal_string" label: "Unsigned_To_Decimal_String\n/home/josegrivera/my-projects/zephyr_ada/apps/samples/frdm_kl25z_autonomous_car/src/building_blocks/portable/number_conversion_utils.adb:296:4\n64 bytes (static)\n0 dynamic objects" }
node: { title: "__aeabi_uidivmod" label: "aeabi_uidivmod\n<built-in>" shape : ellipse }
edge: { sourcename: "number_conversion_utils__unsigned_to_decimal_string" targetname: "__aeabi_uidivmod" }
node: { title: "__aeabi_uidiv" label: "aeabi_uidiv\n<built-in>" shape : ellipse }
edge: { sourcename: "number_conversion_utils__unsigned_to_decimal_string" targetname: "__aeabi_uidiv" }
edge: { sourcename: "number_conversion_utils__unsigned_to_decimal_string" targetname: "__gnat_last_chance_handler" label: "/home/josegrivera/my-projects/zephyr_ada/apps/samples/frdm_kl25z_autonomous_car/src/building_blocks/portable/number_conversion_utils.adb:314:43" }
edge: { sourcename: "number_conversion_utils__unsigned_to_decimal_string" targetname: "__gnat_last_chance_handler" label: "/home/josegrivera/my-projects/zephyr_ada/apps/samples/frdm_kl25z_autonomous_car/src/building_blocks/portable/number_conversion_utils.adb:316:49" }
edge: { sourcename: "number_conversion_utils__unsigned_to_decimal_string" targetname: "__gnat_last_chance_handler" label: "/home/josegrivera/my-projects/zephyr_ada/apps/samples/frdm_kl25z_autonomous_car/src/building_blocks/portable/number_conversion_utils.adb:316:47" }
edge: { sourcename: "number_conversion_utils__unsigned_to_decimal_string" targetname: "__gnat_last_chance_handler" label: "/home/josegrivera/my-projects/zephyr_ada/apps/samples/frdm_kl25z_autonomous_car/src/building_blocks/portable/number_conversion_utils.adb:316:63" }
edge: { sourcename: "number_conversion_utils__unsigned_to_decimal_string" targetname: "__gnat_last_chance_handler" label: "/home/josegrivera/my-projects/zephyr_ada/apps/samples/frdm_kl25z_autonomous_car/src/building_blocks/portable/number_conversion_utils.adb:316:31" }
edge: { sourcename: "number_conversion_utils__unsigned_to_decimal_string" targetname: "__gnat_last_chance_handler" label: "/home/josegrivera/my-projects/zephyr_ada/apps/samples/frdm_kl25z_autonomous_car/src/building_blocks/portable/number_conversion_utils.adb:317:36" }
edge: { sourcename: "number_conversion_utils__unsigned_to_decimal_string" targetname: "__gnat_last_chance_handler" label: "/home/josegrivera/my-projects/zephyr_ada/apps/samples/frdm_kl25z_autonomous_car/src/building_blocks/portable/number_conversion_utils.adb:317:12" }
node: { title: "memcpy" label: "builtin_memcpy\n<built-in>" shape : ellipse }
edge: { sourcename: "number_conversion_utils__unsigned_to_decimal_string" targetname: "memcpy" }
node: { title: "ada__exceptions__call_last_chance_handler_with_message" label: "Call_Last_Chance_Handler_With_Message\n/home/josegrivera/my-projects/zephyr_ada/apps/zephyr_ada_rts/src/third_party/a-except.adb:40:14" shape : ellipse }
edge: { sourcename: "number_conversion_utils__unsigned_to_decimal_string" targetname: "ada__exceptions__call_last_chance_handler_with_message" label: "/home/josegrivera/my-projects/zephyr_ada/apps/samples/frdm_kl25z_autonomous_car/src/building_blocks/portable/number_conversion_utils.adb:319:10" }
node: { title: "number_conversion_utils__float_to_decimal_string" label: "Float_To_Decimal_String\n/home/josegrivera/my-projects/zephyr_ada/apps/samples/frdm_kl25z_autonomous_car/src/building_blocks/portable/number_conversion_utils.adb:169:4\n96 bytes (static)\n0 dynamic objects" }
edge: { sourcename: "number_conversion_utils__float_to_decimal_string" targetname: "__gnat_last_chance_handler" label: "/home/josegrivera/my-projects/zephyr_ada/apps/samples/frdm_kl25z_autonomous_car/src/building_blocks/portable/number_conversion_utils.adb:173:40" }
edge: { sourcename: "number_conversion_utils__float_to_decimal_string" targetname: "system__fat_flt__attr_float__valid" label: "/home/josegrivera/my-projects/zephyr_ada/apps/samples/frdm_kl25z_autonomous_car/src/building_blocks/portable/number_conversion_utils.adb:175:40" }
edge: { sourcename: "number_conversion_utils__float_to_decimal_string" targetname: "__gnat_last_chance_handler" label: "/home/josegrivera/my-projects/zephyr_ada/apps/samples/frdm_kl25z_autonomous_car/src/building_blocks/portable/number_conversion_utils.adb:175:40" }
edge: { sourcename: "number_conversion_utils__float_to_decimal_string" targetname: "system__fat_flt__attr_float__valid" label: "/home/josegrivera/my-projects/zephyr_ada/apps/samples/frdm_kl25z_autonomous_car/src/building_blocks/portable/number_conversion_utils.adb:175:36" }
edge: { sourcename: "number_conversion_utils__float_to_decimal_string" targetname: "__gnat_last_chance_handler" label: "/home/josegrivera/my-projects/zephyr_ada/apps/samples/frdm_kl25z_autonomous_car/src/building_blocks/portable/number_conversion_utils.adb:175:36" }
edge: { sourcename: "number_conversion_utils__float_to_decimal_string" targetname: "system__fat_flt__attr_float__valid" label: "/home/josegrivera/my-projects/zephyr_ada/apps/samples/frdm_kl25z_autonomous_car/src/building_blocks/portable/number_conversion_utils.adb:175:36" }
edge: { sourcename: "number_conversion_utils__float_to_decimal_string" targetname: "__gnat_last_chance_handler" label: "/home/josegrivera/my-projects/zephyr_ada/apps/samples/frdm_kl25z_autonomous_car/src/building_blocks/portable/number_conversion_utils.adb:175:36" }
node: { title: "system__fat_flt__attr_float__floor" label: "Floor\n/home/josegrivera/my-projects/zephyr_ada/apps/zephyr_ada_rts/src/third_party/s-fatgen.ads:63:13" shape : ellipse }
edge: { sourcename: "number_conversion_utils__float_to_decimal_string" targetname: "system__fat_flt__attr_float__floor" label: "/home/josegrivera/my-projects/zephyr_ada/apps/samples/frdm_kl25z_autonomous_car/src/building_blocks/portable/number_conversion_utils.adb:175:28" }
node: { title: "__aeabi_fcmpun" label: "aeabi_fcmpun\n<built-in>" shape : ellipse }
edge: { sourcename: "number_conversion_utils__float_to_decimal_string" targetname: "__aeabi_fcmpun" }
node: { title: "__aeabi_fcmple" label: "aeabi_fcmple\n<built-in>" shape : ellipse }
edge: { sourcename: "number_conversion_utils__float_to_decimal_string" targetname: "__aeabi_fcmple" }
edge: { sourcename: "number_conversion_utils__float_to_decimal_string" targetname: "__aeabi_fcmpun" }
node: { title: "__aeabi_fcmpge" label: "aeabi_fcmpge\n<built-in>" shape : ellipse }
edge: { sourcename: "number_conversion_utils__float_to_decimal_string" targetname: "__aeabi_fcmpge" }
edge: { sourcename: "number_conversion_utils__float_to_decimal_string" targetname: "__gnat_last_chance_handler" label: "/home/josegrivera/my-projects/zephyr_ada/apps/samples/frdm_kl25z_autonomous_car/src/building_blocks/portable/number_conversion_utils.adb:175:28" }
edge: { sourcename: "number_conversion_utils__float_to_decimal_string" targetname: "__aeabi_fcmpge" }
edge: { sourcename: "number_conversion_utils__float_to_decimal_string" targetname: "__aeabi_fadd" }
node: { title: "__aeabi_f2uiz" label: "aeabi_f2uiz\n<built-in>" shape : ellipse }
edge: { sourcename: "number_conversion_utils__float_to_decimal_string" targetname: "__aeabi_f2uiz" }
node: { title: "__aeabi_fsub" label: "aeabi_fsub\n<built-in>" shape : ellipse }
edge: { sourcename: "number_conversion_utils__float_to_decimal_string" targetname: "__aeabi_fsub" }
edge: { sourcename: "number_conversion_utils__float_to_decimal_string" targetname: "__aeabi_f2uiz" }
edge: { sourcename: "number_conversion_utils__float_to_decimal_string" targetname: "system__fat_flt__attr_float__valid" label: "/home/josegrivera/my-projects/zephyr_ada/apps/samples/frdm_kl25z_autonomous_car/src/building_blocks/portable/number_conversion_utils.adb:178:35" }
edge: { sourcename: "number_conversion_utils__float_to_decimal_string" targetname: "__gnat_last_chance_handler" label: "/home/josegrivera/my-projects/zephyr_ada/apps/samples/frdm_kl25z_autonomous_car/src/building_blocks/portable/number_conversion_utils.adb:178:35" }
edge: { sourcename: "number_conversion_utils__float_to_decimal_string" targetname: "system__fat_flt__attr_float__valid" label: "/home/josegrivera/my-projects/zephyr_ada/apps/samples/frdm_kl25z_autonomous_car/src/building_blocks/portable/number_conversion_utils.adb:178:31" }
edge: { sourcename: "number_conversion_utils__float_to_decimal_string" targetname: "__gnat_last_chance_handler" label: "/home/josegrivera/my-projects/zephyr_ada/apps/samples/frdm_kl25z_autonomous_car/src/building_blocks/portable/number_conversion_utils.adb:178:31" }
edge: { sourcename: "number_conversion_utils__float_to_decimal_string" targetname: "__aeabi_ui2f" }
edge: { sourcename: "number_conversion_utils__float_to_decimal_string" targetname: "__aeabi_fsub" }
edge: { sourcename: "number_conversion_utils__float_to_decimal_string" targetname: "system__fat_flt__attr_float__valid" label: "/home/josegrivera/my-projects/zephyr_ada/apps/samples/frdm_kl25z_autonomous_car/src/building_blocks/portable/number_conversion_utils.adb:178:42" }
edge: { sourcename: "number_conversion_utils__float_to_decimal_string" targetname: "__gnat_last_chance_handler" label: "/home/josegrivera/my-projects/zephyr_ada/apps/samples/frdm_kl25z_autonomous_car/src/building_blocks/portable/number_conversion_utils.adb:178:42" }
edge: { sourcename: "number_conversion_utils__float_to_decimal_string" targetname: "__aeabi_fsub" }
node: { title: "__aeabi_fmul" label: "aeabi_fmul\n<built-in>" shape : ellipse }
edge: { sourcename: "number_conversion_utils__float_to_decimal_string" targetname: "__aeabi_fmul" }
edge: { sourcename: "number_conversion_utils__float_to_decimal_string" targetname: "system__fat_flt__attr_float__valid" label: "/home/josegrivera/my-projects/zephyr_ada/apps/samples/frdm_kl25z_autonomous_car/src/building_blocks/portable/number_conversion_utils.adb:178:66" }
edge: { sourcename: "number_conversion_utils__float_to_decimal_string" targetname: "__gnat_last_chance_handler" label: "/home/josegrivera/my-projects/zephyr_ada/apps/samples/frdm_kl25z_autonomous_car/src/building_blocks/portable/number_conversion_utils.adb:178:66" }
edge: { sourcename: "number_conversion_utils__float_to_decimal_string" targetname: "__aeabi_fsub" }
edge: { sourcename: "number_conversion_utils__float_to_decimal_string" targetname: "__aeabi_fmul" }
edge: { sourcename: "number_conversion_utils__float_to_decimal_string" targetname: "system__fat_flt__attr_float__valid" label: "/home/josegrivera/my-projects/zephyr_ada/apps/samples/frdm_kl25z_autonomous_car/src/building_blocks/portable/number_conversion_utils.adb:178:66" }
edge: { sourcename: "number_conversion_utils__float_to_decimal_string" targetname: "__gnat_last_chance_handler" label: "/home/josegrivera/my-projects/zephyr_ada/apps/samples/frdm_kl25z_autonomous_car/src/building_blocks/portable/number_conversion_utils.adb:178:66" }
edge: { sourcename: "number_conversion_utils__float_to_decimal_string" targetname: "__aeabi_fsub" }
edge: { sourcename: "number_conversion_utils__float_to_decimal_string" targetname: "__aeabi_fmul" }
edge: { sourcename: "number_conversion_utils__float_to_decimal_string" targetname: "__aeabi_fcmpun" }
edge: { sourcename: "number_conversion_utils__float_to_decimal_string" targetname: "__aeabi_fcmple" }
edge: { sourcename: "number_conversion_utils__float_to_decimal_string" targetname: "system__fat_flt__attr_float__valid" label: "/home/josegrivera/my-projects/zephyr_ada/apps/samples/frdm_kl25z_autonomous_car/src/building_blocks/portable/number_conversion_utils.adb:178:66" }
edge: { sourcename: "number_conversion_utils__float_to_decimal_string" targetname: "__gnat_last_chance_handler" label: "/home/josegrivera/my-projects/zephyr_ada/apps/samples/frdm_kl25z_autonomous_car/src/building_blocks/portable/number_conversion_utils.adb:178:66" }
edge: { sourcename: "number_conversion_utils__float_to_decimal_string" targetname: "__aeabi_fsub" }
edge: { sourcename: "number_conversion_utils__float_to_decimal_string" targetname: "__aeabi_fmul" }
edge: { sourcename: "number_conversion_utils__float_to_decimal_string" targetname: "__aeabi_fcmpun" }
edge: { sourcename: "number_conversion_utils__float_to_decimal_string" targetname: "__aeabi_fcmpge" }
edge: { sourcename: "number_conversion_utils__float_to_decimal_string" targetname: "__gnat_last_chance_handler" label: "/home/josegrivera/my-projects/zephyr_ada/apps/samples/frdm_kl25z_autonomous_car/src/building_blocks/portable/number_conversion_utils.adb:178:66" }
edge: { sourcename: "number_conversion_utils__float_to_decimal_string" targetname: "system__fat_flt__attr_float__valid" label: "/home/josegrivera/my-projects/zephyr_ada/apps/samples/frdm_kl25z_autonomous_car/src/building_blocks/portable/number_conversion_utils.adb:178:66" }
edge: { sourcename: "number_conversion_utils__float_to_decimal_string" targetname: "__gnat_last_chance_handler" label: "/home/josegrivera/my-projects/zephyr_ada/apps/samples/frdm_kl25z_autonomous_car/src/building_blocks/portable/number_conversion_utils.adb:178:66" }
edge: { sourcename: "number_conversion_utils__float_to_decimal_string" targetname: "__aeabi_fsub" }
edge: { sourcename: "number_conversion_utils__float_to_decimal_string" targetname: "__aeabi_fmul" }
edge: { sourcename: "number_conversion_utils__float_to_decimal_string" targetname: "__aeabi_fcmpge" }
edge: { sourcename: "number_conversion_utils__float_to_decimal_string" targetname: "__aeabi_fadd" }
edge: { sourcename: "number_conversion_utils__float_to_decimal_string" targetname: "__aeabi_f2uiz" }
edge: { sourcename: "number_conversion_utils__float_to_decimal_string" targetname: "__aeabi_fsub" }
edge: { sourcename: "number_conversion_utils__float_to_decimal_string" targetname: "__aeabi_f2uiz" }
edge: { sourcename: "number_conversion_utils__float_to_decimal_string" targetname: "system__fat_flt__attr_float__valid" label: "/home/josegrivera/my-projects/zephyr_ada/apps/samples/frdm_kl25z_autonomous_car/src/building_blocks/portable/number_conversion_utils.adb:182:10" }
edge: { sourcename: "number_conversion_utils__float_to_decimal_string" targetname: "__gnat_last_chance_handler" label: "/home/josegrivera/my-projects/zephyr_ada/apps/samples/frdm_kl25z_autonomous_car/src/building_blocks/portable/number_conversion_utils.adb:182:10" }
node: { title: "__aeabi_fcmplt" label: "aeabi_fcmplt\n<built-in>" shape : ellipse }
edge: { sourcename: "number_conversion_utils__float_to_decimal_string" targetname: "__aeabi_fcmplt" }
edge: { sourcename: "number_conversion_utils__float_to_decimal_string" targetname: "__gnat_last_chance_handler" label: "/home/josegrivera/my-projects/zephyr_ada/apps/samples/frdm_kl25z_autonomous_car/src/building_blocks/portable/number_conversion_utils.adb:183:10" }
edge: { sourcename: "number_conversion_utils__float_to_decimal_string" targetname: "__gnat_last_chance_handler" label: "/home/josegrivera/my-projects/zephyr_ada/apps/samples/frdm_kl25z_autonomous_car/src/building_blocks/portable/number_conversion_utils.adb:184:23" }
edge: { sourcename: "number_conversion_utils__float_to_decimal_string" targetname: "__gnat_last_chance_handler" label: "/home/josegrivera/my-projects/zephyr_ada/apps/samples/frdm_kl25z_autonomous_car/src/building_blocks/portable/number_conversion_utils.adb:188:56" }
edge: { sourcename: "number_conversion_utils__float_to_decimal_string" targetname: "number_conversion_utils__unsigned_to_decimal_string" label: "/home/josegrivera/my-projects/zephyr_ada/apps/samples/frdm_kl25z_autonomous_car/src/building_blocks/portable/number_conversion_utils.adb:187:7" }
edge: { sourcename: "number_conversion_utils__float_to_decimal_string" targetname: "__gnat_last_chance_handler" label: "/home/josegrivera/my-projects/zephyr_ada/apps/samples/frdm_kl25z_autonomous_car/src/building_blocks/portable/number_conversion_utils.adb:190:23" }
edge: { sourcename: "number_conversion_utils__float_to_decimal_string" targetname: "__gnat_last_chance_handler" label: "/home/josegrivera/my-projects/zephyr_ada/apps/samples/frdm_kl25z_autonomous_car/src/building_blocks/portable/number_conversion_utils.adb:190:38" }
edge: { sourcename: "number_conversion_utils__float_to_decimal_string" targetname: "__gnat_last_chance_handler" label: "/home/josegrivera/my-projects/zephyr_ada/apps/samples/frdm_kl25z_autonomous_car/src/building_blocks/portable/number_conversion_utils.adb:190:20" }
edge: { sourcename: "number_conversion_utils__float_to_decimal_string" targetname: "__gnat_last_chance_handler" label: "/home/josegrivera/my-projects/zephyr_ada/apps/samples/frdm_kl25z_autonomous_car/src/building_blocks/portable/number_conversion_utils.adb:191:10" }
edge: { sourcename: "number_conversion_utils__float_to_decimal_string" targetname: "__gnat_last_chance_handler" label: "/home/josegrivera/my-projects/zephyr_ada/apps/samples/frdm_kl25z_autonomous_car/src/building_blocks/portable/number_conversion_utils.adb:196:7" }
edge: { sourcename: "number_conversion_utils__float_to_decimal_string" targetname: "__gnat_last_chance_handler" label: "/home/josegrivera/my-projects/zephyr_ada/apps/samples/frdm_kl25z_autonomous_car/src/building_blocks/portable/number_conversion_utils.adb:197:20" }
edge: { sourcename: "number_conversion_utils__float_to_decimal_string" targetname: "__gnat_last_chance_handler" label: "/home/josegrivera/my-projects/zephyr_ada/apps/samples/frdm_kl25z_autonomous_car/src/building_blocks/portable/number_conversion_utils.adb:198:10" }
edge: { sourcename: "number_conversion_utils__float_to_decimal_string" targetname: "__gnat_last_chance_handler" label: "/home/josegrivera/my-projects/zephyr_ada/apps/samples/frdm_kl25z_autonomous_car/src/building_blocks/portable/number_conversion_utils.adb:199:24" }
edge: { sourcename: "number_conversion_utils__float_to_decimal_string" targetname: "__gnat_last_chance_handler" label: "/home/josegrivera/my-projects/zephyr_ada/apps/samples/frdm_kl25z_autonomous_car/src/building_blocks/portable/number_conversion_utils.adb:204:56" }
edge: { sourcename: "number_conversion_utils__float_to_decimal_string" targetname: "number_conversion_utils__unsigned_to_decimal_string" label: "/home/josegrivera/my-projects/zephyr_ada/apps/samples/frdm_kl25z_autonomous_car/src/building_blocks/portable/number_conversion_utils.adb:203:7" }
edge: { sourcename: "number_conversion_utils__float_to_decimal_string" targetname: "__gnat_last_chance_handler" label: "/home/josegrivera/my-projects/zephyr_ada/apps/samples/frdm_kl25z_autonomous_car/src/building_blocks/portable/number_conversion_utils.adb:206:54" }
edge: { sourcename: "number_conversion_utils__float_to_decimal_string" targetname: "__gnat_last_chance_handler" label: "/home/josegrivera/my-projects/zephyr_ada/apps/samples/frdm_kl25z_autonomous_car/src/building_blocks/portable/number_conversion_utils.adb:206:48" }
edge: { sourcename: "number_conversion_utils__float_to_decimal_string" targetname: "__gnat_last_chance_handler" label: "/home/josegrivera/my-projects/zephyr_ada/apps/samples/frdm_kl25z_autonomous_car/src/building_blocks/portable/number_conversion_utils.adb:206:21" }
node: { title: "number_conversion_utils__unsigned_to_hexadecimal_string" label: "Unsigned_To_Hexadecimal_String\n/home/josegrivera/my-projects/zephyr_ada/apps/samples/frdm_kl25z_autonomous_car/src/building_blocks/portable/number_conversion_utils.adb:329:4\n16 bytes (static)\n0 dynamic objects" }
node: { title: "system__assertions__raise_assert_failure" label: "Raise_Assert_Failure\n/home/josegrivera/my-projects/zephyr_ada/apps/zephyr_ada_rts/src/third_party/s-assert.ads:46:14" shape : ellipse }
edge: { sourcename: "number_conversion_utils__unsigned_to_hexadecimal_string" targetname: "system__assertions__raise_assert_failure" label: "/home/josegrivera/my-projects/zephyr_ada/apps/samples/frdm_kl25z_autonomous_car/src/building_blocks/portable/number_conversion_utils.adb:347:22" }
node: { title: "number_conversion_utils__unsigned_to_hexadecimal_string__2" label: "Unsigned_To_Hexadecimal_String\n/home/josegrivera/my-projects/zephyr_ada/apps/samples/frdm_kl25z_autonomous_car/src/building_blocks/portable/number_conversion_utils.adb:355:4\n16 bytes (static)\n0 dynamic objects" }
edge: { sourcename: "number_conversion_utils__unsigned_to_hexadecimal_string__2" targetname: "system__assertions__raise_assert_failure" label: "/home/josegrivera/my-projects/zephyr_ada/apps/samples/frdm_kl25z_autonomous_car/src/building_blocks/portable/number_conversion_utils.adb:373:22" }
node: { title: "number_conversion_utils__unsigned_to_hexadecimal_string__3" label: "Unsigned_To_Hexadecimal_String\n/home/josegrivera/my-projects/zephyr_ada/apps/samples/frdm_kl25z_autonomous_car/src/building_blocks/portable/number_conversion_utils.adb:381:4\n16 bytes (static)\n0 dynamic objects" }
edge: { sourcename: "number_conversion_utils__unsigned_to_hexadecimal_string__3" targetname: "system__assertions__raise_assert_failure" label: "/home/josegrivera/my-projects/zephyr_ada/apps/samples/frdm_kl25z_autonomous_car/src/building_blocks/portable/number_conversion_utils.adb:399:22" }
}
