graph: { title: "/home/josegrivera/my-projects/zephyr_ada/apps/samples/frdm_kl25z_autonomous_car/src/drivers/portable/pin_mux_driver.adb"
node: { title: "pin_mux_driver__initialized" label: "Initialized\n/home/josegrivera/my-projects/zephyr_ada/apps/samples/frdm_kl25z_autonomous_car/src/drivers/portable/pin_mux_driver.ads:130:4\n8 bytes (static)\n0 dynamic objects" }
node: { title: "__gnat_last_chance_handler" label: "gnat_last_chance_handler\n<built-in>" shape : ellipse }
edge: { sourcename: "pin_mux_driver__initialized" targetname: "__gnat_last_chance_handler" label: "/home/josegrivera/my-projects/zephyr_ada/apps/samples/frdm_kl25z_autonomous_car/src/drivers/portable/pin_mux_driver.ads:130:44" }
node: { title: "pin_mux_driver__pin_function_typeH" label: "pin_function_typeH\n<built-in>\n40 bytes (static)\n0 dynamic objects" }
node: { title: "__aeabi_idivmod" label: "aeabi_idivmod\n<built-in>" shape : ellipse }
edge: { sourcename: "pin_mux_driver__pin_function_typeH" targetname: "__aeabi_idivmod" }
edge: { sourcename: "pin_mux_driver__pin_function_typeH" targetname: "__aeabi_idivmod" }
node: { title: "pin_mux_driver__pin_irq_mode_typeH" label: "pin_irq_mode_typeH\n<built-in>\n48 bytes (static)\n0 dynamic objects" }
edge: { sourcename: "pin_mux_driver__pin_irq_mode_typeH" targetname: "__aeabi_idivmod" }
edge: { sourcename: "pin_mux_driver__pin_irq_mode_typeH" targetname: "__aeabi_idivmod" }
edge: { sourcename: "pin_mux_driver__pin_irq_mode_typeH" targetname: "__aeabi_idivmod" }
node: { title: "pin_mux_driver__pin_irq_mode_typeRP" label: "pin_irq_mode_typeRP\n<built-in>\n8 bytes (static)\n0 dynamic objects" }
node: { title: "pin_mux_driver__pin_info_typeIP" label: "pin_info_typeIP\n<built-in>\n16 bytes (static)\n0 dynamic objects" }
node: { title: "pin_mux_driver__clear_pin_irq" label: "Clear_Pin_Irq\n/home/josegrivera/my-projects/zephyr_ada/apps/samples/frdm_kl25z_autonomous_car/src/drivers/portable/pin_mux_driver.adb:45:4\n16 bytes (static)\n0 dynamic objects" }
edge: { sourcename: "pin_mux_driver__clear_pin_irq" targetname: "__gnat_last_chance_handler" label: "/home/josegrivera/my-projects/zephyr_ada/apps/samples/frdm_kl25z_autonomous_car/src/drivers/portable/pin_mux_driver.adb:47:24" }
edge: { sourcename: "pin_mux_driver__clear_pin_irq" targetname: "__gnat_last_chance_handler" label: "/home/josegrivera/my-projects/zephyr_ada/apps/samples/frdm_kl25z_autonomous_car/src/drivers/portable/pin_mux_driver.adb:51:27" }
edge: { sourcename: "pin_mux_driver__clear_pin_irq" targetname: "__gnat_last_chance_handler" label: "/home/josegrivera/my-projects/zephyr_ada/apps/samples/frdm_kl25z_autonomous_car/src/drivers/portable/pin_mux_driver.adb:52:22" }
node: { title: "pin_mux_driver__disable_pin_irq" label: "Disable_Pin_Irq\n/home/josegrivera/my-projects/zephyr_ada/apps/samples/frdm_kl25z_autonomous_car/src/drivers/portable/pin_mux_driver.adb:59:4\n32 bytes (static)\n0 dynamic objects" }
edge: { sourcename: "pin_mux_driver__disable_pin_irq" targetname: "__gnat_last_chance_handler" label: "/home/josegrivera/my-projects/zephyr_ada/apps/samples/frdm_kl25z_autonomous_car/src/drivers/portable/pin_mux_driver.adb:61:24" }
node: { title: "kl25z_port__pcr_typeIP" label: "pcr_typeIP\n<built-in>" shape : ellipse }
edge: { sourcename: "pin_mux_driver__disable_pin_irq" targetname: "kl25z_port__pcr_typeIP" label: "/home/josegrivera/my-projects/zephyr_ada/apps/samples/frdm_kl25z_autonomous_car/src/drivers/portable/pin_mux_driver.adb:62:7" }
edge: { sourcename: "pin_mux_driver__disable_pin_irq" targetname: "__gnat_last_chance_handler" label: "/home/josegrivera/my-projects/zephyr_ada/apps/samples/frdm_kl25z_autonomous_car/src/drivers/portable/pin_mux_driver.adb:64:35" }
edge: { sourcename: "pin_mux_driver__disable_pin_irq" targetname: "__gnat_last_chance_handler" label: "/home/josegrivera/my-projects/zephyr_ada/apps/samples/frdm_kl25z_autonomous_car/src/drivers/portable/pin_mux_driver.adb:64:52" }
node: { title: "pin_mux_driver__enable_pin_irq" label: "Enable_Pin_Irq\n/home/josegrivera/my-projects/zephyr_ada/apps/samples/frdm_kl25z_autonomous_car/src/drivers/portable/pin_mux_driver.adb:73:4\n32 bytes (static)\n0 dynamic objects" }
edge: { sourcename: "pin_mux_driver__enable_pin_irq" targetname: "__gnat_last_chance_handler" label: "/home/josegrivera/my-projects/zephyr_ada/apps/samples/frdm_kl25z_autonomous_car/src/drivers/portable/pin_mux_driver.adb:76:24" }
edge: { sourcename: "pin_mux_driver__enable_pin_irq" targetname: "kl25z_port__pcr_typeIP" label: "/home/josegrivera/my-projects/zephyr_ada/apps/samples/frdm_kl25z_autonomous_car/src/drivers/portable/pin_mux_driver.adb:77:7" }
edge: { sourcename: "pin_mux_driver__enable_pin_irq" targetname: "__gnat_last_chance_handler" label: "/home/josegrivera/my-projects/zephyr_ada/apps/samples/frdm_kl25z_autonomous_car/src/drivers/portable/pin_mux_driver.adb:79:35" }
edge: { sourcename: "pin_mux_driver__enable_pin_irq" targetname: "__gnat_last_chance_handler" label: "/home/josegrivera/my-projects/zephyr_ada/apps/samples/frdm_kl25z_autonomous_car/src/drivers/portable/pin_mux_driver.adb:79:52" }
edge: { sourcename: "pin_mux_driver__enable_pin_irq" targetname: "__gnat_last_chance_handler" label: "/home/josegrivera/my-projects/zephyr_ada/apps/samples/frdm_kl25z_autonomous_car/src/drivers/portable/pin_mux_driver.adb:80:25" }
node: { title: "pin_mux_driver__initialize" label: "Initialize\n/home/josegrivera/my-projects/zephyr_ada/apps/samples/frdm_kl25z_autonomous_car/src/drivers/mcu_specific/nxp_kinetis_kl25z/pin_mux_driver-initialize.adb:29:4\n16 bytes (static)\n0 dynamic objects" }
edge: { sourcename: "pin_mux_driver__initialize" targetname: "pin_mux_driver__initialized" label: "/home/josegrivera/my-projects/zephyr_ada/apps/samples/frdm_kl25z_autonomous_car/src/drivers/portable/pin_mux_driver.ads:84:22" }
edge: { sourcename: "pin_mux_driver__initialize" targetname: "__gnat_last_chance_handler" label: "/home/josegrivera/my-projects/zephyr_ada/apps/samples/frdm_kl25z_autonomous_car/src/drivers/portable/pin_mux_driver.ads:84:22" }
node: { title: "system__assertions__raise_assert_failure" label: "Raise_Assert_Failure\n/home/josegrivera/my-projects/zephyr_ada/apps/zephyr_ada_rts/src/third_party/s-assert.ads:46:14" shape : ellipse }
edge: { sourcename: "pin_mux_driver__initialize" targetname: "system__assertions__raise_assert_failure" label: "/home/josegrivera/my-projects/zephyr_ada/apps/samples/frdm_kl25z_autonomous_car/src/drivers/portable/pin_mux_driver.ads:84:18" }
node: { title: "kl25z_sim__scgc5_typeIP" label: "scgc5_typeIP\n<built-in>" shape : ellipse }
edge: { sourcename: "pin_mux_driver__initialize" targetname: "kl25z_sim__scgc5_typeIP" label: "/home/josegrivera/my-projects/zephyr_ada/apps/samples/frdm_kl25z_autonomous_car/src/drivers/mcu_specific/nxp_kinetis_kl25z/pin_mux_driver-initialize.adb:30:7" }
node: { title: "pin_mux_driver__set_pin_function" label: "Set_Pin_Function\n/home/josegrivera/my-projects/zephyr_ada/apps/samples/frdm_kl25z_autonomous_car/src/drivers/mcu_specific/nxp_kinetis_kl25z/pin_mux_driver-set_pin_function.adb:29:4\n48 bytes (static)\n0 dynamic objects" }
edge: { sourcename: "pin_mux_driver__set_pin_function" targetname: "pin_mux_driver__initialized" label: "/home/josegrivera/my-projects/zephyr_ada/apps/samples/frdm_kl25z_autonomous_car/src/drivers/portable/pin_mux_driver.ads:94:18" }
edge: { sourcename: "pin_mux_driver__set_pin_function" targetname: "__gnat_last_chance_handler" label: "/home/josegrivera/my-projects/zephyr_ada/apps/samples/frdm_kl25z_autonomous_car/src/drivers/portable/pin_mux_driver.ads:94:18" }
edge: { sourcename: "pin_mux_driver__set_pin_function" targetname: "system__assertions__raise_assert_failure" label: "/home/josegrivera/my-projects/zephyr_ada/apps/samples/frdm_kl25z_autonomous_car/src/drivers/portable/pin_mux_driver.ads:94:18" }
edge: { sourcename: "pin_mux_driver__set_pin_function" targetname: "__gnat_last_chance_handler" label: "/home/josegrivera/my-projects/zephyr_ada/apps/samples/frdm_kl25z_autonomous_car/src/drivers/mcu_specific/nxp_kinetis_kl25z/pin_mux_driver-set_pin_function.adb:35:34" }
edge: { sourcename: "pin_mux_driver__set_pin_function" targetname: "__gnat_last_chance_handler" label: "/home/josegrivera/my-projects/zephyr_ada/apps/samples/frdm_kl25z_autonomous_car/src/drivers/mcu_specific/nxp_kinetis_kl25z/pin_mux_driver-set_pin_function.adb:35:53" }
edge: { sourcename: "pin_mux_driver__set_pin_function" targetname: "kl25z_port__pcr_typeIP" label: "/home/josegrivera/my-projects/zephyr_ada/apps/samples/frdm_kl25z_autonomous_car/src/drivers/mcu_specific/nxp_kinetis_kl25z/pin_mux_driver-set_pin_function.adb:39:7" }
edge: { sourcename: "pin_mux_driver__set_pin_function" targetname: "__gnat_last_chance_handler" label: "/home/josegrivera/my-projects/zephyr_ada/apps/samples/frdm_kl25z_autonomous_car/src/drivers/mcu_specific/nxp_kinetis_kl25z/pin_mux_driver-set_pin_function.adb:41:26" }
edge: { sourcename: "pin_mux_driver__set_pin_function" targetname: "system__assertions__raise_assert_failure" label: "/home/josegrivera/my-projects/zephyr_ada/apps/samples/frdm_kl25z_autonomous_car/src/drivers/mcu_specific/nxp_kinetis_kl25z/pin_mux_driver-set_pin_function.adb:41:22" }
edge: { sourcename: "pin_mux_driver__set_pin_function" targetname: "__gnat_last_chance_handler" label: "/home/josegrivera/my-projects/zephyr_ada/apps/samples/frdm_kl25z_autonomous_car/src/drivers/mcu_specific/nxp_kinetis_kl25z/pin_mux_driver-set_pin_function.adb:45:41" }
edge: { sourcename: "pin_mux_driver__set_pin_function" targetname: "__gnat_last_chance_handler" label: "/home/josegrivera/my-projects/zephyr_ada/apps/samples/frdm_kl25z_autonomous_car/src/drivers/mcu_specific/nxp_kinetis_kl25z/pin_mux_driver-set_pin_function.adb:44:41" }
edge: { sourcename: "pin_mux_driver__set_pin_function" targetname: "__gnat_last_chance_handler" label: "/home/josegrivera/my-projects/zephyr_ada/apps/samples/frdm_kl25z_autonomous_car/src/drivers/mcu_specific/nxp_kinetis_kl25z/pin_mux_driver-set_pin_function.adb:43:59" }
edge: { sourcename: "pin_mux_driver__set_pin_function" targetname: "__gnat_last_chance_handler" label: "/home/josegrivera/my-projects/zephyr_ada/apps/samples/frdm_kl25z_autonomous_car/src/drivers/mcu_specific/nxp_kinetis_kl25z/pin_mux_driver-set_pin_function.adb:58:22" }
}
