graph: { title: "/home/josegrivera/my-projects/zephyr_ada/apps/samples/frdm_kl25z_autonomous_car/src/drivers/mcu_specific/nxp_kinetis_kl25z/pwm_driver.adb"
node: { title: "pwm_driver__pwm_clock_preescale_typeH" label: "pwm_clock_preescale_typeH\n<built-in>\n48 bytes (static)\n0 dynamic objects" }
node: { title: "__aeabi_idivmod" label: "aeabi_idivmod\n<built-in>" shape : ellipse }
edge: { sourcename: "pwm_driver__pwm_clock_preescale_typeH" targetname: "__aeabi_idivmod" }
edge: { sourcename: "pwm_driver__pwm_clock_preescale_typeH" targetname: "__aeabi_idivmod" }
node: { title: "pwm_driver__pwm_channel_typeIP" label: "pwm_channel_typeIP\n<built-in>\n8 bytes (static)\n0 dynamic objects" }
node: { title: "pwm_driver__Tpwm_channel_array_typeBIP" label: "Tpwm_channel_array_typeBIP\n<built-in>\n16 bytes (static)\n0 dynamic objects" }
node: { title: "pwm_driver__pwm_device_const_typeIP" label: "pwm_device_const_typeIP\n<built-in>\n8 bytes (static)\n0 dynamic objects" }
node: { title: "__gnat_last_chance_handler" label: "gnat_last_chance_handler\n<built-in>" shape : ellipse }
edge: { sourcename: "pwm_driver__pwm_device_const_typeIP" targetname: "__gnat_last_chance_handler" label: "/home/josegrivera/my-projects/zephyr_ada/apps/samples/frdm_kl25z_autonomous_car/src/drivers/portable/pwm_driver.ads:140:4" }
node: { title: "pwm_driver__Tpwm_channels_in_use_typeBIP" label: "Tpwm_channels_in_use_typeBIP\n<built-in>\n8 bytes (static)\n0 dynamic objects" }
node: { title: "pwm_driver__pwm_device_var_typeIP" label: "pwm_device_var_typeIP\n<built-in>\n8 bytes (static)\n0 dynamic objects" }
node: { title: "pwm_driver__Tpwm_devices_varBIP" label: "Tpwm_devices_varBIP\n<built-in>\n20 bytes (static)\n0 dynamic objects" }
node: { title: "pwm_driver__initialized" label: "Initialized\n/home/josegrivera/my-projects/zephyr_ada/apps/samples/frdm_kl25z_autonomous_car/src/drivers/mcu_specific/nxp_kinetis_kl25z/pwm_driver.adb:61:4\n8 bytes (static)\n0 dynamic objects" }
edge: { sourcename: "pwm_driver__initialized" targetname: "__gnat_last_chance_handler" label: "/home/josegrivera/my-projects/zephyr_ada/apps/samples/frdm_kl25z_autonomous_car/src/drivers/mcu_specific/nxp_kinetis_kl25z/pwm_driver.adb:64:25" }
edge: { sourcename: "pwm_driver__initialized" targetname: "__gnat_last_chance_handler" label: "/home/josegrivera/my-projects/zephyr_ada/apps/samples/frdm_kl25z_autonomous_car/src/drivers/mcu_specific/nxp_kinetis_kl25z/pwm_driver.adb:64:39" }
node: { title: "pwm_driver__initialize" label: "Initialize\n/home/josegrivera/my-projects/zephyr_ada/apps/samples/frdm_kl25z_autonomous_car/src/drivers/mcu_specific/nxp_kinetis_kl25z/pwm_driver.adb:70:4\n72 bytes (static)\n0 dynamic objects" }
edge: { sourcename: "pwm_driver__initialize" targetname: "__gnat_last_chance_handler" label: "/home/josegrivera/my-projects/zephyr_ada/apps/samples/frdm_kl25z_autonomous_car/src/drivers/portable/pwm_driver.ads:82:35" }
edge: { sourcename: "pwm_driver__initialize" targetname: "pwm_driver__initialized" label: "/home/josegrivera/my-projects/zephyr_ada/apps/samples/frdm_kl25z_autonomous_car/src/drivers/portable/pwm_driver.ads:82:22" }
edge: { sourcename: "pwm_driver__initialize" targetname: "__gnat_last_chance_handler" label: "/home/josegrivera/my-projects/zephyr_ada/apps/samples/frdm_kl25z_autonomous_car/src/drivers/portable/pwm_driver.ads:82:22" }
node: { title: "system__assertions__raise_assert_failure" label: "Raise_Assert_Failure\n/home/josegrivera/my-projects/zephyr_ada/apps/zephyr_ada_rts/src/third_party/s-assert.ads:46:14" shape : ellipse }
edge: { sourcename: "pwm_driver__initialize" targetname: "system__assertions__raise_assert_failure" label: "/home/josegrivera/my-projects/zephyr_ada/apps/samples/frdm_kl25z_autonomous_car/src/drivers/portable/pwm_driver.ads:82:18" }
node: { title: "mkl25z4__sim__sim_scgc6_registerIP" label: "sim_scgc6_registerIP\n<built-in>" shape : ellipse }
edge: { sourcename: "pwm_driver__initialize" targetname: "mkl25z4__sim__sim_scgc6_registerIP" label: "/home/josegrivera/my-projects/zephyr_ada/apps/samples/frdm_kl25z_autonomous_car/src/drivers/mcu_specific/nxp_kinetis_kl25z/pwm_driver.adb:83:7" }
node: { title: "mkl25z4__sim__sim_sopt2_registerIP" label: "sim_sopt2_registerIP\n<built-in>" shape : ellipse }
edge: { sourcename: "pwm_driver__initialize" targetname: "mkl25z4__sim__sim_sopt2_registerIP" label: "/home/josegrivera/my-projects/zephyr_ada/apps/samples/frdm_kl25z_autonomous_car/src/drivers/mcu_specific/nxp_kinetis_kl25z/pwm_driver.adb:84:7" }
node: { title: "mkl25z4__tpm__tpm0_sc_registerIP" label: "tpm0_sc_registerIP\n<built-in>" shape : ellipse }
edge: { sourcename: "pwm_driver__initialize" targetname: "mkl25z4__tpm__tpm0_sc_registerIP" label: "/home/josegrivera/my-projects/zephyr_ada/apps/samples/frdm_kl25z_autonomous_car/src/drivers/mcu_specific/nxp_kinetis_kl25z/pwm_driver.adb:85:7" }
node: { title: "mkl25z4__tpm__tpm0_mod_registerIP" label: "tpm0_mod_registerIP\n<built-in>" shape : ellipse }
edge: { sourcename: "pwm_driver__initialize" targetname: "mkl25z4__tpm__tpm0_mod_registerIP" label: "/home/josegrivera/my-projects/zephyr_ada/apps/samples/frdm_kl25z_autonomous_car/src/drivers/mcu_specific/nxp_kinetis_kl25z/pwm_driver.adb:87:7" }
edge: { sourcename: "pwm_driver__initialize" targetname: "__gnat_last_chance_handler" label: "/home/josegrivera/my-projects/zephyr_ada/apps/samples/frdm_kl25z_autonomous_car/src/drivers/mcu_specific/nxp_kinetis_kl25z/pwm_driver.adb:105:41" }
edge: { sourcename: "pwm_driver__initialize" targetname: "__gnat_last_chance_handler" label: "/home/josegrivera/my-projects/zephyr_ada/apps/samples/frdm_kl25z_autonomous_car/src/drivers/mcu_specific/nxp_kinetis_kl25z/pwm_driver.adb:116:48" }
node: { title: "__aeabi_uidiv" label: "aeabi_uidiv\n<built-in>" shape : ellipse }
edge: { sourcename: "pwm_driver__initialize" targetname: "__aeabi_uidiv" }
edge: { sourcename: "pwm_driver__initialize" targetname: "__gnat_last_chance_handler" label: "/home/josegrivera/my-projects/zephyr_ada/apps/samples/frdm_kl25z_autonomous_car/src/drivers/mcu_specific/nxp_kinetis_kl25z/pwm_driver.adb:139:41" }
edge: { sourcename: "pwm_driver__initialize" targetname: "__aeabi_uidiv" }
edge: { sourcename: "pwm_driver__initialize" targetname: "__gnat_last_chance_handler" label: "/home/josegrivera/my-projects/zephyr_ada/apps/samples/frdm_kl25z_autonomous_car/src/drivers/mcu_specific/nxp_kinetis_kl25z/pwm_driver.adb:139:60" }
edge: { sourcename: "pwm_driver__initialize" targetname: "__gnat_last_chance_handler" label: "/home/josegrivera/my-projects/zephyr_ada/apps/samples/frdm_kl25z_autonomous_car/src/drivers/mcu_specific/nxp_kinetis_kl25z/pwm_driver.adb:142:64" }
node: { title: "pwm_driver__set_channel_duty_cycle" label: "Set_Channel_Duty_Cycle\n/home/josegrivera/my-projects/zephyr_ada/apps/samples/frdm_kl25z_autonomous_car/src/drivers/mcu_specific/nxp_kinetis_kl25z/pwm_driver.adb:219:4\n32 bytes (static)\n0 dynamic objects" }
edge: { sourcename: "pwm_driver__set_channel_duty_cycle" targetname: "__gnat_last_chance_handler" label: "/home/josegrivera/my-projects/zephyr_ada/apps/samples/frdm_kl25z_autonomous_car/src/drivers/portable/pwm_driver.ads:112:32" }
edge: { sourcename: "pwm_driver__set_channel_duty_cycle" targetname: "pwm_driver__initialized" label: "/home/josegrivera/my-projects/zephyr_ada/apps/samples/frdm_kl25z_autonomous_car/src/drivers/portable/pwm_driver.ads:112:19" }
edge: { sourcename: "pwm_driver__set_channel_duty_cycle" targetname: "__gnat_last_chance_handler" label: "/home/josegrivera/my-projects/zephyr_ada/apps/samples/frdm_kl25z_autonomous_car/src/drivers/portable/pwm_driver.ads:112:19" }
edge: { sourcename: "pwm_driver__set_channel_duty_cycle" targetname: "system__assertions__raise_assert_failure" label: "/home/josegrivera/my-projects/zephyr_ada/apps/samples/frdm_kl25z_autonomous_car/src/drivers/portable/pwm_driver.ads:112:19" }
node: { title: "mkl25z4__tpm__tpm0_cnv_registerIP" label: "tpm0_cnv_registerIP\n<built-in>" shape : ellipse }
edge: { sourcename: "pwm_driver__set_channel_duty_cycle" targetname: "mkl25z4__tpm__tpm0_cnv_registerIP" label: "/home/josegrivera/my-projects/zephyr_ada/apps/samples/frdm_kl25z_autonomous_car/src/drivers/mcu_specific/nxp_kinetis_kl25z/pwm_driver.adb:230:7" }
edge: { sourcename: "pwm_driver__set_channel_duty_cycle" targetname: "__gnat_last_chance_handler" label: "/home/josegrivera/my-projects/zephyr_ada/apps/samples/frdm_kl25z_autonomous_car/src/drivers/mcu_specific/nxp_kinetis_kl25z/pwm_driver.adb:235:49" }
edge: { sourcename: "pwm_driver__set_channel_duty_cycle" targetname: "system__assertions__raise_assert_failure" label: "/home/josegrivera/my-projects/zephyr_ada/apps/samples/frdm_kl25z_autonomous_car/src/drivers/mcu_specific/nxp_kinetis_kl25z/pwm_driver.adb:234:22" }
edge: { sourcename: "pwm_driver__set_channel_duty_cycle" targetname: "system__assertions__raise_assert_failure" label: "/home/josegrivera/my-projects/zephyr_ada/apps/samples/frdm_kl25z_autonomous_car/src/drivers/mcu_specific/nxp_kinetis_kl25z/pwm_driver.adb:253:22" }
edge: { sourcename: "pwm_driver__set_channel_duty_cycle" targetname: "__gnat_last_chance_handler" label: "/home/josegrivera/my-projects/zephyr_ada/apps/samples/frdm_kl25z_autonomous_car/src/drivers/mcu_specific/nxp_kinetis_kl25z/pwm_driver.adb:258:58" }
edge: { sourcename: "pwm_driver__set_channel_duty_cycle" targetname: "__aeabi_uidiv" }
edge: { sourcename: "pwm_driver__set_channel_duty_cycle" targetname: "__gnat_last_chance_handler" label: "/home/josegrivera/my-projects/zephyr_ada/apps/samples/frdm_kl25z_autonomous_car/src/drivers/mcu_specific/nxp_kinetis_kl25z/pwm_driver.adb:257:42" }
edge: { sourcename: "pwm_driver__set_channel_duty_cycle" targetname: "__gnat_last_chance_handler" label: "/home/josegrivera/my-projects/zephyr_ada/apps/samples/frdm_kl25z_autonomous_car/src/drivers/mcu_specific/nxp_kinetis_kl25z/pwm_driver.adb:260:44" }
node: { title: "pwm_driver__initialize_channel" label: "Initialize_Channel\n/home/josegrivera/my-projects/zephyr_ada/apps/samples/frdm_kl25z_autonomous_car/src/drivers/mcu_specific/nxp_kinetis_kl25z/pwm_driver.adb:164:4\n56 bytes (static)\n0 dynamic objects" }
edge: { sourcename: "pwm_driver__initialize_channel" targetname: "__gnat_last_chance_handler" label: "/home/josegrivera/my-projects/zephyr_ada/apps/samples/frdm_kl25z_autonomous_car/src/drivers/portable/pwm_driver.ads:97:31" }
edge: { sourcename: "pwm_driver__initialize_channel" targetname: "pwm_driver__initialized" label: "/home/josegrivera/my-projects/zephyr_ada/apps/samples/frdm_kl25z_autonomous_car/src/drivers/portable/pwm_driver.ads:97:18" }
edge: { sourcename: "pwm_driver__initialize_channel" targetname: "__gnat_last_chance_handler" label: "/home/josegrivera/my-projects/zephyr_ada/apps/samples/frdm_kl25z_autonomous_car/src/drivers/portable/pwm_driver.ads:97:18" }
edge: { sourcename: "pwm_driver__initialize_channel" targetname: "system__assertions__raise_assert_failure" label: "/home/josegrivera/my-projects/zephyr_ada/apps/samples/frdm_kl25z_autonomous_car/src/drivers/portable/pwm_driver.ads:97:18" }
node: { title: "mkl25z4__tpm__tpm0_cnsc_registerIP" label: "tpm0_cnsc_registerIP\n<built-in>" shape : ellipse }
edge: { sourcename: "pwm_driver__initialize_channel" targetname: "mkl25z4__tpm__tpm0_cnsc_registerIP" label: "/home/josegrivera/my-projects/zephyr_ada/apps/samples/frdm_kl25z_autonomous_car/src/drivers/mcu_specific/nxp_kinetis_kl25z/pwm_driver.adb:176:7" }
edge: { sourcename: "pwm_driver__initialize_channel" targetname: "__gnat_last_chance_handler" label: "/home/josegrivera/my-projects/zephyr_ada/apps/samples/frdm_kl25z_autonomous_car/src/drivers/mcu_specific/nxp_kinetis_kl25z/pwm_driver.adb:178:49" }
edge: { sourcename: "pwm_driver__initialize_channel" targetname: "__gnat_last_chance_handler" label: "/home/josegrivera/my-projects/zephyr_ada/apps/samples/frdm_kl25z_autonomous_car/src/drivers/mcu_specific/nxp_kinetis_kl25z/pwm_driver.adb:178:60" }
edge: { sourcename: "pwm_driver__initialize_channel" targetname: "system__assertions__raise_assert_failure" label: "/home/josegrivera/my-projects/zephyr_ada/apps/samples/frdm_kl25z_autonomous_car/src/drivers/mcu_specific/nxp_kinetis_kl25z/pwm_driver.adb:178:22" }
edge: { sourcename: "pwm_driver__initialize_channel" targetname: "system__assertions__raise_assert_failure" label: "/home/josegrivera/my-projects/zephyr_ada/apps/samples/frdm_kl25z_autonomous_car/src/drivers/mcu_specific/nxp_kinetis_kl25z/pwm_driver.adb:179:22" }
edge: { sourcename: "pwm_driver__initialize_channel" targetname: "pwm_driver__set_channel_duty_cycle" label: "/home/josegrivera/my-projects/zephyr_ada/apps/samples/frdm_kl25z_autonomous_car/src/drivers/mcu_specific/nxp_kinetis_kl25z/pwm_driver.adb:189:7" }
node: { title: "pin_mux_driver__set_pin_function" label: "Set_Pin_Function\n/home/josegrivera/my-projects/zephyr_ada/apps/samples/frdm_kl25z_autonomous_car/src/drivers/portable/pin_mux_driver.ads:89:14" shape : ellipse }
edge: { sourcename: "pwm_driver__initialize_channel" targetname: "pin_mux_driver__set_pin_function" label: "/home/josegrivera/my-projects/zephyr_ada/apps/samples/frdm_kl25z_autonomous_car/src/drivers/mcu_specific/nxp_kinetis_kl25z/pwm_driver.adb:196:7" }
edge: { sourcename: "pwm_driver__initialize_channel" targetname: "__gnat_last_chance_handler" label: "/home/josegrivera/my-projects/zephyr_ada/apps/samples/frdm_kl25z_autonomous_car/src/drivers/mcu_specific/nxp_kinetis_kl25z/pwm_driver.adb:204:10" }
node: { title: "pwm_driver___elabb" label: "Pwm_Driver\n/home/josegrivera/my-projects/zephyr_ada/apps/samples/frdm_kl25z_autonomous_car/src/drivers/mcu_specific/nxp_kinetis_kl25z/pwm_driver.adb:32:1\n8 bytes (static)\n0 dynamic objects" }
edge: { sourcename: "pwm_driver___elabb" targetname: "pwm_driver__Tpwm_devices_varBIP" label: "/home/josegrivera/my-projects/zephyr_ada/apps/samples/frdm_kl25z_autonomous_car/src/drivers/mcu_specific/nxp_kinetis_kl25z/pwm_driver.adb:55:4" }
}
