<built-in>:pwm_clock_preescale_typeH	48	static
<built-in>:pwm_channel_typeIP	8	static
<built-in>:Tpwm_channel_array_typeBIP	16	static
<built-in>:pwm_device_const_typeIP	8	static
<built-in>:Tpwm_channels_in_use_typeBIP	8	static
<built-in>:pwm_device_var_typeIP	8	static
<built-in>:Tpwm_devices_varBIP	20	static
/home/josegrivera/my-projects/zephyr_ada/apps/samples/frdm_kl25z_autonomous_car/src/drivers/mcu_specific/nxp_kinetis_kl25z/pwm_driver.adb:61:4:Initialized	8	static
/home/josegrivera/my-projects/zephyr_ada/apps/samples/frdm_kl25z_autonomous_car/src/drivers/mcu_specific/nxp_kinetis_kl25z/pwm_driver.adb:70:4:Initialize	72	static
/home/josegrivera/my-projects/zephyr_ada/apps/samples/frdm_kl25z_autonomous_car/src/drivers/mcu_specific/nxp_kinetis_kl25z/pwm_driver.adb:219:4:Set_Channel_Duty_Cycle	32	static
/home/josegrivera/my-projects/zephyr_ada/apps/samples/frdm_kl25z_autonomous_car/src/drivers/mcu_specific/nxp_kinetis_kl25z/pwm_driver.adb:164:4:Initialize_Channel	56	static
/home/josegrivera/my-projects/zephyr_ada/apps/samples/frdm_kl25z_autonomous_car/src/drivers/mcu_specific/nxp_kinetis_kl25z/pwm_driver.adb:32:1:Pwm_Driver	8	static
