<built-in>:buffer_typeF	8	static
/home/josegrivera/my-projects/zephyr_ada/apps/samples/frdm_kl25z_autonomous_car/src/building_blocks/portable/generic_ring_buffers.adb:80:32:Write_Blocking_B17b	8	static
/home/josegrivera/my-projects/zephyr_ada/apps/samples/frdm_kl25z_autonomous_car/src/building_blocks/portable/generic_ring_buffers.adb:95:34:Read_B19b	8	static
<built-in>:E212b	16	static
<built-in>:E221b	16	static
/home/josegrivera/my-projects/zephyr_ada/apps/samples/frdm_kl25z_autonomous_car/src/building_blocks/portable/generic_ring_buffers.adb:79:7:Write_Blocking_E16b	16	static
/home/josegrivera/my-projects/zephyr_ada/apps/samples/frdm_kl25z_autonomous_car/src/building_blocks/portable/generic_ring_buffers.adb:94:7:Read_E18b	8	static
<built-in>:F51b	56	dynamic
<built-in>:console_typeIP	8	static
<built-in>:attributes_typeH	32	static
<built-in>:Tattributes_vector_typeBIP	8	static
/home/josegrivera/my-projects/zephyr_ada/apps/samples/frdm_kl25z_autonomous_car/src/building_blocks/portable/generic_ring_buffers.adb:30:4:Initialized	8	static
/home/josegrivera/my-projects/zephyr_ada/apps/samples/frdm_kl25z_autonomous_car/src/building_blocks/portable/generic_ring_buffers.adb:35:4:Initialize	16	static
/home/josegrivera/my-projects/zephyr_ada/apps/samples/frdm_kl25z_autonomous_car/src/building_blocks/portable/generic_ring_buffers.adb:45:4:Read	32	static
/home/josegrivera/my-projects/zephyr_ada/apps/samples/frdm_kl25z_autonomous_car/src/building_blocks/portable/serial_console.adb:420:4:Console_Output_Task_Typet	16	static
/home/josegrivera/my-projects/zephyr_ada/apps/samples/frdm_kl25z_autonomous_car/src/building_blocks/portable/generic_ring_buffers.adb:62:4:Write	32	static
/home/josegrivera/my-projects/zephyr_ada/apps/samples/frdm_kl25z_autonomous_car/src/building_blocks/portable/generic_ring_buffers.adb:109:7:Writen	24	static
/home/josegrivera/my-projects/zephyr_ada/apps/samples/frdm_kl25z_autonomous_car/src/building_blocks/portable/generic_ring_buffers.adb:109:7:Writep	24	static
/home/josegrivera/my-projects/zephyr_ada/apps/samples/frdm_kl25z_autonomous_car/src/building_blocks/portable/generic_ring_buffers.adb:53:4:Write_Non_Blocking	8	static
<built-in>:Tbuffer_data_typeBIP	8	static
<built-in>:buffer_typeVIP	48	static
<built-in>:P5bIP	8	static
<built-in>:P8bIP	8	static
<built-in>:ring_buffer_typeIP	8	static
<built-in>:console_output_task_typeVIP	64	static
<built-in>:console_typeIP	72	static
/home/josegrivera/my-projects/zephyr_ada/apps/samples/frdm_kl25z_autonomous_car/src/building_blocks/portable/serial_console.adb:207:4:Initialized	8	static
/home/josegrivera/my-projects/zephyr_ada/apps/samples/frdm_kl25z_autonomous_car/src/building_blocks/portable/serial_console.adb:200:4:Get_Char	8	static
/home/josegrivera/my-projects/zephyr_ada/apps/samples/frdm_kl25z_autonomous_car/src/building_blocks/portable/serial_console.adb:211:4:Initialize	16	static
/home/josegrivera/my-projects/zephyr_ada/apps/samples/frdm_kl25z_autonomous_car/src/building_blocks/portable/serial_console.adb:223:4:Is_Input_Available	8	static
/home/josegrivera/my-projects/zephyr_ada/apps/samples/frdm_kl25z_autonomous_car/src/building_blocks/portable/serial_console.adb:228:4:Is_Lock_Mine	8	static
/home/josegrivera/my-projects/zephyr_ada/apps/samples/frdm_kl25z_autonomous_car/src/building_blocks/portable/serial_console.adb:235:4:Lock	16	static
/home/josegrivera/my-projects/zephyr_ada/apps/samples/frdm_kl25z_autonomous_car/src/building_blocks/portable/serial_console.adb:270:4:Put_Char	16	static
/home/josegrivera/my-projects/zephyr_ada/apps/samples/frdm_kl25z_autonomous_car/src/building_blocks/portable/serial_console.adb:262:4:Print_String	24	static
/home/josegrivera/my-projects/zephyr_ada/apps/samples/frdm_kl25z_autonomous_car/src/building_blocks/portable/serial_console.adb:171:4:Erase_Current_Line	8	static
/home/josegrivera/my-projects/zephyr_ada/apps/samples/frdm_kl25z_autonomous_car/src/building_blocks/portable/serial_console.adb:280:4:Restore_Cursor_And_Attributes	8	static
/home/josegrivera/my-projects/zephyr_ada/apps/samples/frdm_kl25z_autonomous_car/src/building_blocks/portable/serial_console.adb:293:4:Save_Cursor_And_Attributes	8	static
/home/josegrivera/my-projects/zephyr_ada/apps/samples/frdm_kl25z_autonomous_car/src/building_blocks/portable/serial_console.adb:304:4:Set_Cursor_And_Attributes	64	static
/home/josegrivera/my-projects/zephyr_ada/apps/samples/frdm_kl25z_autonomous_car/src/building_blocks/portable/serial_console.adb:105:4:Draw_Box	32	static
/home/josegrivera/my-projects/zephyr_ada/apps/samples/frdm_kl25z_autonomous_car/src/building_blocks/portable/serial_console.adb:148:4:Draw_Horizontal_Line	32	static
/home/josegrivera/my-projects/zephyr_ada/apps/samples/frdm_kl25z_autonomous_car/src/building_blocks/portable/serial_console.adb:179:4:Erase_Lines	24	static
/home/josegrivera/my-projects/zephyr_ada/apps/samples/frdm_kl25z_autonomous_car/src/building_blocks/portable/serial_console.adb:248:4:Print_Pos_String	24	static
/home/josegrivera/my-projects/zephyr_ada/apps/samples/frdm_kl25z_autonomous_car/src/building_blocks/portable/serial_console.adb:356:4:Set_Scroll_Region	56	static
/home/josegrivera/my-projects/zephyr_ada/apps/samples/frdm_kl25z_autonomous_car/src/building_blocks/portable/serial_console.adb:378:4:Set_Scroll_Region_To_Screen_Bottom	40	static
/home/josegrivera/my-projects/zephyr_ada/apps/samples/frdm_kl25z_autonomous_car/src/building_blocks/portable/serial_console.adb:393:4:Turn_Off_Cursor	8	static
/home/josegrivera/my-projects/zephyr_ada/apps/samples/frdm_kl25z_autonomous_car/src/building_blocks/portable/serial_console.adb:86:4:Clear_Screen	16	static
/home/josegrivera/my-projects/zephyr_ada/apps/samples/frdm_kl25z_autonomous_car/src/building_blocks/portable/serial_console.adb:401:4:Turn_On_Cursor	8	static
/home/josegrivera/my-projects/zephyr_ada/apps/samples/frdm_kl25z_autonomous_car/src/building_blocks/portable/serial_console.adb:409:4:Unlock	8	static
/home/josegrivera/my-projects/zephyr_ada/apps/samples/frdm_kl25z_autonomous_car/src/building_blocks/portable/serial_console.adb:35:1:Serial_Console	40	static
