graph: { title: "/home/josegrivera/my-projects/zephyr_ada/apps/samples/frdm_kl25z_autonomous_car/src/building_blocks/portable/stack_trace_capture.adb"
node: { title: "stack_trace_capture__stack_trace_typeIP" label: "stack_trace_typeIP\n<built-in>\n8 bytes (static)\n0 dynamic objects" }
node: { title: "stack_trace_capture__find_previous_stack_frame" label: "Find_Previous_Stack_Frame\n/home/josegrivera/my-projects/zephyr_ada/apps/samples/frdm_kl25z_autonomous_car/src/building_blocks/cpu_specific/arm_cortex_m0plus/stack_trace_capture-find_previous_stack_frame.adb:29:4\n56 bytes (static)\n0 dynamic objects" }
node: { title: "microcontroller__arm_cortex_m__thumb_instruction_typeIP" label: "thumb_instruction_typeIP\n<built-in>" shape : ellipse }
edge: { sourcename: "stack_trace_capture__find_previous_stack_frame" targetname: "microcontroller__arm_cortex_m__thumb_instruction_typeIP" label: "/home/josegrivera/my-projects/zephyr_ada/apps/samples/frdm_kl25z_autonomous_car/src/building_blocks/cpu_specific/arm_cortex_m0plus/stack_trace_capture-find_previous_stack_frame.adb:64:7" }
node: { title: "microcontroller__arm_cortex_m__is_cpu_exception_return" label: "Is_Cpu_Exception_Return\n/home/josegrivera/my-projects/zephyr_ada/apps/samples/frdm_kl25z_autonomous_car/src/building_blocks/cpu_specific/arm_cortex_m0plus/microcontroller-arm_cortex_m.ads:160:13" shape : ellipse }
edge: { sourcename: "stack_trace_capture__find_previous_stack_frame" targetname: "microcontroller__arm_cortex_m__is_cpu_exception_return" label: "/home/josegrivera/my-projects/zephyr_ada/apps/samples/frdm_kl25z_autonomous_car/src/building_blocks/cpu_specific/arm_cortex_m0plus/stack_trace_capture-find_previous_stack_frame.adb:81:13" }
node: { title: "__gnat_last_chance_handler" label: "gnat_last_chance_handler\n<built-in>" shape : ellipse }
edge: { sourcename: "stack_trace_capture__find_previous_stack_frame" targetname: "__gnat_last_chance_handler" label: "/home/josegrivera/my-projects/zephyr_ada/apps/samples/frdm_kl25z_autonomous_car/src/building_blocks/cpu_specific/arm_cortex_m0plus/stack_trace_capture-find_previous_stack_frame.adb:81:13" }
node: { title: "microcontroller__arm_cortex_m__return_address_to_call_address" label: "Return_Address_To_Call_Address\n/home/josegrivera/my-projects/zephyr_ada/apps/samples/frdm_kl25z_autonomous_car/src/building_blocks/cpu_specific/arm_cortex_m0plus/microcontroller-arm_cortex_m.ads:155:13" shape : ellipse }
edge: { sourcename: "stack_trace_capture__find_previous_stack_frame" targetname: "microcontroller__arm_cortex_m__return_address_to_call_address" label: "/home/josegrivera/my-projects/zephyr_ada/apps/samples/frdm_kl25z_autonomous_car/src/building_blocks/cpu_specific/arm_cortex_m0plus/stack_trace_capture-find_previous_stack_frame.adb:85:29" }
edge: { sourcename: "stack_trace_capture__find_previous_stack_frame" targetname: "microcontroller__arm_cortex_m__is_cpu_exception_return" label: "/home/josegrivera/my-projects/zephyr_ada/apps/samples/frdm_kl25z_autonomous_car/src/building_blocks/cpu_specific/arm_cortex_m0plus/stack_trace_capture-find_previous_stack_frame.adb:87:13" }
edge: { sourcename: "stack_trace_capture__find_previous_stack_frame" targetname: "__gnat_last_chance_handler" label: "/home/josegrivera/my-projects/zephyr_ada/apps/samples/frdm_kl25z_autonomous_car/src/building_blocks/cpu_specific/arm_cortex_m0plus/stack_trace_capture-find_previous_stack_frame.adb:87:13" }
edge: { sourcename: "stack_trace_capture__find_previous_stack_frame" targetname: "__gnat_last_chance_handler" label: "/home/josegrivera/my-projects/zephyr_ada/apps/samples/frdm_kl25z_autonomous_car/src/building_blocks/cpu_specific/arm_cortex_m0plus/stack_trace_capture-find_previous_stack_frame.adb:109:45" }
node: { title: "microcontroller__arm_cortex_m__is_add_r7_sp_immeditate" label: "Is_Add_R7_Sp_Immeditate\n/home/josegrivera/my-projects/zephyr_ada/apps/samples/frdm_kl25z_autonomous_car/src/building_blocks/cpu_specific/arm_cortex_m0plus/microcontroller-arm_cortex_m.ads:170:13" shape : ellipse }
edge: { sourcename: "stack_trace_capture__find_previous_stack_frame" targetname: "microcontroller__arm_cortex_m__is_add_r7_sp_immeditate" label: "/home/josegrivera/my-projects/zephyr_ada/apps/samples/frdm_kl25z_autonomous_car/src/building_blocks/cpu_specific/arm_cortex_m0plus/stack_trace_capture-find_previous_stack_frame.adb:110:13" }
node: { title: "microcontroller__arm_cortex_m__is_sub_sp_immeditate" label: "Is_Sub_Sp_Immeditate\n/home/josegrivera/my-projects/zephyr_ada/apps/samples/frdm_kl25z_autonomous_car/src/building_blocks/cpu_specific/arm_cortex_m0plus/microcontroller-arm_cortex_m.ads:175:13" shape : ellipse }
edge: { sourcename: "stack_trace_capture__find_previous_stack_frame" targetname: "microcontroller__arm_cortex_m__is_sub_sp_immeditate" label: "/home/josegrivera/my-projects/zephyr_ada/apps/samples/frdm_kl25z_autonomous_car/src/building_blocks/cpu_specific/arm_cortex_m0plus/stack_trace_capture-find_previous_stack_frame.adb:111:13" }
edge: { sourcename: "stack_trace_capture__find_previous_stack_frame" targetname: "__gnat_last_chance_handler" label: "/home/josegrivera/my-projects/zephyr_ada/apps/samples/frdm_kl25z_autonomous_car/src/building_blocks/cpu_specific/arm_cortex_m0plus/stack_trace_capture-find_previous_stack_frame.adb:111:13" }
node: { title: "microcontroller__arm_cortex_m__is_push_r7" label: "Is_Push_R7\n/home/josegrivera/my-projects/zephyr_ada/apps/samples/frdm_kl25z_autonomous_car/src/building_blocks/cpu_specific/arm_cortex_m0plus/microcontroller-arm_cortex_m.ads:181:13" shape : ellipse }
edge: { sourcename: "stack_trace_capture__find_previous_stack_frame" targetname: "microcontroller__arm_cortex_m__is_push_r7" label: "/home/josegrivera/my-projects/zephyr_ada/apps/samples/frdm_kl25z_autonomous_car/src/building_blocks/cpu_specific/arm_cortex_m0plus/stack_trace_capture-find_previous_stack_frame.adb:112:13" }
edge: { sourcename: "stack_trace_capture__find_previous_stack_frame" targetname: "__gnat_last_chance_handler" label: "/home/josegrivera/my-projects/zephyr_ada/apps/samples/frdm_kl25z_autonomous_car/src/building_blocks/cpu_specific/arm_cortex_m0plus/stack_trace_capture-find_previous_stack_frame.adb:112:13" }
edge: { sourcename: "stack_trace_capture__find_previous_stack_frame" targetname: "microcontroller__arm_cortex_m__is_add_r7_sp_immeditate" label: "/home/josegrivera/my-projects/zephyr_ada/apps/samples/frdm_kl25z_autonomous_car/src/building_blocks/cpu_specific/arm_cortex_m0plus/stack_trace_capture-find_previous_stack_frame.adb:125:10" }
edge: { sourcename: "stack_trace_capture__find_previous_stack_frame" targetname: "__gnat_last_chance_handler" label: "/home/josegrivera/my-projects/zephyr_ada/apps/samples/frdm_kl25z_autonomous_car/src/building_blocks/cpu_specific/arm_cortex_m0plus/stack_trace_capture-find_previous_stack_frame.adb:125:10" }
edge: { sourcename: "stack_trace_capture__find_previous_stack_frame" targetname: "__gnat_last_chance_handler" label: "/home/josegrivera/my-projects/zephyr_ada/apps/samples/frdm_kl25z_autonomous_car/src/building_blocks/cpu_specific/arm_cortex_m0plus/stack_trace_capture-find_previous_stack_frame.adb:148:48" }
edge: { sourcename: "stack_trace_capture__find_previous_stack_frame" targetname: "microcontroller__arm_cortex_m__is_sub_sp_immeditate" label: "/home/josegrivera/my-projects/zephyr_ada/apps/samples/frdm_kl25z_autonomous_car/src/building_blocks/cpu_specific/arm_cortex_m0plus/stack_trace_capture-find_previous_stack_frame.adb:149:16" }
edge: { sourcename: "stack_trace_capture__find_previous_stack_frame" targetname: "microcontroller__arm_cortex_m__is_push_r7" label: "/home/josegrivera/my-projects/zephyr_ada/apps/samples/frdm_kl25z_autonomous_car/src/building_blocks/cpu_specific/arm_cortex_m0plus/stack_trace_capture-find_previous_stack_frame.adb:150:16" }
edge: { sourcename: "stack_trace_capture__find_previous_stack_frame" targetname: "__gnat_last_chance_handler" label: "/home/josegrivera/my-projects/zephyr_ada/apps/samples/frdm_kl25z_autonomous_car/src/building_blocks/cpu_specific/arm_cortex_m0plus/stack_trace_capture-find_previous_stack_frame.adb:150:16" }
edge: { sourcename: "stack_trace_capture__find_previous_stack_frame" targetname: "microcontroller__arm_cortex_m__is_sub_sp_immeditate" label: "/home/josegrivera/my-projects/zephyr_ada/apps/samples/frdm_kl25z_autonomous_car/src/building_blocks/cpu_specific/arm_cortex_m0plus/stack_trace_capture-find_previous_stack_frame.adb:166:10" }
edge: { sourcename: "stack_trace_capture__find_previous_stack_frame" targetname: "__gnat_last_chance_handler" label: "/home/josegrivera/my-projects/zephyr_ada/apps/samples/frdm_kl25z_autonomous_car/src/building_blocks/cpu_specific/arm_cortex_m0plus/stack_trace_capture-find_previous_stack_frame.adb:166:10" }
edge: { sourcename: "stack_trace_capture__find_previous_stack_frame" targetname: "__gnat_last_chance_handler" label: "/home/josegrivera/my-projects/zephyr_ada/apps/samples/frdm_kl25z_autonomous_car/src/building_blocks/cpu_specific/arm_cortex_m0plus/stack_trace_capture-find_previous_stack_frame.adb:190:48" }
edge: { sourcename: "stack_trace_capture__find_previous_stack_frame" targetname: "microcontroller__arm_cortex_m__is_push_r7" label: "/home/josegrivera/my-projects/zephyr_ada/apps/samples/frdm_kl25z_autonomous_car/src/building_blocks/cpu_specific/arm_cortex_m0plus/stack_trace_capture-find_previous_stack_frame.adb:191:16" }
edge: { sourcename: "stack_trace_capture__find_previous_stack_frame" targetname: "__gnat_last_chance_handler" label: "/home/josegrivera/my-projects/zephyr_ada/apps/samples/frdm_kl25z_autonomous_car/src/building_blocks/cpu_specific/arm_cortex_m0plus/stack_trace_capture-find_previous_stack_frame.adb:191:16" }
edge: { sourcename: "stack_trace_capture__find_previous_stack_frame" targetname: "__gnat_last_chance_handler" label: "/home/josegrivera/my-projects/zephyr_ada/apps/samples/frdm_kl25z_autonomous_car/src/building_blocks/cpu_specific/arm_cortex_m0plus/stack_trace_capture-find_previous_stack_frame.adb:199:17" }
edge: { sourcename: "stack_trace_capture__find_previous_stack_frame" targetname: "microcontroller__arm_cortex_m__is_push_r7" label: "/home/josegrivera/my-projects/zephyr_ada/apps/samples/frdm_kl25z_autonomous_car/src/building_blocks/cpu_specific/arm_cortex_m0plus/stack_trace_capture-find_previous_stack_frame.adb:211:10" }
node: { title: "microcontroller__arm_cortex_m__push_operand_includes_lr" label: "Push_Operand_Includes_Lr\n/home/josegrivera/my-projects/zephyr_ada/apps/samples/frdm_kl25z_autonomous_car/src/building_blocks/cpu_specific/arm_cortex_m0plus/microcontroller-arm_cortex_m.ads:192:13" shape : ellipse }
edge: { sourcename: "stack_trace_capture__find_previous_stack_frame" targetname: "microcontroller__arm_cortex_m__push_operand_includes_lr" label: "/home/josegrivera/my-projects/zephyr_ada/apps/samples/frdm_kl25z_autonomous_car/src/building_blocks/cpu_specific/arm_cortex_m0plus/stack_trace_capture-find_previous_stack_frame.adb:212:13" }
edge: { sourcename: "stack_trace_capture__find_previous_stack_frame" targetname: "__gnat_last_chance_handler" label: "/home/josegrivera/my-projects/zephyr_ada/apps/samples/frdm_kl25z_autonomous_car/src/building_blocks/cpu_specific/arm_cortex_m0plus/stack_trace_capture-find_previous_stack_frame.adb:212:13" }
node: { title: "microcontroller__arm_cortex_m__get_pushed_r7_stack_offset" label: "Get_Pushed_R7_Stack_Offset\n/home/josegrivera/my-projects/zephyr_ada/apps/samples/frdm_kl25z_autonomous_car/src/building_blocks/cpu_specific/arm_cortex_m0plus/microcontroller-arm_cortex_m.ads:197:13" shape : ellipse }
edge: { sourcename: "stack_trace_capture__find_previous_stack_frame" targetname: "microcontroller__arm_cortex_m__get_pushed_r7_stack_offset" label: "/home/josegrivera/my-projects/zephyr_ada/apps/samples/frdm_kl25z_autonomous_car/src/building_blocks/cpu_specific/arm_cortex_m0plus/stack_trace_capture-find_previous_stack_frame.adb:214:35" }
edge: { sourcename: "stack_trace_capture__find_previous_stack_frame" targetname: "__gnat_last_chance_handler" label: "/home/josegrivera/my-projects/zephyr_ada/apps/samples/frdm_kl25z_autonomous_car/src/building_blocks/cpu_specific/arm_cortex_m0plus/stack_trace_capture-find_previous_stack_frame.adb:215:41" }
edge: { sourcename: "stack_trace_capture__find_previous_stack_frame" targetname: "__gnat_last_chance_handler" label: "/home/josegrivera/my-projects/zephyr_ada/apps/samples/frdm_kl25z_autonomous_car/src/building_blocks/cpu_specific/arm_cortex_m0plus/stack_trace_capture-find_previous_stack_frame.adb:228:48" }
edge: { sourcename: "stack_trace_capture__find_previous_stack_frame" targetname: "microcontroller__arm_cortex_m__is_push_r7" label: "/home/josegrivera/my-projects/zephyr_ada/apps/samples/frdm_kl25z_autonomous_car/src/building_blocks/cpu_specific/arm_cortex_m0plus/stack_trace_capture-find_previous_stack_frame.adb:229:16" }
edge: { sourcename: "stack_trace_capture__find_previous_stack_frame" targetname: "microcontroller__arm_cortex_m__push_operand_includes_lr" label: "/home/josegrivera/my-projects/zephyr_ada/apps/samples/frdm_kl25z_autonomous_car/src/building_blocks/cpu_specific/arm_cortex_m0plus/stack_trace_capture-find_previous_stack_frame.adb:230:16" }
edge: { sourcename: "stack_trace_capture__find_previous_stack_frame" targetname: "__gnat_last_chance_handler" label: "/home/josegrivera/my-projects/zephyr_ada/apps/samples/frdm_kl25z_autonomous_car/src/building_blocks/cpu_specific/arm_cortex_m0plus/stack_trace_capture-find_previous_stack_frame.adb:230:16" }
edge: { sourcename: "stack_trace_capture__find_previous_stack_frame" targetname: "__gnat_last_chance_handler" label: "/home/josegrivera/my-projects/zephyr_ada/apps/samples/frdm_kl25z_autonomous_car/src/building_blocks/cpu_specific/arm_cortex_m0plus/stack_trace_capture-find_previous_stack_frame.adb:239:17" }
node: { title: "microcontroller__arm_cortex_m__is_push_r7_lr" label: "Is_Push_R7_Lr\n/home/josegrivera/my-projects/zephyr_ada/apps/samples/frdm_kl25z_autonomous_car/src/building_blocks/cpu_specific/arm_cortex_m0plus/microcontroller-arm_cortex_m.ads:187:13" shape : ellipse }
edge: { sourcename: "stack_trace_capture__find_previous_stack_frame" targetname: "microcontroller__arm_cortex_m__is_push_r7_lr" label: "/home/josegrivera/my-projects/zephyr_ada/apps/samples/frdm_kl25z_autonomous_car/src/building_blocks/cpu_specific/arm_cortex_m0plus/stack_trace_capture-find_previous_stack_frame.adb:244:14" }
edge: { sourcename: "stack_trace_capture__find_previous_stack_frame" targetname: "__gnat_last_chance_handler" label: "/home/josegrivera/my-projects/zephyr_ada/apps/samples/frdm_kl25z_autonomous_car/src/building_blocks/cpu_specific/arm_cortex_m0plus/stack_trace_capture-find_previous_stack_frame.adb:244:14" }
edge: { sourcename: "stack_trace_capture__find_previous_stack_frame" targetname: "microcontroller__arm_cortex_m__get_pushed_r7_stack_offset" label: "/home/josegrivera/my-projects/zephyr_ada/apps/samples/frdm_kl25z_autonomous_car/src/building_blocks/cpu_specific/arm_cortex_m0plus/stack_trace_capture-find_previous_stack_frame.adb:255:32" }
edge: { sourcename: "stack_trace_capture__find_previous_stack_frame" targetname: "__gnat_last_chance_handler" label: "/home/josegrivera/my-projects/zephyr_ada/apps/samples/frdm_kl25z_autonomous_car/src/building_blocks/cpu_specific/arm_cortex_m0plus/stack_trace_capture-find_previous_stack_frame.adb:266:78" }
edge: { sourcename: "stack_trace_capture__find_previous_stack_frame" targetname: "__gnat_last_chance_handler" label: "/home/josegrivera/my-projects/zephyr_ada/apps/samples/frdm_kl25z_autonomous_car/src/building_blocks/cpu_specific/arm_cortex_m0plus/stack_trace_capture-find_previous_stack_frame.adb:278:27" }
edge: { sourcename: "stack_trace_capture__find_previous_stack_frame" targetname: "__gnat_last_chance_handler" label: "/home/josegrivera/my-projects/zephyr_ada/apps/samples/frdm_kl25z_autonomous_car/src/building_blocks/cpu_specific/arm_cortex_m0plus/stack_trace_capture-find_previous_stack_frame.adb:281:58" }
node: { title: "stack_trace_capture__unwind_execution_stack" label: "Unwind_Execution_Stack\n/home/josegrivera/my-projects/zephyr_ada/apps/samples/frdm_kl25z_autonomous_car/src/building_blocks/portable/stack_trace_capture.adb:141:4\n72 bytes (static)\n0 dynamic objects" }
edge: { sourcename: "stack_trace_capture__unwind_execution_stack" targetname: "microcontroller__arm_cortex_m__is_cpu_exception_return" label: "/home/josegrivera/my-projects/zephyr_ada/apps/samples/frdm_kl25z_autonomous_car/src/building_blocks/portable/stack_trace_capture.adb:169:13" }
edge: { sourcename: "stack_trace_capture__unwind_execution_stack" targetname: "__gnat_last_chance_handler" label: "/home/josegrivera/my-projects/zephyr_ada/apps/samples/frdm_kl25z_autonomous_car/src/building_blocks/portable/stack_trace_capture.adb:169:13" }
edge: { sourcename: "stack_trace_capture__unwind_execution_stack" targetname: "__gnat_last_chance_handler" label: "/home/josegrivera/my-projects/zephyr_ada/apps/samples/frdm_kl25z_autonomous_car/src/building_blocks/portable/stack_trace_capture.adb:197:68" }
edge: { sourcename: "stack_trace_capture__unwind_execution_stack" targetname: "__gnat_last_chance_handler" label: "/home/josegrivera/my-projects/zephyr_ada/apps/samples/frdm_kl25z_autonomous_car/src/building_blocks/portable/stack_trace_capture.adb:211:68" }
node: { title: "system__assertions__raise_assert_failure" label: "Raise_Assert_Failure\n/home/josegrivera/my-projects/zephyr_ada/apps/zephyr_ada_rts/src/third_party/s-assert.ads:46:14" shape : ellipse }
edge: { sourcename: "stack_trace_capture__unwind_execution_stack" targetname: "system__assertions__raise_assert_failure" label: "/home/josegrivera/my-projects/zephyr_ada/apps/samples/frdm_kl25z_autonomous_car/src/building_blocks/portable/stack_trace_capture.adb:214:29" }
node: { title: "microcontroller__arm_cortex_m__is_blx" label: "Is_Blx\n/home/josegrivera/my-projects/zephyr_ada/apps/samples/frdm_kl25z_autonomous_car/src/building_blocks/cpu_specific/arm_cortex_m0plus/microcontroller-arm_cortex_m.ads:203:13" shape : ellipse }
edge: { sourcename: "stack_trace_capture__unwind_execution_stack" targetname: "microcontroller__arm_cortex_m__is_blx" label: "/home/josegrivera/my-projects/zephyr_ada/apps/samples/frdm_kl25z_autonomous_car/src/building_blocks/portable/stack_trace_capture.adb:240:16" }
edge: { sourcename: "stack_trace_capture__unwind_execution_stack" targetname: "__gnat_last_chance_handler" label: "/home/josegrivera/my-projects/zephyr_ada/apps/samples/frdm_kl25z_autonomous_car/src/building_blocks/portable/stack_trace_capture.adb:240:16" }
node: { title: "microcontroller__arm_cortex_m__is_bl32_second_half" label: "Is_Bl32_Second_Half\n/home/josegrivera/my-projects/zephyr_ada/apps/samples/frdm_kl25z_autonomous_car/src/building_blocks/cpu_specific/arm_cortex_m0plus/microcontroller-arm_cortex_m.ads:213:13" shape : ellipse }
edge: { sourcename: "stack_trace_capture__unwind_execution_stack" targetname: "microcontroller__arm_cortex_m__is_bl32_second_half" label: "/home/josegrivera/my-projects/zephyr_ada/apps/samples/frdm_kl25z_autonomous_car/src/building_blocks/portable/stack_trace_capture.adb:249:19" }
edge: { sourcename: "stack_trace_capture__unwind_execution_stack" targetname: "__gnat_last_chance_handler" label: "/home/josegrivera/my-projects/zephyr_ada/apps/samples/frdm_kl25z_autonomous_car/src/building_blocks/portable/stack_trace_capture.adb:249:19" }
edge: { sourcename: "stack_trace_capture__unwind_execution_stack" targetname: "__gnat_last_chance_handler" label: "/home/josegrivera/my-projects/zephyr_ada/apps/samples/frdm_kl25z_autonomous_car/src/building_blocks/portable/stack_trace_capture.adb:253:62" }
node: { title: "microcontroller__arm_cortex_m__is_bl32_first_half" label: "Is_Bl32_First_Half\n/home/josegrivera/my-projects/zephyr_ada/apps/samples/frdm_kl25z_autonomous_car/src/building_blocks/cpu_specific/arm_cortex_m0plus/microcontroller-arm_cortex_m.ads:207:13" shape : ellipse }
edge: { sourcename: "stack_trace_capture__unwind_execution_stack" targetname: "microcontroller__arm_cortex_m__is_bl32_first_half" label: "/home/josegrivera/my-projects/zephyr_ada/apps/samples/frdm_kl25z_autonomous_car/src/building_blocks/portable/stack_trace_capture.adb:253:22" }
edge: { sourcename: "stack_trace_capture__unwind_execution_stack" targetname: "__gnat_last_chance_handler" label: "/home/josegrivera/my-projects/zephyr_ada/apps/samples/frdm_kl25z_autonomous_car/src/building_blocks/portable/stack_trace_capture.adb:253:22" }
edge: { sourcename: "stack_trace_capture__unwind_execution_stack" targetname: "stack_trace_capture__find_previous_stack_frame" label: "/home/josegrivera/my-projects/zephyr_ada/apps/samples/frdm_kl25z_autonomous_car/src/building_blocks/portable/stack_trace_capture.adb:268:36" }
edge: { sourcename: "stack_trace_capture__unwind_execution_stack" targetname: "__gnat_last_chance_handler" label: "/home/josegrivera/my-projects/zephyr_ada/apps/samples/frdm_kl25z_autonomous_car/src/building_blocks/portable/stack_trace_capture.adb:268:36" }
edge: { sourcename: "stack_trace_capture__unwind_execution_stack" targetname: "__gnat_last_chance_handler" label: "/home/josegrivera/my-projects/zephyr_ada/apps/samples/frdm_kl25z_autonomous_car/src/building_blocks/portable/stack_trace_capture.adb:274:34" }
edge: { sourcename: "stack_trace_capture__unwind_execution_stack" targetname: "__gnat_last_chance_handler" label: "/home/josegrivera/my-projects/zephyr_ada/apps/samples/frdm_kl25z_autonomous_car/src/building_blocks/portable/stack_trace_capture.adb:274:31" }
node: { title: "/home/josegrivera/my-projects/zephyr_ada/apps/samples/frdm_kl25z_autonomous_car/src/building_blocks/portable/stack_trace_capture.adb:stack_trace_capture__get_stack_trace___wrapped_statements.0" label: "Get_Stack_Trace\n/home/josegrivera/my-projects/zephyr_ada/apps/samples/frdm_kl25z_autonomous_car/src/building_blocks/portable/stack_trace_capture.adb:93:4\n72 bytes (static)\n0 dynamic objects" }
edge: { sourcename: "/home/josegrivera/my-projects/zephyr_ada/apps/samples/frdm_kl25z_autonomous_car/src/building_blocks/portable/stack_trace_capture.adb:stack_trace_capture__get_stack_trace___wrapped_statements.0" targetname: "__gnat_last_chance_handler" label: "/home/josegrivera/my-projects/zephyr_ada/apps/samples/frdm_kl25z_autonomous_car/src/building_blocks/portable/stack_trace_capture.adb:105:10" }
node: { title: "task_stack_info__get_current_task_stack" label: "Get_Current_Task_Stack\n/home/josegrivera/my-projects/zephyr_ada/apps/samples/frdm_kl25z_autonomous_car/src/building_blocks/portable/task_stack_info.ads:17:14" shape : ellipse }
edge: { sourcename: "/home/josegrivera/my-projects/zephyr_ada/apps/samples/frdm_kl25z_autonomous_car/src/building_blocks/portable/stack_trace_capture.adb:stack_trace_capture__get_stack_trace___wrapped_statements.0" targetname: "task_stack_info__get_current_task_stack" label: "/home/josegrivera/my-projects/zephyr_ada/apps/samples/frdm_kl25z_autonomous_car/src/building_blocks/portable/stack_trace_capture.adb:109:25" }
edge: { sourcename: "/home/josegrivera/my-projects/zephyr_ada/apps/samples/frdm_kl25z_autonomous_car/src/building_blocks/portable/stack_trace_capture.adb:stack_trace_capture__get_stack_trace___wrapped_statements.0" targetname: "stack_trace_capture__find_previous_stack_frame" label: "/home/josegrivera/my-projects/zephyr_ada/apps/samples/frdm_kl25z_autonomous_car/src/building_blocks/portable/stack_trace_capture.adb:120:10" }
edge: { sourcename: "/home/josegrivera/my-projects/zephyr_ada/apps/samples/frdm_kl25z_autonomous_car/src/building_blocks/portable/stack_trace_capture.adb:stack_trace_capture__get_stack_trace___wrapped_statements.0" targetname: "__gnat_last_chance_handler" label: "/home/josegrivera/my-projects/zephyr_ada/apps/samples/frdm_kl25z_autonomous_car/src/building_blocks/portable/stack_trace_capture.adb:120:10" }
edge: { sourcename: "/home/josegrivera/my-projects/zephyr_ada/apps/samples/frdm_kl25z_autonomous_car/src/building_blocks/portable/stack_trace_capture.adb:stack_trace_capture__get_stack_trace___wrapped_statements.0" targetname: "stack_trace_capture__unwind_execution_stack" label: "/home/josegrivera/my-projects/zephyr_ada/apps/samples/frdm_kl25z_autonomous_car/src/building_blocks/portable/stack_trace_capture.adb:132:7" }
node: { title: "stack_trace_capture__get_stack_trace" label: "Get_Stack_Trace\n/home/josegrivera/my-projects/zephyr_ada/apps/samples/frdm_kl25z_autonomous_car/src/building_blocks/portable/stack_trace_capture.adb:93:4\n48 bytes (static)\n0 dynamic objects" }
edge: { sourcename: "stack_trace_capture__get_stack_trace" targetname: "/home/josegrivera/my-projects/zephyr_ada/apps/samples/frdm_kl25z_autonomous_car/src/building_blocks/portable/stack_trace_capture.adb:stack_trace_capture__get_stack_trace___wrapped_statements.0" label: "/home/josegrivera/my-projects/zephyr_ada/apps/samples/frdm_kl25z_autonomous_car/src/building_blocks/portable/stack_trace_capture.adb:93:4" }
edge: { sourcename: "stack_trace_capture__get_stack_trace" targetname: "__gnat_last_chance_handler" label: "/home/josegrivera/my-projects/zephyr_ada/apps/samples/frdm_kl25z_autonomous_car/src/building_blocks/portable/stack_trace_capture.ads:39:19" }
edge: { sourcename: "stack_trace_capture__get_stack_trace" targetname: "system__assertions__raise_assert_failure" label: "/home/josegrivera/my-projects/zephyr_ada/apps/samples/frdm_kl25z_autonomous_car/src/building_blocks/portable/stack_trace_capture.ads:39:19" }
}
