graph: { title: "/home/josegrivera/my-projects/zephyr_ada/apps/samples/frdm_kl25z_autonomous_car/src/tfc_push_buttons.adb"
node: { title: "tfc_push_buttons__Tpush_buttons_pressed_typeBIP" label: "Tpush_buttons_pressed_typeBIP\n<built-in>\n8 bytes (static)\n0 dynamic objects" }
node: { title: "tfc_push_buttons__Tpins_array_typeBIP" label: "Tpins_array_typeBIP\n<built-in>\n8 bytes (static)\n0 dynamic objects" }
node: { title: "tfc_push_buttons__push_buttons_const_typeIP" label: "push_buttons_const_typeIP\n<built-in>\n8 bytes (static)\n0 dynamic objects" }
node: { title: "tfc_push_buttons__initialize" label: "Initialize\n/home/josegrivera/my-projects/zephyr_ada/apps/samples/frdm_kl25z_autonomous_car/src/tfc_push_buttons.adb:68:4\n16 bytes (static)\n0 dynamic objects" }
node: { title: "gpio_driver__configure_pin" label: "Configure_Pin\n/home/josegrivera/my-projects/zephyr_ada/apps/samples/frdm_kl25z_autonomous_car/src/drivers/portable/gpio_driver.ads:43:14" shape : ellipse }
edge: { sourcename: "tfc_push_buttons__initialize" targetname: "gpio_driver__configure_pin" label: "/home/josegrivera/my-projects/zephyr_ada/apps/samples/frdm_kl25z_autonomous_car/src/tfc_push_buttons.adb:71:21" }
node: { title: "tfc_push_buttons__read_push_buttons" label: "Read_Push_Buttons\n/home/josegrivera/my-projects/zephyr_ada/apps/samples/frdm_kl25z_autonomous_car/src/tfc_push_buttons.adb:82:4\n24 bytes (static)\n0 dynamic objects" }
node: { title: "gpio_driver__read_input_pin" label: "Read_Input_Pin\n/home/josegrivera/my-projects/zephyr_ada/apps/samples/frdm_kl25z_autonomous_car/src/drivers/portable/gpio_driver.ads:54:13" shape : ellipse }
edge: { sourcename: "tfc_push_buttons__read_push_buttons" targetname: "gpio_driver__read_input_pin" label: "/home/josegrivera/my-projects/zephyr_ada/apps/samples/frdm_kl25z_autonomous_car/src/tfc_push_buttons.adb:88:24" }
}
