/home/josegrivera/my-projects/zephyr_ada/apps/samples/frdm_kl25z_autonomous_car/src/tfc_line_scan_camera.adb:53:7:Signal_Frame_Donen	8	static
<built-in>:camera_frame_syncTF	8	static
/home/josegrivera/my-projects/zephyr_ada/apps/samples/frdm_kl25z_autonomous_car/src/tfc_line_scan_camera.adb:58:34:Wait_Frame_Done_B4b	8	static
/home/josegrivera/my-projects/zephyr_ada/apps/samples/frdm_kl25z_autonomous_car/src/tfc_line_scan_camera.adb:58:7:Wait_Frame_Done_E3b	8	static
/home/josegrivera/my-projects/zephyr_ada/apps/samples/frdm_kl25z_autonomous_car/src/tfc_line_scan_camera.adb:308:4:Complete_Piggybacked_Ad_Conversion	16	static
/home/josegrivera/my-projects/zephyr_ada/apps/samples/frdm_kl25z_autonomous_car/src/tfc_line_scan_camera.adb:455:4:Start_Piggybacked_Ad_Conversion	24	static
/home/josegrivera/my-projects/zephyr_ada/apps/samples/frdm_kl25z_autonomous_car/src/tfc_line_scan_camera.adb:53:7:Signal_Frame_Donep	16	static
/home/josegrivera/my-projects/zephyr_ada/apps/samples/frdm_kl25z_autonomous_car/src/tfc_line_scan_camera.adb:175:4:Ad_Conversion_Completion_Callback	24	static
<built-in>:tfc_camera_frame_typeIP	8	static
<built-in>:piggybacked_ad_conversion_typeIP	8	static
<built-in>:piggybacked_ad_conversion_array_typeIP	8	static
<built-in>:camera_frame_syncTVIP	48	static
<built-in>:frame_capture_const_typeIP	8	static
<built-in>:frame_capture_var_typeIP	8	static
/home/josegrivera/my-projects/zephyr_ada/apps/samples/frdm_kl25z_autonomous_car/src/tfc_line_scan_camera.adb:406:4:Initialized	8	static
/home/josegrivera/my-projects/zephyr_ada/apps/samples/frdm_kl25z_autonomous_car/src/tfc_line_scan_camera.adb:412:4:Start_Frame_Capture	16	static
/home/josegrivera/my-projects/zephyr_ada/apps/samples/frdm_kl25z_autonomous_car/src/tfc_line_scan_camera.adb:334:4:Get_Next_Frame	32	static
/home/josegrivera/my-projects/zephyr_ada/apps/samples/frdm_kl25z_autonomous_car/src/tfc_line_scan_camera.adb:361:4:Initialize	32	static
/home/josegrivera/my-projects/zephyr_ada/apps/samples/frdm_kl25z_autonomous_car/src/tfc_line_scan_camera.adb:32:1:Tfc_Line_Scan_Camera	8	static
