graph: { title: "/home/josegrivera/my-projects/zephyr_ada/apps/samples/frdm_kl25z_autonomous_car/src/tfc_line_scan_camera.adb"
node: { title: "/home/josegrivera/my-projects/zephyr_ada/apps/samples/frdm_kl25z_autonomous_car/src/tfc_line_scan_camera.adb:tfc_line_scan_camera__camera_frame_sync__signal_frame_doneN" label: "Signal_Frame_Donen\n/home/josegrivera/my-projects/zephyr_ada/apps/samples/frdm_kl25z_autonomous_car/src/tfc_line_scan_camera.adb:53:7\n8 bytes (static)\n0 dynamic objects" }
node: { title: "tfc_line_scan_camera__camera_frame_syncTF" label: "camera_frame_syncTF\n<built-in>\n8 bytes (static)\n0 dynamic objects" }
node: { title: "tfc_line_scan_camera__camera_frame_sync__wait_frame_done_B4b" label: "Wait_Frame_Done_B4b\n/home/josegrivera/my-projects/zephyr_ada/apps/samples/frdm_kl25z_autonomous_car/src/tfc_line_scan_camera.adb:58:34\n8 bytes (static)\n0 dynamic objects" }
node: { title: "__gnat_last_chance_handler" label: "gnat_last_chance_handler\n<built-in>" shape : ellipse }
edge: { sourcename: "tfc_line_scan_camera__camera_frame_sync__wait_frame_done_B4b" targetname: "__gnat_last_chance_handler" label: "/home/josegrivera/my-projects/zephyr_ada/apps/samples/frdm_kl25z_autonomous_car/src/tfc_line_scan_camera.adb:58:34" }
node: { title: "tfc_line_scan_camera__camera_frame_sync__wait_frame_done_E3b" label: "Wait_Frame_Done_E3b\n/home/josegrivera/my-projects/zephyr_ada/apps/samples/frdm_kl25z_autonomous_car/src/tfc_line_scan_camera.adb:58:7\n8 bytes (static)\n0 dynamic objects" }
node: { title: "system__tasking__protected_objects__operations__complete_entry_body" label: "Complete_Entry_Body\n/home/josegrivera/my-projects/zephyr_ada/apps/zephyr_ada_rts/src/gnarl/s-tpobop.ads:57:14" shape : ellipse }
edge: { sourcename: "tfc_line_scan_camera__camera_frame_sync__wait_frame_done_E3b" targetname: "system__tasking__protected_objects__operations__complete_entry_body" label: "/home/josegrivera/my-projects/zephyr_ada/apps/samples/frdm_kl25z_autonomous_car/src/tfc_line_scan_camera.adb:60:21" }
node: { title: "/home/josegrivera/my-projects/zephyr_ada/apps/samples/frdm_kl25z_autonomous_car/src/tfc_line_scan_camera.adb:tfc_line_scan_camera__complete_piggybacked_ad_conversion" label: "Complete_Piggybacked_Ad_Conversion\n/home/josegrivera/my-projects/zephyr_ada/apps/samples/frdm_kl25z_autonomous_car/src/tfc_line_scan_camera.adb:308:4\n16 bytes (static)\n0 dynamic objects" }
edge: { sourcename: "/home/josegrivera/my-projects/zephyr_ada/apps/samples/frdm_kl25z_autonomous_car/src/tfc_line_scan_camera.adb:tfc_line_scan_camera__complete_piggybacked_ad_conversion" targetname: "__gnat_last_chance_handler" label: "/home/josegrivera/my-projects/zephyr_ada/apps/samples/frdm_kl25z_autonomous_car/src/tfc_line_scan_camera.adb:313:64" }
edge: { sourcename: "/home/josegrivera/my-projects/zephyr_ada/apps/samples/frdm_kl25z_autonomous_car/src/tfc_line_scan_camera.adb:tfc_line_scan_camera__complete_piggybacked_ad_conversion" targetname: "__gnat_last_chance_handler" label: "/home/josegrivera/my-projects/zephyr_ada/apps/samples/frdm_kl25z_autonomous_car/src/tfc_line_scan_camera.adb:313:73" }
edge: { sourcename: "/home/josegrivera/my-projects/zephyr_ada/apps/samples/frdm_kl25z_autonomous_car/src/tfc_line_scan_camera.adb:tfc_line_scan_camera__complete_piggybacked_ad_conversion" targetname: "__gnat_last_chance_handler" label: "/home/josegrivera/my-projects/zephyr_ada/apps/samples/frdm_kl25z_autonomous_car/src/tfc_line_scan_camera.adb:313:73" }
edge: { sourcename: "/home/josegrivera/my-projects/zephyr_ada/apps/samples/frdm_kl25z_autonomous_car/src/tfc_line_scan_camera.adb:tfc_line_scan_camera__complete_piggybacked_ad_conversion" targetname: "__gnat_last_chance_handler" label: "/home/josegrivera/my-projects/zephyr_ada/apps/samples/frdm_kl25z_autonomous_car/src/tfc_line_scan_camera.adb:315:27" }
edge: { sourcename: "/home/josegrivera/my-projects/zephyr_ada/apps/samples/frdm_kl25z_autonomous_car/src/tfc_line_scan_camera.adb:tfc_line_scan_camera__complete_piggybacked_ad_conversion" targetname: "__gnat_last_chance_handler" label: "/home/josegrivera/my-projects/zephyr_ada/apps/samples/frdm_kl25z_autonomous_car/src/tfc_line_scan_camera.adb:318:39" }
node: { title: "system__assertions__raise_assert_failure" label: "Raise_Assert_Failure\n/home/josegrivera/my-projects/zephyr_ada/apps/zephyr_ada_rts/src/third_party/s-assert.ads:46:14" shape : ellipse }
edge: { sourcename: "/home/josegrivera/my-projects/zephyr_ada/apps/samples/frdm_kl25z_autonomous_car/src/tfc_line_scan_camera.adb:tfc_line_scan_camera__complete_piggybacked_ad_conversion" targetname: "system__assertions__raise_assert_failure" label: "/home/josegrivera/my-projects/zephyr_ada/apps/samples/frdm_kl25z_autonomous_car/src/tfc_line_scan_camera.adb:318:22" }
edge: { sourcename: "/home/josegrivera/my-projects/zephyr_ada/apps/samples/frdm_kl25z_autonomous_car/src/tfc_line_scan_camera.adb:tfc_line_scan_camera__complete_piggybacked_ad_conversion" targetname: "__gnat_last_chance_handler" label: "/home/josegrivera/my-projects/zephyr_ada/apps/samples/frdm_kl25z_autonomous_car/src/tfc_line_scan_camera.adb:319:39" }
edge: { sourcename: "/home/josegrivera/my-projects/zephyr_ada/apps/samples/frdm_kl25z_autonomous_car/src/tfc_line_scan_camera.adb:tfc_line_scan_camera__complete_piggybacked_ad_conversion" targetname: "system__assertions__raise_assert_failure" label: "/home/josegrivera/my-projects/zephyr_ada/apps/samples/frdm_kl25z_autonomous_car/src/tfc_line_scan_camera.adb:321:22" }
edge: { sourcename: "/home/josegrivera/my-projects/zephyr_ada/apps/samples/frdm_kl25z_autonomous_car/src/tfc_line_scan_camera.adb:tfc_line_scan_camera__complete_piggybacked_ad_conversion" targetname: "__gnat_last_chance_handler" label: "/home/josegrivera/my-projects/zephyr_ada/apps/samples/frdm_kl25z_autonomous_car/src/tfc_line_scan_camera.adb:327:27" }
edge: { sourcename: "/home/josegrivera/my-projects/zephyr_ada/apps/samples/frdm_kl25z_autonomous_car/src/tfc_line_scan_camera.adb:tfc_line_scan_camera__complete_piggybacked_ad_conversion" targetname: "__gnat_last_chance_handler" label: "/home/josegrivera/my-projects/zephyr_ada/apps/samples/frdm_kl25z_autonomous_car/src/tfc_line_scan_camera.adb:327:59" }
node: { title: "/home/josegrivera/my-projects/zephyr_ada/apps/samples/frdm_kl25z_autonomous_car/src/tfc_line_scan_camera.adb:tfc_line_scan_camera__start_piggybacked_ad_conversion" label: "Start_Piggybacked_Ad_Conversion\n/home/josegrivera/my-projects/zephyr_ada/apps/samples/frdm_kl25z_autonomous_car/src/tfc_line_scan_camera.adb:455:4\n24 bytes (static)\n0 dynamic objects" }
edge: { sourcename: "/home/josegrivera/my-projects/zephyr_ada/apps/samples/frdm_kl25z_autonomous_car/src/tfc_line_scan_camera.adb:tfc_line_scan_camera__start_piggybacked_ad_conversion" targetname: "__gnat_last_chance_handler" label: "/home/josegrivera/my-projects/zephyr_ada/apps/samples/frdm_kl25z_autonomous_car/src/tfc_line_scan_camera.adb:459:64" }
edge: { sourcename: "/home/josegrivera/my-projects/zephyr_ada/apps/samples/frdm_kl25z_autonomous_car/src/tfc_line_scan_camera.adb:tfc_line_scan_camera__start_piggybacked_ad_conversion" targetname: "__gnat_last_chance_handler" label: "/home/josegrivera/my-projects/zephyr_ada/apps/samples/frdm_kl25z_autonomous_car/src/tfc_line_scan_camera.adb:459:73" }
edge: { sourcename: "/home/josegrivera/my-projects/zephyr_ada/apps/samples/frdm_kl25z_autonomous_car/src/tfc_line_scan_camera.adb:tfc_line_scan_camera__start_piggybacked_ad_conversion" targetname: "__gnat_last_chance_handler" label: "/home/josegrivera/my-projects/zephyr_ada/apps/samples/frdm_kl25z_autonomous_car/src/tfc_line_scan_camera.adb:459:73" }
edge: { sourcename: "/home/josegrivera/my-projects/zephyr_ada/apps/samples/frdm_kl25z_autonomous_car/src/tfc_line_scan_camera.adb:tfc_line_scan_camera__start_piggybacked_ad_conversion" targetname: "__gnat_last_chance_handler" label: "/home/josegrivera/my-projects/zephyr_ada/apps/samples/frdm_kl25z_autonomous_car/src/tfc_line_scan_camera.adb:461:27" }
edge: { sourcename: "/home/josegrivera/my-projects/zephyr_ada/apps/samples/frdm_kl25z_autonomous_car/src/tfc_line_scan_camera.adb:tfc_line_scan_camera__start_piggybacked_ad_conversion" targetname: "__gnat_last_chance_handler" label: "/home/josegrivera/my-projects/zephyr_ada/apps/samples/frdm_kl25z_autonomous_car/src/tfc_line_scan_camera.adb:464:43" }
edge: { sourcename: "/home/josegrivera/my-projects/zephyr_ada/apps/samples/frdm_kl25z_autonomous_car/src/tfc_line_scan_camera.adb:tfc_line_scan_camera__start_piggybacked_ad_conversion" targetname: "system__assertions__raise_assert_failure" label: "/home/josegrivera/my-projects/zephyr_ada/apps/samples/frdm_kl25z_autonomous_car/src/tfc_line_scan_camera.adb:464:22" }
edge: { sourcename: "/home/josegrivera/my-projects/zephyr_ada/apps/samples/frdm_kl25z_autonomous_car/src/tfc_line_scan_camera.adb:tfc_line_scan_camera__start_piggybacked_ad_conversion" targetname: "__gnat_last_chance_handler" label: "/home/josegrivera/my-projects/zephyr_ada/apps/samples/frdm_kl25z_autonomous_car/src/tfc_line_scan_camera.adb:465:39" }
edge: { sourcename: "/home/josegrivera/my-projects/zephyr_ada/apps/samples/frdm_kl25z_autonomous_car/src/tfc_line_scan_camera.adb:tfc_line_scan_camera__start_piggybacked_ad_conversion" targetname: "__gnat_last_chance_handler" label: "/home/josegrivera/my-projects/zephyr_ada/apps/samples/frdm_kl25z_autonomous_car/src/tfc_line_scan_camera.adb:471:27" }
edge: { sourcename: "/home/josegrivera/my-projects/zephyr_ada/apps/samples/frdm_kl25z_autonomous_car/src/tfc_line_scan_camera.adb:tfc_line_scan_camera__start_piggybacked_ad_conversion" targetname: "__gnat_last_chance_handler" label: "/home/josegrivera/my-projects/zephyr_ada/apps/samples/frdm_kl25z_autonomous_car/src/tfc_line_scan_camera.adb:474:52" }
node: { title: "adc_driver__start_async_conversion" label: "Start_Async_Conversion\n/home/josegrivera/my-projects/zephyr_ada/apps/samples/frdm_kl25z_autonomous_car/src/drivers/portable/adc_driver.ads:77:14" shape : ellipse }
edge: { sourcename: "/home/josegrivera/my-projects/zephyr_ada/apps/samples/frdm_kl25z_autonomous_car/src/tfc_line_scan_camera.adb:tfc_line_scan_camera__start_piggybacked_ad_conversion" targetname: "adc_driver__start_async_conversion" label: "/home/josegrivera/my-projects/zephyr_ada/apps/samples/frdm_kl25z_autonomous_car/src/tfc_line_scan_camera.adb:470:17" }
node: { title: "/home/josegrivera/my-projects/zephyr_ada/apps/samples/frdm_kl25z_autonomous_car/src/tfc_line_scan_camera.adb:tfc_line_scan_camera__camera_frame_sync__signal_frame_doneP" label: "Signal_Frame_Donep\n/home/josegrivera/my-projects/zephyr_ada/apps/samples/frdm_kl25z_autonomous_car/src/tfc_line_scan_camera.adb:53:7\n16 bytes (static)\n0 dynamic objects" }
node: { title: "system__tasking__protected_objects__entries__lock_entries" label: "Lock_Entries\n/home/josegrivera/my-projects/zephyr_ada/apps/zephyr_ada_rts/src/gnarl/s-tpoben.ads:101:14" shape : ellipse }
edge: { sourcename: "/home/josegrivera/my-projects/zephyr_ada/apps/samples/frdm_kl25z_autonomous_car/src/tfc_line_scan_camera.adb:tfc_line_scan_camera__camera_frame_sync__signal_frame_doneP" targetname: "system__tasking__protected_objects__entries__lock_entries" label: "/home/josegrivera/my-projects/zephyr_ada/apps/samples/frdm_kl25z_autonomous_car/src/tfc_line_scan_camera.adb:53:7" }
edge: { sourcename: "/home/josegrivera/my-projects/zephyr_ada/apps/samples/frdm_kl25z_autonomous_car/src/tfc_line_scan_camera.adb:tfc_line_scan_camera__camera_frame_sync__signal_frame_doneP" targetname: "/home/josegrivera/my-projects/zephyr_ada/apps/samples/frdm_kl25z_autonomous_car/src/tfc_line_scan_camera.adb:tfc_line_scan_camera__camera_frame_sync__signal_frame_doneN" label: "/home/josegrivera/my-projects/zephyr_ada/apps/samples/frdm_kl25z_autonomous_car/src/tfc_line_scan_camera.adb:53:7" }
node: { title: "system__tasking__protected_objects__operations__service_entries" label: "Service_Entries\n/home/josegrivera/my-projects/zephyr_ada/apps/zephyr_ada_rts/src/gnarl/s-tpobop.ads:52:14" shape : ellipse }
edge: { sourcename: "/home/josegrivera/my-projects/zephyr_ada/apps/samples/frdm_kl25z_autonomous_car/src/tfc_line_scan_camera.adb:tfc_line_scan_camera__camera_frame_sync__signal_frame_doneP" targetname: "system__tasking__protected_objects__operations__service_entries" label: "/home/josegrivera/my-projects/zephyr_ada/apps/samples/frdm_kl25z_autonomous_car/src/tfc_line_scan_camera.adb:53:7" }
node: { title: "/home/josegrivera/my-projects/zephyr_ada/apps/samples/frdm_kl25z_autonomous_car/src/tfc_line_scan_camera.adb:tfc_line_scan_camera__ad_conversion_completion_callback" label: "Ad_Conversion_Completion_Callback\n/home/josegrivera/my-projects/zephyr_ada/apps/samples/frdm_kl25z_autonomous_car/src/tfc_line_scan_camera.adb:175:4\n24 bytes (static)\n0 dynamic objects" }
edge: { sourcename: "/home/josegrivera/my-projects/zephyr_ada/apps/samples/frdm_kl25z_autonomous_car/src/tfc_line_scan_camera.adb:tfc_line_scan_camera__ad_conversion_completion_callback" targetname: "__gnat_last_chance_handler" label: "/home/josegrivera/my-projects/zephyr_ada/apps/samples/frdm_kl25z_autonomous_car/src/tfc_line_scan_camera.adb:178:64" }
edge: { sourcename: "/home/josegrivera/my-projects/zephyr_ada/apps/samples/frdm_kl25z_autonomous_car/src/tfc_line_scan_camera.adb:tfc_line_scan_camera__ad_conversion_completion_callback" targetname: "__gnat_last_chance_handler" label: "/home/josegrivera/my-projects/zephyr_ada/apps/samples/frdm_kl25z_autonomous_car/src/tfc_line_scan_camera.adb:178:73" }
edge: { sourcename: "/home/josegrivera/my-projects/zephyr_ada/apps/samples/frdm_kl25z_autonomous_car/src/tfc_line_scan_camera.adb:tfc_line_scan_camera__ad_conversion_completion_callback" targetname: "__gnat_last_chance_handler" label: "/home/josegrivera/my-projects/zephyr_ada/apps/samples/frdm_kl25z_autonomous_car/src/tfc_line_scan_camera.adb:178:73" }
edge: { sourcename: "/home/josegrivera/my-projects/zephyr_ada/apps/samples/frdm_kl25z_autonomous_car/src/tfc_line_scan_camera.adb:tfc_line_scan_camera__ad_conversion_completion_callback" targetname: "__gnat_last_chance_handler" label: "/home/josegrivera/my-projects/zephyr_ada/apps/samples/frdm_kl25z_autonomous_car/src/tfc_line_scan_camera.adb:181:27" }
edge: { sourcename: "/home/josegrivera/my-projects/zephyr_ada/apps/samples/frdm_kl25z_autonomous_car/src/tfc_line_scan_camera.adb:tfc_line_scan_camera__ad_conversion_completion_callback" targetname: "/home/josegrivera/my-projects/zephyr_ada/apps/samples/frdm_kl25z_autonomous_car/src/tfc_line_scan_camera.adb:tfc_line_scan_camera__complete_piggybacked_ad_conversion" label: "/home/josegrivera/my-projects/zephyr_ada/apps/samples/frdm_kl25z_autonomous_car/src/tfc_line_scan_camera.adb:182:10" }
edge: { sourcename: "/home/josegrivera/my-projects/zephyr_ada/apps/samples/frdm_kl25z_autonomous_car/src/tfc_line_scan_camera.adb:tfc_line_scan_camera__ad_conversion_completion_callback" targetname: "__gnat_last_chance_handler" label: "/home/josegrivera/my-projects/zephyr_ada/apps/samples/frdm_kl25z_autonomous_car/src/tfc_line_scan_camera.adb:185:29" }
node: { title: "gpio_driver__activate_output_pin" label: "Activate_Output_Pin\n/home/josegrivera/my-projects/zephyr_ada/apps/samples/frdm_kl25z_autonomous_car/src/drivers/portable/gpio_driver.ads:48:14" shape : ellipse }
edge: { sourcename: "/home/josegrivera/my-projects/zephyr_ada/apps/samples/frdm_kl25z_autonomous_car/src/tfc_line_scan_camera.adb:tfc_line_scan_camera__ad_conversion_completion_callback" targetname: "gpio_driver__activate_output_pin" label: "/home/josegrivera/my-projects/zephyr_ada/apps/samples/frdm_kl25z_autonomous_car/src/tfc_line_scan_camera.adb:187:13" }
edge: { sourcename: "/home/josegrivera/my-projects/zephyr_ada/apps/samples/frdm_kl25z_autonomous_car/src/tfc_line_scan_camera.adb:tfc_line_scan_camera__ad_conversion_completion_callback" targetname: "__gnat_last_chance_handler" label: "/home/josegrivera/my-projects/zephyr_ada/apps/samples/frdm_kl25z_autonomous_car/src/tfc_line_scan_camera.adb:194:33" }
edge: { sourcename: "/home/josegrivera/my-projects/zephyr_ada/apps/samples/frdm_kl25z_autonomous_car/src/tfc_line_scan_camera.adb:tfc_line_scan_camera__ad_conversion_completion_callback" targetname: "__gnat_last_chance_handler" label: "/home/josegrivera/my-projects/zephyr_ada/apps/samples/frdm_kl25z_autonomous_car/src/tfc_line_scan_camera.adb:201:36" }
edge: { sourcename: "/home/josegrivera/my-projects/zephyr_ada/apps/samples/frdm_kl25z_autonomous_car/src/tfc_line_scan_camera.adb:tfc_line_scan_camera__ad_conversion_completion_callback" targetname: "adc_driver__start_async_conversion" label: "/home/josegrivera/my-projects/zephyr_ada/apps/samples/frdm_kl25z_autonomous_car/src/tfc_line_scan_camera.adb:200:26" }
edge: { sourcename: "/home/josegrivera/my-projects/zephyr_ada/apps/samples/frdm_kl25z_autonomous_car/src/tfc_line_scan_camera.adb:tfc_line_scan_camera__ad_conversion_completion_callback" targetname: "/home/josegrivera/my-projects/zephyr_ada/apps/samples/frdm_kl25z_autonomous_car/src/tfc_line_scan_camera.adb:tfc_line_scan_camera__start_piggybacked_ad_conversion" label: "/home/josegrivera/my-projects/zephyr_ada/apps/samples/frdm_kl25z_autonomous_car/src/tfc_line_scan_camera.adb:208:16" }
node: { title: "gpio_driver__deactivate_output_pin" label: "Deactivate_Output_Pin\n/home/josegrivera/my-projects/zephyr_ada/apps/samples/frdm_kl25z_autonomous_car/src/drivers/portable/gpio_driver.ads:50:14" shape : ellipse }
edge: { sourcename: "/home/josegrivera/my-projects/zephyr_ada/apps/samples/frdm_kl25z_autonomous_car/src/tfc_line_scan_camera.adb:tfc_line_scan_camera__ad_conversion_completion_callback" targetname: "gpio_driver__deactivate_output_pin" label: "/home/josegrivera/my-projects/zephyr_ada/apps/samples/frdm_kl25z_autonomous_car/src/tfc_line_scan_camera.adb:212:13" }
edge: { sourcename: "/home/josegrivera/my-projects/zephyr_ada/apps/samples/frdm_kl25z_autonomous_car/src/tfc_line_scan_camera.adb:tfc_line_scan_camera__ad_conversion_completion_callback" targetname: "__gnat_last_chance_handler" label: "/home/josegrivera/my-projects/zephyr_ada/apps/samples/frdm_kl25z_autonomous_car/src/tfc_line_scan_camera.adb:221:36" }
edge: { sourcename: "/home/josegrivera/my-projects/zephyr_ada/apps/samples/frdm_kl25z_autonomous_car/src/tfc_line_scan_camera.adb:tfc_line_scan_camera__ad_conversion_completion_callback" targetname: "adc_driver__start_async_conversion" label: "/home/josegrivera/my-projects/zephyr_ada/apps/samples/frdm_kl25z_autonomous_car/src/tfc_line_scan_camera.adb:220:23" }
edge: { sourcename: "/home/josegrivera/my-projects/zephyr_ada/apps/samples/frdm_kl25z_autonomous_car/src/tfc_line_scan_camera.adb:tfc_line_scan_camera__ad_conversion_completion_callback" targetname: "gpio_driver__deactivate_output_pin" label: "/home/josegrivera/my-projects/zephyr_ada/apps/samples/frdm_kl25z_autonomous_car/src/tfc_line_scan_camera.adb:229:13" }
edge: { sourcename: "/home/josegrivera/my-projects/zephyr_ada/apps/samples/frdm_kl25z_autonomous_car/src/tfc_line_scan_camera.adb:tfc_line_scan_camera__ad_conversion_completion_callback" targetname: "__gnat_last_chance_handler" label: "/home/josegrivera/my-projects/zephyr_ada/apps/samples/frdm_kl25z_autonomous_car/src/tfc_line_scan_camera.adb:241:33" }
edge: { sourcename: "/home/josegrivera/my-projects/zephyr_ada/apps/samples/frdm_kl25z_autonomous_car/src/tfc_line_scan_camera.adb:tfc_line_scan_camera__ad_conversion_completion_callback" targetname: "system__assertions__raise_assert_failure" label: "/home/josegrivera/my-projects/zephyr_ada/apps/samples/frdm_kl25z_autonomous_car/src/tfc_line_scan_camera.adb:243:31" }
edge: { sourcename: "/home/josegrivera/my-projects/zephyr_ada/apps/samples/frdm_kl25z_autonomous_car/src/tfc_line_scan_camera.adb:tfc_line_scan_camera__ad_conversion_completion_callback" targetname: "__gnat_last_chance_handler" label: "/home/josegrivera/my-projects/zephyr_ada/apps/samples/frdm_kl25z_autonomous_car/src/tfc_line_scan_camera.adb:244:33" }
edge: { sourcename: "/home/josegrivera/my-projects/zephyr_ada/apps/samples/frdm_kl25z_autonomous_car/src/tfc_line_scan_camera.adb:tfc_line_scan_camera__ad_conversion_completion_callback" targetname: "__gnat_last_chance_handler" label: "/home/josegrivera/my-projects/zephyr_ada/apps/samples/frdm_kl25z_autonomous_car/src/tfc_line_scan_camera.adb:249:60" }
edge: { sourcename: "/home/josegrivera/my-projects/zephyr_ada/apps/samples/frdm_kl25z_autonomous_car/src/tfc_line_scan_camera.adb:tfc_line_scan_camera__ad_conversion_completion_callback" targetname: "__gnat_last_chance_handler" label: "/home/josegrivera/my-projects/zephyr_ada/apps/samples/frdm_kl25z_autonomous_car/src/tfc_line_scan_camera.adb:255:37" }
edge: { sourcename: "/home/josegrivera/my-projects/zephyr_ada/apps/samples/frdm_kl25z_autonomous_car/src/tfc_line_scan_camera.adb:tfc_line_scan_camera__ad_conversion_completion_callback" targetname: "__gnat_last_chance_handler" label: "/home/josegrivera/my-projects/zephyr_ada/apps/samples/frdm_kl25z_autonomous_car/src/tfc_line_scan_camera.adb:262:39" }
edge: { sourcename: "/home/josegrivera/my-projects/zephyr_ada/apps/samples/frdm_kl25z_autonomous_car/src/tfc_line_scan_camera.adb:tfc_line_scan_camera__ad_conversion_completion_callback" targetname: "adc_driver__start_async_conversion" label: "/home/josegrivera/my-projects/zephyr_ada/apps/samples/frdm_kl25z_autonomous_car/src/tfc_line_scan_camera.adb:261:29" }
edge: { sourcename: "/home/josegrivera/my-projects/zephyr_ada/apps/samples/frdm_kl25z_autonomous_car/src/tfc_line_scan_camera.adb:tfc_line_scan_camera__ad_conversion_completion_callback" targetname: "/home/josegrivera/my-projects/zephyr_ada/apps/samples/frdm_kl25z_autonomous_car/src/tfc_line_scan_camera.adb:tfc_line_scan_camera__start_piggybacked_ad_conversion" label: "/home/josegrivera/my-projects/zephyr_ada/apps/samples/frdm_kl25z_autonomous_car/src/tfc_line_scan_camera.adb:269:19" }
edge: { sourcename: "/home/josegrivera/my-projects/zephyr_ada/apps/samples/frdm_kl25z_autonomous_car/src/tfc_line_scan_camera.adb:tfc_line_scan_camera__ad_conversion_completion_callback" targetname: "__gnat_last_chance_handler" label: "/home/josegrivera/my-projects/zephyr_ada/apps/samples/frdm_kl25z_autonomous_car/src/tfc_line_scan_camera.adb:273:52" }
edge: { sourcename: "/home/josegrivera/my-projects/zephyr_ada/apps/samples/frdm_kl25z_autonomous_car/src/tfc_line_scan_camera.adb:tfc_line_scan_camera__ad_conversion_completion_callback" targetname: "system__assertions__raise_assert_failure" label: "/home/josegrivera/my-projects/zephyr_ada/apps/samples/frdm_kl25z_autonomous_car/src/tfc_line_scan_camera.adb:273:31" }
edge: { sourcename: "/home/josegrivera/my-projects/zephyr_ada/apps/samples/frdm_kl25z_autonomous_car/src/tfc_line_scan_camera.adb:tfc_line_scan_camera__ad_conversion_completion_callback" targetname: "/home/josegrivera/my-projects/zephyr_ada/apps/samples/frdm_kl25z_autonomous_car/src/tfc_line_scan_camera.adb:tfc_line_scan_camera__camera_frame_sync__signal_frame_doneP" label: "/home/josegrivera/my-projects/zephyr_ada/apps/samples/frdm_kl25z_autonomous_car/src/tfc_line_scan_camera.adb:275:33" }
edge: { sourcename: "/home/josegrivera/my-projects/zephyr_ada/apps/samples/frdm_kl25z_autonomous_car/src/tfc_line_scan_camera.adb:tfc_line_scan_camera__ad_conversion_completion_callback" targetname: "__gnat_last_chance_handler" label: "/home/josegrivera/my-projects/zephyr_ada/apps/samples/frdm_kl25z_autonomous_car/src/tfc_line_scan_camera.adb:277:48" }
edge: { sourcename: "/home/josegrivera/my-projects/zephyr_ada/apps/samples/frdm_kl25z_autonomous_car/src/tfc_line_scan_camera.adb:tfc_line_scan_camera__ad_conversion_completion_callback" targetname: "system__assertions__raise_assert_failure" label: "/home/josegrivera/my-projects/zephyr_ada/apps/samples/frdm_kl25z_autonomous_car/src/tfc_line_scan_camera.adb:277:31" }
edge: { sourcename: "/home/josegrivera/my-projects/zephyr_ada/apps/samples/frdm_kl25z_autonomous_car/src/tfc_line_scan_camera.adb:tfc_line_scan_camera__ad_conversion_completion_callback" targetname: "__gnat_last_chance_handler" label: "/home/josegrivera/my-projects/zephyr_ada/apps/samples/frdm_kl25z_autonomous_car/src/tfc_line_scan_camera.adb:281:36" }
edge: { sourcename: "/home/josegrivera/my-projects/zephyr_ada/apps/samples/frdm_kl25z_autonomous_car/src/tfc_line_scan_camera.adb:tfc_line_scan_camera__ad_conversion_completion_callback" targetname: "__gnat_last_chance_handler" label: "/home/josegrivera/my-projects/zephyr_ada/apps/samples/frdm_kl25z_autonomous_car/src/tfc_line_scan_camera.adb:281:72" }
edge: { sourcename: "/home/josegrivera/my-projects/zephyr_ada/apps/samples/frdm_kl25z_autonomous_car/src/tfc_line_scan_camera.adb:tfc_line_scan_camera__ad_conversion_completion_callback" targetname: "gpio_driver__activate_output_pin" label: "/home/josegrivera/my-projects/zephyr_ada/apps/samples/frdm_kl25z_autonomous_car/src/tfc_line_scan_camera.adb:285:13" }
edge: { sourcename: "/home/josegrivera/my-projects/zephyr_ada/apps/samples/frdm_kl25z_autonomous_car/src/tfc_line_scan_camera.adb:tfc_line_scan_camera__ad_conversion_completion_callback" targetname: "__gnat_last_chance_handler" label: "/home/josegrivera/my-projects/zephyr_ada/apps/samples/frdm_kl25z_autonomous_car/src/tfc_line_scan_camera.adb:292:39" }
edge: { sourcename: "/home/josegrivera/my-projects/zephyr_ada/apps/samples/frdm_kl25z_autonomous_car/src/tfc_line_scan_camera.adb:tfc_line_scan_camera__ad_conversion_completion_callback" targetname: "adc_driver__start_async_conversion" label: "/home/josegrivera/my-projects/zephyr_ada/apps/samples/frdm_kl25z_autonomous_car/src/tfc_line_scan_camera.adb:291:23" }
edge: { sourcename: "/home/josegrivera/my-projects/zephyr_ada/apps/samples/frdm_kl25z_autonomous_car/src/tfc_line_scan_camera.adb:tfc_line_scan_camera__ad_conversion_completion_callback" targetname: "system__assertions__raise_assert_failure" label: "/home/josegrivera/my-projects/zephyr_ada/apps/samples/frdm_kl25z_autonomous_car/src/tfc_line_scan_camera.adb:300:28" }
node: { title: "tfc_line_scan_camera__tfc_camera_frame_typeIP" label: "tfc_camera_frame_typeIP\n<built-in>\n8 bytes (static)\n0 dynamic objects" }
node: { title: "tfc_line_scan_camera__piggybacked_ad_conversion_typeIP" label: "piggybacked_ad_conversion_typeIP\n<built-in>\n8 bytes (static)\n0 dynamic objects" }
node: { title: "tfc_line_scan_camera__piggybacked_ad_conversion_array_typeIP" label: "piggybacked_ad_conversion_array_typeIP\n<built-in>\n8 bytes (static)\n0 dynamic objects" }
node: { title: "tfc_line_scan_camera__camera_frame_syncTVIP" label: "camera_frame_syncTVIP\n<built-in>\n48 bytes (static)\n0 dynamic objects" }
node: { title: "system__tasking__protected_objects__entries__protection_entriesIP" label: "protection_entriesIP\n<built-in>" shape : ellipse }
edge: { sourcename: "tfc_line_scan_camera__camera_frame_syncTVIP" targetname: "system__tasking__protected_objects__entries__protection_entriesIP" label: "/home/josegrivera/my-projects/zephyr_ada/apps/samples/frdm_kl25z_autonomous_car/src/tfc_line_scan_camera.adb:40:4" }
node: { title: "system__tasking__protected_objects__entries__initialize_protection_entries" label: "Initialize_Protection_Entries\n/home/josegrivera/my-projects/zephyr_ada/apps/zephyr_ada_rts/src/gnarl/s-tpoben.ads:93:14" shape : ellipse }
edge: { sourcename: "tfc_line_scan_camera__camera_frame_syncTVIP" targetname: "system__tasking__protected_objects__entries__initialize_protection_entries" label: "/home/josegrivera/my-projects/zephyr_ada/apps/samples/frdm_kl25z_autonomous_car/src/tfc_line_scan_camera.adb:40:4" }
node: { title: "tfc_line_scan_camera__frame_capture_const_typeIP" label: "frame_capture_const_typeIP\n<built-in>\n8 bytes (static)\n0 dynamic objects" }
node: { title: "tfc_line_scan_camera__frame_capture_var_typeIP" label: "frame_capture_var_typeIP\n<built-in>\n8 bytes (static)\n0 dynamic objects" }
node: { title: "tfc_line_scan_camera__initialized" label: "Initialized\n/home/josegrivera/my-projects/zephyr_ada/apps/samples/frdm_kl25z_autonomous_car/src/tfc_line_scan_camera.adb:406:4\n8 bytes (static)\n0 dynamic objects" }
edge: { sourcename: "tfc_line_scan_camera__initialized" targetname: "__gnat_last_chance_handler" label: "/home/josegrivera/my-projects/zephyr_ada/apps/samples/frdm_kl25z_autonomous_car/src/tfc_line_scan_camera.adb:406:61" }
node: { title: "/home/josegrivera/my-projects/zephyr_ada/apps/samples/frdm_kl25z_autonomous_car/src/tfc_line_scan_camera.adb:tfc_line_scan_camera__start_frame_capture" label: "Start_Frame_Capture\n/home/josegrivera/my-projects/zephyr_ada/apps/samples/frdm_kl25z_autonomous_car/src/tfc_line_scan_camera.adb:412:4\n16 bytes (static)\n0 dynamic objects" }
edge: { sourcename: "/home/josegrivera/my-projects/zephyr_ada/apps/samples/frdm_kl25z_autonomous_car/src/tfc_line_scan_camera.adb:tfc_line_scan_camera__start_frame_capture" targetname: "tfc_line_scan_camera__initialized" label: "/home/josegrivera/my-projects/zephyr_ada/apps/samples/frdm_kl25z_autonomous_car/src/tfc_line_scan_camera.adb:159:19" }
edge: { sourcename: "/home/josegrivera/my-projects/zephyr_ada/apps/samples/frdm_kl25z_autonomous_car/src/tfc_line_scan_camera.adb:tfc_line_scan_camera__start_frame_capture" targetname: "system__assertions__raise_assert_failure" label: "/home/josegrivera/my-projects/zephyr_ada/apps/samples/frdm_kl25z_autonomous_car/src/tfc_line_scan_camera.adb:159:19" }
edge: { sourcename: "/home/josegrivera/my-projects/zephyr_ada/apps/samples/frdm_kl25z_autonomous_car/src/tfc_line_scan_camera.adb:tfc_line_scan_camera__start_frame_capture" targetname: "__gnat_last_chance_handler" label: "/home/josegrivera/my-projects/zephyr_ada/apps/samples/frdm_kl25z_autonomous_car/src/tfc_line_scan_camera.adb:160:33" }
edge: { sourcename: "/home/josegrivera/my-projects/zephyr_ada/apps/samples/frdm_kl25z_autonomous_car/src/tfc_line_scan_camera.adb:tfc_line_scan_camera__start_frame_capture" targetname: "system__assertions__raise_assert_failure" label: "/home/josegrivera/my-projects/zephyr_ada/apps/samples/frdm_kl25z_autonomous_car/src/tfc_line_scan_camera.adb:159:19" }
edge: { sourcename: "/home/josegrivera/my-projects/zephyr_ada/apps/samples/frdm_kl25z_autonomous_car/src/tfc_line_scan_camera.adb:tfc_line_scan_camera__start_frame_capture" targetname: "__gnat_last_chance_handler" label: "/home/josegrivera/my-projects/zephyr_ada/apps/samples/frdm_kl25z_autonomous_car/src/tfc_line_scan_camera.adb:415:39" }
edge: { sourcename: "/home/josegrivera/my-projects/zephyr_ada/apps/samples/frdm_kl25z_autonomous_car/src/tfc_line_scan_camera.adb:tfc_line_scan_camera__start_frame_capture" targetname: "system__assertions__raise_assert_failure" label: "/home/josegrivera/my-projects/zephyr_ada/apps/samples/frdm_kl25z_autonomous_car/src/tfc_line_scan_camera.adb:415:22" }
edge: { sourcename: "/home/josegrivera/my-projects/zephyr_ada/apps/samples/frdm_kl25z_autonomous_car/src/tfc_line_scan_camera.adb:tfc_line_scan_camera__start_frame_capture" targetname: "__gnat_last_chance_handler" label: "/home/josegrivera/my-projects/zephyr_ada/apps/samples/frdm_kl25z_autonomous_car/src/tfc_line_scan_camera.adb:417:43" }
edge: { sourcename: "/home/josegrivera/my-projects/zephyr_ada/apps/samples/frdm_kl25z_autonomous_car/src/tfc_line_scan_camera.adb:tfc_line_scan_camera__start_frame_capture" targetname: "system__assertions__raise_assert_failure" label: "/home/josegrivera/my-projects/zephyr_ada/apps/samples/frdm_kl25z_autonomous_car/src/tfc_line_scan_camera.adb:417:22" }
edge: { sourcename: "/home/josegrivera/my-projects/zephyr_ada/apps/samples/frdm_kl25z_autonomous_car/src/tfc_line_scan_camera.adb:tfc_line_scan_camera__start_frame_capture" targetname: "__gnat_last_chance_handler" label: "/home/josegrivera/my-projects/zephyr_ada/apps/samples/frdm_kl25z_autonomous_car/src/tfc_line_scan_camera.adb:420:61" }
edge: { sourcename: "/home/josegrivera/my-projects/zephyr_ada/apps/samples/frdm_kl25z_autonomous_car/src/tfc_line_scan_camera.adb:tfc_line_scan_camera__start_frame_capture" targetname: "__gnat_last_chance_handler" label: "/home/josegrivera/my-projects/zephyr_ada/apps/samples/frdm_kl25z_autonomous_car/src/tfc_line_scan_camera.adb:418:39" }
edge: { sourcename: "/home/josegrivera/my-projects/zephyr_ada/apps/samples/frdm_kl25z_autonomous_car/src/tfc_line_scan_camera.adb:tfc_line_scan_camera__start_frame_capture" targetname: "system__assertions__raise_assert_failure" label: "/home/josegrivera/my-projects/zephyr_ada/apps/samples/frdm_kl25z_autonomous_car/src/tfc_line_scan_camera.adb:418:22" }
edge: { sourcename: "/home/josegrivera/my-projects/zephyr_ada/apps/samples/frdm_kl25z_autonomous_car/src/tfc_line_scan_camera.adb:tfc_line_scan_camera__start_frame_capture" targetname: "gpio_driver__activate_output_pin" label: "/home/josegrivera/my-projects/zephyr_ada/apps/samples/frdm_kl25z_autonomous_car/src/tfc_line_scan_camera.adb:426:7" }
edge: { sourcename: "/home/josegrivera/my-projects/zephyr_ada/apps/samples/frdm_kl25z_autonomous_car/src/tfc_line_scan_camera.adb:tfc_line_scan_camera__start_frame_capture" targetname: "__gnat_last_chance_handler" label: "/home/josegrivera/my-projects/zephyr_ada/apps/samples/frdm_kl25z_autonomous_car/src/tfc_line_scan_camera.adb:434:64" }
edge: { sourcename: "/home/josegrivera/my-projects/zephyr_ada/apps/samples/frdm_kl25z_autonomous_car/src/tfc_line_scan_camera.adb:tfc_line_scan_camera__start_frame_capture" targetname: "__gnat_last_chance_handler" label: "/home/josegrivera/my-projects/zephyr_ada/apps/samples/frdm_kl25z_autonomous_car/src/tfc_line_scan_camera.adb:433:27" }
edge: { sourcename: "/home/josegrivera/my-projects/zephyr_ada/apps/samples/frdm_kl25z_autonomous_car/src/tfc_line_scan_camera.adb:tfc_line_scan_camera__start_frame_capture" targetname: "__gnat_last_chance_handler" label: "/home/josegrivera/my-projects/zephyr_ada/apps/samples/frdm_kl25z_autonomous_car/src/tfc_line_scan_camera.adb:440:30" }
edge: { sourcename: "/home/josegrivera/my-projects/zephyr_ada/apps/samples/frdm_kl25z_autonomous_car/src/tfc_line_scan_camera.adb:tfc_line_scan_camera__start_frame_capture" targetname: "adc_driver__start_async_conversion" label: "/home/josegrivera/my-projects/zephyr_ada/apps/samples/frdm_kl25z_autonomous_car/src/tfc_line_scan_camera.adb:439:20" }
edge: { sourcename: "/home/josegrivera/my-projects/zephyr_ada/apps/samples/frdm_kl25z_autonomous_car/src/tfc_line_scan_camera.adb:tfc_line_scan_camera__start_frame_capture" targetname: "/home/josegrivera/my-projects/zephyr_ada/apps/samples/frdm_kl25z_autonomous_car/src/tfc_line_scan_camera.adb:tfc_line_scan_camera__start_piggybacked_ad_conversion" label: "/home/josegrivera/my-projects/zephyr_ada/apps/samples/frdm_kl25z_autonomous_car/src/tfc_line_scan_camera.adb:447:10" }
node: { title: "tfc_line_scan_camera__get_next_frame" label: "Get_Next_Frame\n/home/josegrivera/my-projects/zephyr_ada/apps/samples/frdm_kl25z_autonomous_car/src/tfc_line_scan_camera.adb:334:4\n32 bytes (static)\n0 dynamic objects" }
edge: { sourcename: "tfc_line_scan_camera__get_next_frame" targetname: "tfc_line_scan_camera__initialized" label: "/home/josegrivera/my-projects/zephyr_ada/apps/samples/frdm_kl25z_autonomous_car/src/tfc_line_scan_camera.ads:96:19" }
edge: { sourcename: "tfc_line_scan_camera__get_next_frame" targetname: "__gnat_last_chance_handler" label: "/home/josegrivera/my-projects/zephyr_ada/apps/samples/frdm_kl25z_autonomous_car/src/tfc_line_scan_camera.ads:96:19" }
edge: { sourcename: "tfc_line_scan_camera__get_next_frame" targetname: "system__assertions__raise_assert_failure" label: "/home/josegrivera/my-projects/zephyr_ada/apps/samples/frdm_kl25z_autonomous_car/src/tfc_line_scan_camera.ads:96:19" }
edge: { sourcename: "tfc_line_scan_camera__get_next_frame" targetname: "/home/josegrivera/my-projects/zephyr_ada/apps/samples/frdm_kl25z_autonomous_car/src/tfc_line_scan_camera.adb:tfc_line_scan_camera__start_frame_capture" label: "/home/josegrivera/my-projects/zephyr_ada/apps/samples/frdm_kl25z_autonomous_car/src/tfc_line_scan_camera.adb:337:7" }
node: { title: "system__tasking__protected_objects__operations__protected_entry_call" label: "Protected_Entry_Call\n/home/josegrivera/my-projects/zephyr_ada/apps/zephyr_ada_rts/src/gnarl/s-tpobop.ads:43:14" shape : ellipse }
edge: { sourcename: "tfc_line_scan_camera__get_next_frame" targetname: "system__tasking__protected_objects__operations__protected_entry_call" label: "/home/josegrivera/my-projects/zephyr_ada/apps/samples/frdm_kl25z_autonomous_car/src/tfc_line_scan_camera.adb:345:24" }
edge: { sourcename: "tfc_line_scan_camera__get_next_frame" targetname: "__gnat_last_chance_handler" label: "/home/josegrivera/my-projects/zephyr_ada/apps/samples/frdm_kl25z_autonomous_car/src/tfc_line_scan_camera.adb:347:39" }
edge: { sourcename: "tfc_line_scan_camera__get_next_frame" targetname: "system__assertions__raise_assert_failure" label: "/home/josegrivera/my-projects/zephyr_ada/apps/samples/frdm_kl25z_autonomous_car/src/tfc_line_scan_camera.adb:347:22" }
edge: { sourcename: "tfc_line_scan_camera__get_next_frame" targetname: "__gnat_last_chance_handler" label: "/home/josegrivera/my-projects/zephyr_ada/apps/samples/frdm_kl25z_autonomous_car/src/tfc_line_scan_camera.adb:353:40" }
node: { title: "memmove" label: "builtin_memmove\n<built-in>" shape : ellipse }
edge: { sourcename: "tfc_line_scan_camera__get_next_frame" targetname: "memmove" label: "/home/josegrivera/my-projects/zephyr_ada/apps/samples/frdm_kl25z_autonomous_car/src/tfc_line_scan_camera.adb:353:20" }
node: { title: "tfc_line_scan_camera__initialize" label: "Initialize\n/home/josegrivera/my-projects/zephyr_ada/apps/samples/frdm_kl25z_autonomous_car/src/tfc_line_scan_camera.adb:361:4\n32 bytes (static)\n0 dynamic objects" }
edge: { sourcename: "tfc_line_scan_camera__initialize" targetname: "tfc_line_scan_camera__initialized" label: "/home/josegrivera/my-projects/zephyr_ada/apps/samples/frdm_kl25z_autonomous_car/src/tfc_line_scan_camera.ads:93:23" }
edge: { sourcename: "tfc_line_scan_camera__initialize" targetname: "__gnat_last_chance_handler" label: "/home/josegrivera/my-projects/zephyr_ada/apps/samples/frdm_kl25z_autonomous_car/src/tfc_line_scan_camera.ads:93:23" }
edge: { sourcename: "tfc_line_scan_camera__initialize" targetname: "system__assertions__raise_assert_failure" label: "/home/josegrivera/my-projects/zephyr_ada/apps/samples/frdm_kl25z_autonomous_car/src/tfc_line_scan_camera.ads:93:19" }
node: { title: "gpio_driver__configure_pin" label: "Configure_Pin\n/home/josegrivera/my-projects/zephyr_ada/apps/samples/frdm_kl25z_autonomous_car/src/drivers/portable/gpio_driver.ads:43:14" shape : ellipse }
edge: { sourcename: "tfc_line_scan_camera__initialize" targetname: "gpio_driver__configure_pin" label: "/home/josegrivera/my-projects/zephyr_ada/apps/samples/frdm_kl25z_autonomous_car/src/tfc_line_scan_camera.adb:372:7" }
edge: { sourcename: "tfc_line_scan_camera__initialize" targetname: "gpio_driver__configure_pin" label: "/home/josegrivera/my-projects/zephyr_ada/apps/samples/frdm_kl25z_autonomous_car/src/tfc_line_scan_camera.adb:377:7" }
edge: { sourcename: "tfc_line_scan_camera__initialize" targetname: "gpio_driver__configure_pin" label: "/home/josegrivera/my-projects/zephyr_ada/apps/samples/frdm_kl25z_autonomous_car/src/tfc_line_scan_camera.adb:382:7" }
edge: { sourcename: "tfc_line_scan_camera__initialize" targetname: "gpio_driver__deactivate_output_pin" label: "/home/josegrivera/my-projects/zephyr_ada/apps/samples/frdm_kl25z_autonomous_car/src/tfc_line_scan_camera.adb:387:7" }
edge: { sourcename: "tfc_line_scan_camera__initialize" targetname: "gpio_driver__deactivate_output_pin" label: "/home/josegrivera/my-projects/zephyr_ada/apps/samples/frdm_kl25z_autonomous_car/src/tfc_line_scan_camera.adb:388:7" }
edge: { sourcename: "tfc_line_scan_camera__initialize" targetname: "__gnat_last_chance_handler" label: "/home/josegrivera/my-projects/zephyr_ada/apps/samples/frdm_kl25z_autonomous_car/src/tfc_line_scan_camera.adb:390:42" }
edge: { sourcename: "tfc_line_scan_camera__initialize" targetname: "__gnat_last_chance_handler" label: "/home/josegrivera/my-projects/zephyr_ada/apps/samples/frdm_kl25z_autonomous_car/src/tfc_line_scan_camera.adb:394:46" }
edge: { sourcename: "tfc_line_scan_camera__initialize" targetname: "__gnat_last_chance_handler" label: "/home/josegrivera/my-projects/zephyr_ada/apps/samples/frdm_kl25z_autonomous_car/src/tfc_line_scan_camera.adb:394:49" }
node: { title: "tfc_line_scan_camera___elabb" label: "Tfc_Line_Scan_Camera\n/home/josegrivera/my-projects/zephyr_ada/apps/samples/frdm_kl25z_autonomous_car/src/tfc_line_scan_camera.adb:32:1\n8 bytes (static)\n0 dynamic objects" }
edge: { sourcename: "tfc_line_scan_camera___elabb" targetname: "tfc_line_scan_camera__camera_frame_syncTVIP" label: "/home/josegrivera/my-projects/zephyr_ada/apps/samples/frdm_kl25z_autonomous_car/src/tfc_line_scan_camera.adb:40:4" }
}
