<built-in>:buffer_typeF	8	static
/home/josegrivera/my-projects/zephyr_ada/apps/samples/frdm_kl25z_autonomous_car/src/building_blocks/portable/generic_ring_buffers.adb:80:32:Write_Blocking_B17s	8	static
/home/josegrivera/my-projects/zephyr_ada/apps/samples/frdm_kl25z_autonomous_car/src/building_blocks/portable/generic_ring_buffers.adb:95:34:Read_B19s	8	static
/home/josegrivera/my-projects/zephyr_ada/apps/samples/frdm_kl25z_autonomous_car/src/building_blocks/portable/generic_ring_buffers.adb:79:7:Write_Blocking_E16s	16	static
/home/josegrivera/my-projects/zephyr_ada/apps/samples/frdm_kl25z_autonomous_car/src/building_blocks/portable/generic_ring_buffers.adb:94:7:Read_E18s	8	static
/home/josegrivera/my-projects/zephyr_ada/apps/samples/frdm_kl25z_autonomous_car/src/drivers/mcu_specific/nxp_kinetis_kl25z/uart_driver.adb:172:7:Set_Baud_Rate	56	static
/home/josegrivera/my-projects/zephyr_ada/apps/samples/frdm_kl25z_autonomous_car/src/drivers/mcu_specific/nxp_kinetis_kl25z/uart_driver.adb:147:7:Select_Clock_Source	24	static
/home/josegrivera/my-projects/zephyr_ada/apps/samples/frdm_kl25z_autonomous_car/src/drivers/mcu_specific/nxp_kinetis_kl25z/uart_driver.adb:128:7:Enable_Clock	24	static
/home/josegrivera/my-projects/zephyr_ada/apps/samples/frdm_kl25z_autonomous_car/src/building_blocks/portable/generic_ring_buffers.adb:30:4:Initialized	8	static
/home/josegrivera/my-projects/zephyr_ada/apps/samples/frdm_kl25z_autonomous_car/src/building_blocks/portable/generic_ring_buffers.adb:35:4:Initialize	16	static
/home/josegrivera/my-projects/zephyr_ada/apps/samples/frdm_kl25z_autonomous_car/src/building_blocks/portable/generic_ring_buffers.adb:45:4:Read	32	static
/home/josegrivera/my-projects/zephyr_ada/apps/samples/frdm_kl25z_autonomous_car/src/building_blocks/portable/generic_ring_buffers.adb:62:4:Write	32	static
/home/josegrivera/my-projects/zephyr_ada/apps/samples/frdm_kl25z_autonomous_car/src/building_blocks/portable/generic_ring_buffers.adb:109:7:Writen	24	static
/home/josegrivera/my-projects/zephyr_ada/apps/samples/frdm_kl25z_autonomous_car/src/building_blocks/portable/generic_ring_buffers.adb:109:7:Writep	24	static
/home/josegrivera/my-projects/zephyr_ada/apps/samples/frdm_kl25z_autonomous_car/src/building_blocks/portable/generic_ring_buffers.adb:53:4:Write_Non_Blocking	8	static
<built-in>:Tbuffer_data_typeBIP	8	static
<built-in>:buffer_typeVIP	48	static
<built-in>:P5sIP	8	static
<built-in>:P8sIP	8	static
<built-in>:ring_buffer_typeIP	8	static
<built-in>:uart_device_var_typeIP	8	static
<built-in>:Tuart_devices_varBIP	24	static
/home/josegrivera/my-projects/zephyr_ada/apps/samples/frdm_kl25z_autonomous_car/src/drivers/portable/uart_driver.ads:185:4:Initialized	8	static
<built-in>:uart_device_const_typeIP	8	static
<built-in>:uart_interrupts_objectTVIP	8	static
/home/josegrivera/my-projects/zephyr_ada/apps/samples/frdm_kl25z_autonomous_car/src/drivers/mcu_specific/nxp_kinetis_kl25z/uart_driver.adb:62:4:Can_Receive_Char	16	static
/home/josegrivera/my-projects/zephyr_ada/apps/samples/frdm_kl25z_autonomous_car/src/drivers/mcu_specific/nxp_kinetis_kl25z/uart_driver.adb:74:4:Can_Transmit_Char	16	static
/home/josegrivera/my-projects/zephyr_ada/apps/samples/frdm_kl25z_autonomous_car/src/drivers/mcu_specific/nxp_kinetis_kl25z/uart_driver.adb:87:4:Get_Byte	16	static
/home/josegrivera/my-projects/zephyr_ada/apps/samples/frdm_kl25z_autonomous_car/src/drivers/mcu_specific/nxp_kinetis_kl25z/uart_driver.adb:100:4:Get_Char	16	static
/home/josegrivera/my-projects/zephyr_ada/apps/samples/frdm_kl25z_autonomous_car/src/drivers/mcu_specific/nxp_kinetis_kl25z/uart_driver.adb:109:4:Initialize	48	static
/home/josegrivera/my-projects/zephyr_ada/apps/samples/frdm_kl25z_autonomous_car/src/drivers/mcu_specific/nxp_kinetis_kl25z/uart_driver.adb:318:4:Put_Byte	16	static
/home/josegrivera/my-projects/zephyr_ada/apps/samples/frdm_kl25z_autonomous_car/src/drivers/mcu_specific/nxp_kinetis_kl25z/uart_driver.adb:334:4:Put_Bytes	32	static
/home/josegrivera/my-projects/zephyr_ada/apps/samples/frdm_kl25z_autonomous_car/src/drivers/mcu_specific/nxp_kinetis_kl25z/uart_driver.adb:346:4:Put_Char	16	static
/home/josegrivera/my-projects/zephyr_ada/apps/samples/frdm_kl25z_autonomous_car/src/drivers/mcu_specific/nxp_kinetis_kl25z/uart_driver.adb:31:1:Uart_Driver	8	static
/home/josegrivera/my-projects/zephyr_ada/apps/samples/frdm_kl25z_autonomous_car/src/drivers/portable/uart_driver.ads:37:1:Uart_Driver	8	static
