graph: { title: "/home/josegrivera/my-projects/zephyr_ada/apps/samples/frdm_kl25z_autonomous_car/src/drivers/mcu_specific/nxp_kinetis_kl25z/uart_driver.adb"
node: { title: "uart_driver__byte_ring_buffers__buffer_typeF" label: "buffer_typeF\n<built-in>\n8 bytes (static)\n0 dynamic objects" }
node: { title: "uart_driver__byte_ring_buffers__buffer_type__write_blocking_B17s" label: "Write_Blocking_B17s\n/home/josegrivera/my-projects/zephyr_ada/apps/samples/frdm_kl25z_autonomous_car/src/building_blocks/portable/generic_ring_buffers.adb:80:32\n8 bytes (static)\n0 dynamic objects" }
node: { title: "__gnat_last_chance_handler" label: "gnat_last_chance_handler\n<built-in>" shape : ellipse }
edge: { sourcename: "uart_driver__byte_ring_buffers__buffer_type__write_blocking_B17s" targetname: "__gnat_last_chance_handler" label: "/home/josegrivera/my-projects/zephyr_ada/apps/samples/frdm_kl25z_autonomous_car/src/building_blocks/portable/generic_ring_buffers.adb:80:14" }
node: { title: "uart_driver__byte_ring_buffers__buffer_type__read_B19s" label: "Read_B19s\n/home/josegrivera/my-projects/zephyr_ada/apps/samples/frdm_kl25z_autonomous_car/src/building_blocks/portable/generic_ring_buffers.adb:95:34\n8 bytes (static)\n0 dynamic objects" }
edge: { sourcename: "uart_driver__byte_ring_buffers__buffer_type__read_B19s" targetname: "__gnat_last_chance_handler" label: "/home/josegrivera/my-projects/zephyr_ada/apps/samples/frdm_kl25z_autonomous_car/src/building_blocks/portable/generic_ring_buffers.adb:95:14" }
node: { title: "uart_driver__byte_ring_buffers__buffer_type__write_blocking_E16s" label: "Write_Blocking_E16s\n/home/josegrivera/my-projects/zephyr_ada/apps/samples/frdm_kl25z_autonomous_car/src/building_blocks/portable/generic_ring_buffers.adb:79:7\n16 bytes (static)\n0 dynamic objects" }
edge: { sourcename: "uart_driver__byte_ring_buffers__buffer_type__write_blocking_E16s" targetname: "__gnat_last_chance_handler" label: "/home/josegrivera/my-projects/zephyr_ada/apps/samples/frdm_kl25z_autonomous_car/src/building_blocks/portable/generic_ring_buffers.adb:79:7" }
edge: { sourcename: "uart_driver__byte_ring_buffers__buffer_type__write_blocking_E16s" targetname: "__gnat_last_chance_handler" label: "/home/josegrivera/my-projects/zephyr_ada/apps/samples/frdm_kl25z_autonomous_car/src/building_blocks/portable/generic_ring_buffers.adb:79:29" }
edge: { sourcename: "uart_driver__byte_ring_buffers__buffer_type__write_blocking_E16s" targetname: "__gnat_last_chance_handler" label: "/home/josegrivera/my-projects/zephyr_ada/apps/samples/frdm_kl25z_autonomous_car/src/building_blocks/portable/generic_ring_buffers.adb:82:23" }
edge: { sourcename: "uart_driver__byte_ring_buffers__buffer_type__write_blocking_E16s" targetname: "__gnat_last_chance_handler" label: "/home/josegrivera/my-projects/zephyr_ada/apps/samples/frdm_kl25z_autonomous_car/src/building_blocks/portable/generic_ring_buffers.adb:84:42" }
edge: { sourcename: "uart_driver__byte_ring_buffers__buffer_type__write_blocking_E16s" targetname: "__gnat_last_chance_handler" label: "/home/josegrivera/my-projects/zephyr_ada/apps/samples/frdm_kl25z_autonomous_car/src/building_blocks/portable/generic_ring_buffers.adb:88:33" }
edge: { sourcename: "uart_driver__byte_ring_buffers__buffer_type__write_blocking_E16s" targetname: "__gnat_last_chance_handler" label: "/home/josegrivera/my-projects/zephyr_ada/apps/samples/frdm_kl25z_autonomous_car/src/building_blocks/portable/generic_ring_buffers.adb:88:53" }
edge: { sourcename: "uart_driver__byte_ring_buffers__buffer_type__write_blocking_E16s" targetname: "__gnat_last_chance_handler" label: "/home/josegrivera/my-projects/zephyr_ada/apps/samples/frdm_kl25z_autonomous_car/src/building_blocks/portable/generic_ring_buffers.adb:89:33" }
edge: { sourcename: "uart_driver__byte_ring_buffers__buffer_type__write_blocking_E16s" targetname: "__gnat_last_chance_handler" label: "/home/josegrivera/my-projects/zephyr_ada/apps/samples/frdm_kl25z_autonomous_car/src/building_blocks/portable/generic_ring_buffers.adb:89:53" }
node: { title: "system__tasking__protected_objects__operations__complete_entry_body" label: "Complete_Entry_Body\n/home/josegrivera/my-projects/zephyr_ada/apps/zephyr_ada_rts/src/gnarl/s-tpobop.ads:57:14" shape : ellipse }
edge: { sourcename: "uart_driver__byte_ring_buffers__buffer_type__write_blocking_E16s" targetname: "system__tasking__protected_objects__operations__complete_entry_body" label: "/home/josegrivera/my-projects/zephyr_ada/apps/samples/frdm_kl25z_autonomous_car/src/building_blocks/portable/generic_ring_buffers.adb:89:30" }
node: { title: "uart_driver__byte_ring_buffers__buffer_type__read_E18s" label: "Read_E18s\n/home/josegrivera/my-projects/zephyr_ada/apps/samples/frdm_kl25z_autonomous_car/src/building_blocks/portable/generic_ring_buffers.adb:94:7\n8 bytes (static)\n0 dynamic objects" }
edge: { sourcename: "uart_driver__byte_ring_buffers__buffer_type__read_E18s" targetname: "__gnat_last_chance_handler" label: "/home/josegrivera/my-projects/zephyr_ada/apps/samples/frdm_kl25z_autonomous_car/src/building_blocks/portable/generic_ring_buffers.adb:94:7" }
edge: { sourcename: "uart_driver__byte_ring_buffers__buffer_type__read_E18s" targetname: "__gnat_last_chance_handler" label: "/home/josegrivera/my-projects/zephyr_ada/apps/samples/frdm_kl25z_autonomous_car/src/building_blocks/portable/generic_ring_buffers.adb:94:19" }
edge: { sourcename: "uart_driver__byte_ring_buffers__buffer_type__read_E18s" targetname: "__gnat_last_chance_handler" label: "/home/josegrivera/my-projects/zephyr_ada/apps/samples/frdm_kl25z_autonomous_car/src/building_blocks/portable/generic_ring_buffers.adb:97:34" }
edge: { sourcename: "uart_driver__byte_ring_buffers__buffer_type__read_E18s" targetname: "__gnat_last_chance_handler" label: "/home/josegrivera/my-projects/zephyr_ada/apps/samples/frdm_kl25z_autonomous_car/src/building_blocks/portable/generic_ring_buffers.adb:98:13" }
edge: { sourcename: "uart_driver__byte_ring_buffers__buffer_type__read_E18s" targetname: "__gnat_last_chance_handler" label: "/home/josegrivera/my-projects/zephyr_ada/apps/samples/frdm_kl25z_autonomous_car/src/building_blocks/portable/generic_ring_buffers.adb:99:40" }
edge: { sourcename: "uart_driver__byte_ring_buffers__buffer_type__read_E18s" targetname: "__gnat_last_chance_handler" label: "/home/josegrivera/my-projects/zephyr_ada/apps/samples/frdm_kl25z_autonomous_car/src/building_blocks/portable/generic_ring_buffers.adb:103:33" }
edge: { sourcename: "uart_driver__byte_ring_buffers__buffer_type__read_E18s" targetname: "__gnat_last_chance_handler" label: "/home/josegrivera/my-projects/zephyr_ada/apps/samples/frdm_kl25z_autonomous_car/src/building_blocks/portable/generic_ring_buffers.adb:103:53" }
edge: { sourcename: "uart_driver__byte_ring_buffers__buffer_type__read_E18s" targetname: "__gnat_last_chance_handler" label: "/home/josegrivera/my-projects/zephyr_ada/apps/samples/frdm_kl25z_autonomous_car/src/building_blocks/portable/generic_ring_buffers.adb:104:33" }
edge: { sourcename: "uart_driver__byte_ring_buffers__buffer_type__read_E18s" targetname: "__gnat_last_chance_handler" label: "/home/josegrivera/my-projects/zephyr_ada/apps/samples/frdm_kl25z_autonomous_car/src/building_blocks/portable/generic_ring_buffers.adb:104:53" }
edge: { sourcename: "uart_driver__byte_ring_buffers__buffer_type__read_E18s" targetname: "system__tasking__protected_objects__operations__complete_entry_body" label: "/home/josegrivera/my-projects/zephyr_ada/apps/samples/frdm_kl25z_autonomous_car/src/building_blocks/portable/generic_ring_buffers.adb:104:30" }
node: { title: "/home/josegrivera/my-projects/zephyr_ada/apps/samples/frdm_kl25z_autonomous_car/src/drivers/mcu_specific/nxp_kinetis_kl25z/uart_driver.adb:uart_driver__initialize__set_baud_rate.2" label: "Set_Baud_Rate\n/home/josegrivera/my-projects/zephyr_ada/apps/samples/frdm_kl25z_autonomous_car/src/drivers/mcu_specific/nxp_kinetis_kl25z/uart_driver.adb:172:7\n56 bytes (static)\n0 dynamic objects" }
node: { title: "kl25z_uart__c4_typeIP" label: "c4_typeIP\n<built-in>" shape : ellipse }
edge: { sourcename: "/home/josegrivera/my-projects/zephyr_ada/apps/samples/frdm_kl25z_autonomous_car/src/drivers/mcu_specific/nxp_kinetis_kl25z/uart_driver.adb:uart_driver__initialize__set_baud_rate.2" targetname: "kl25z_uart__c4_typeIP" label: "/home/josegrivera/my-projects/zephyr_ada/apps/samples/frdm_kl25z_autonomous_car/src/drivers/mcu_specific/nxp_kinetis_kl25z/uart_driver.adb:182:10" }
node: { title: "kl25z_uart__c5_typeIP" label: "c5_typeIP\n<built-in>" shape : ellipse }
edge: { sourcename: "/home/josegrivera/my-projects/zephyr_ada/apps/samples/frdm_kl25z_autonomous_car/src/drivers/mcu_specific/nxp_kinetis_kl25z/uart_driver.adb:uart_driver__initialize__set_baud_rate.2" targetname: "kl25z_uart__c5_typeIP" label: "/home/josegrivera/my-projects/zephyr_ada/apps/samples/frdm_kl25z_autonomous_car/src/drivers/mcu_specific/nxp_kinetis_kl25z/uart_driver.adb:183:10" }
node: { title: "kl25z_uart__bdh_typeIP" label: "bdh_typeIP\n<built-in>" shape : ellipse }
edge: { sourcename: "/home/josegrivera/my-projects/zephyr_ada/apps/samples/frdm_kl25z_autonomous_car/src/drivers/mcu_specific/nxp_kinetis_kl25z/uart_driver.adb:uart_driver__initialize__set_baud_rate.2" targetname: "kl25z_uart__bdh_typeIP" label: "/home/josegrivera/my-projects/zephyr_ada/apps/samples/frdm_kl25z_autonomous_car/src/drivers/mcu_specific/nxp_kinetis_kl25z/uart_driver.adb:184:10" }
edge: { sourcename: "/home/josegrivera/my-projects/zephyr_ada/apps/samples/frdm_kl25z_autonomous_car/src/drivers/mcu_specific/nxp_kinetis_kl25z/uart_driver.adb:uart_driver__initialize__set_baud_rate.2" targetname: "__gnat_last_chance_handler" label: "/home/josegrivera/my-projects/zephyr_ada/apps/samples/frdm_kl25z_autonomous_car/src/drivers/mcu_specific/nxp_kinetis_kl25z/uart_driver.adb:190:53" }
node: { title: "__aeabi_idiv" label: "aeabi_idiv\n<built-in>" shape : ellipse }
edge: { sourcename: "/home/josegrivera/my-projects/zephyr_ada/apps/samples/frdm_kl25z_autonomous_car/src/drivers/mcu_specific/nxp_kinetis_kl25z/uart_driver.adb:uart_driver__initialize__set_baud_rate.2" targetname: "__aeabi_idiv" }
edge: { sourcename: "/home/josegrivera/my-projects/zephyr_ada/apps/samples/frdm_kl25z_autonomous_car/src/drivers/mcu_specific/nxp_kinetis_kl25z/uart_driver.adb:uart_driver__initialize__set_baud_rate.2" targetname: "__gnat_last_chance_handler" label: "/home/josegrivera/my-projects/zephyr_ada/apps/samples/frdm_kl25z_autonomous_car/src/drivers/mcu_specific/nxp_kinetis_kl25z/uart_driver.adb:190:40" }
edge: { sourcename: "/home/josegrivera/my-projects/zephyr_ada/apps/samples/frdm_kl25z_autonomous_car/src/drivers/mcu_specific/nxp_kinetis_kl25z/uart_driver.adb:uart_driver__initialize__set_baud_rate.2" targetname: "__aeabi_idiv" }
edge: { sourcename: "/home/josegrivera/my-projects/zephyr_ada/apps/samples/frdm_kl25z_autonomous_car/src/drivers/mcu_specific/nxp_kinetis_kl25z/uart_driver.adb:uart_driver__initialize__set_baud_rate.2" targetname: "__gnat_last_chance_handler" label: "/home/josegrivera/my-projects/zephyr_ada/apps/samples/frdm_kl25z_autonomous_car/src/drivers/mcu_specific/nxp_kinetis_kl25z/uart_driver.adb:192:39" }
edge: { sourcename: "/home/josegrivera/my-projects/zephyr_ada/apps/samples/frdm_kl25z_autonomous_car/src/drivers/mcu_specific/nxp_kinetis_kl25z/uart_driver.adb:uart_driver__initialize__set_baud_rate.2" targetname: "__gnat_last_chance_handler" label: "/home/josegrivera/my-projects/zephyr_ada/apps/samples/frdm_kl25z_autonomous_car/src/drivers/mcu_specific/nxp_kinetis_kl25z/uart_driver.adb:194:56" }
edge: { sourcename: "/home/josegrivera/my-projects/zephyr_ada/apps/samples/frdm_kl25z_autonomous_car/src/drivers/mcu_specific/nxp_kinetis_kl25z/uart_driver.adb:uart_driver__initialize__set_baud_rate.2" targetname: "__gnat_last_chance_handler" label: "/home/josegrivera/my-projects/zephyr_ada/apps/samples/frdm_kl25z_autonomous_car/src/drivers/mcu_specific/nxp_kinetis_kl25z/uart_driver.adb:196:45" }
edge: { sourcename: "/home/josegrivera/my-projects/zephyr_ada/apps/samples/frdm_kl25z_autonomous_car/src/drivers/mcu_specific/nxp_kinetis_kl25z/uart_driver.adb:uart_driver__initialize__set_baud_rate.2" targetname: "__aeabi_idiv" }
edge: { sourcename: "/home/josegrivera/my-projects/zephyr_ada/apps/samples/frdm_kl25z_autonomous_car/src/drivers/mcu_specific/nxp_kinetis_kl25z/uart_driver.adb:uart_driver__initialize__set_baud_rate.2" targetname: "__gnat_last_chance_handler" label: "/home/josegrivera/my-projects/zephyr_ada/apps/samples/frdm_kl25z_autonomous_car/src/drivers/mcu_specific/nxp_kinetis_kl25z/uart_driver.adb:204:46" }
edge: { sourcename: "/home/josegrivera/my-projects/zephyr_ada/apps/samples/frdm_kl25z_autonomous_car/src/drivers/mcu_specific/nxp_kinetis_kl25z/uart_driver.adb:uart_driver__initialize__set_baud_rate.2" targetname: "__aeabi_idiv" }
edge: { sourcename: "/home/josegrivera/my-projects/zephyr_ada/apps/samples/frdm_kl25z_autonomous_car/src/drivers/mcu_specific/nxp_kinetis_kl25z/uart_driver.adb:uart_driver__initialize__set_baud_rate.2" targetname: "__gnat_last_chance_handler" label: "/home/josegrivera/my-projects/zephyr_ada/apps/samples/frdm_kl25z_autonomous_car/src/drivers/mcu_specific/nxp_kinetis_kl25z/uart_driver.adb:205:51" }
edge: { sourcename: "/home/josegrivera/my-projects/zephyr_ada/apps/samples/frdm_kl25z_autonomous_car/src/drivers/mcu_specific/nxp_kinetis_kl25z/uart_driver.adb:uart_driver__initialize__set_baud_rate.2" targetname: "__gnat_last_chance_handler" label: "/home/josegrivera/my-projects/zephyr_ada/apps/samples/frdm_kl25z_autonomous_car/src/drivers/mcu_specific/nxp_kinetis_kl25z/uart_driver.adb:208:54" }
edge: { sourcename: "/home/josegrivera/my-projects/zephyr_ada/apps/samples/frdm_kl25z_autonomous_car/src/drivers/mcu_specific/nxp_kinetis_kl25z/uart_driver.adb:uart_driver__initialize__set_baud_rate.2" targetname: "__gnat_last_chance_handler" label: "/home/josegrivera/my-projects/zephyr_ada/apps/samples/frdm_kl25z_autonomous_car/src/drivers/mcu_specific/nxp_kinetis_kl25z/uart_driver.adb:210:43" }
edge: { sourcename: "/home/josegrivera/my-projects/zephyr_ada/apps/samples/frdm_kl25z_autonomous_car/src/drivers/mcu_specific/nxp_kinetis_kl25z/uart_driver.adb:uart_driver__initialize__set_baud_rate.2" targetname: "__gnat_last_chance_handler" label: "/home/josegrivera/my-projects/zephyr_ada/apps/samples/frdm_kl25z_autonomous_car/src/drivers/mcu_specific/nxp_kinetis_kl25z/uart_driver.adb:213:33" }
edge: { sourcename: "/home/josegrivera/my-projects/zephyr_ada/apps/samples/frdm_kl25z_autonomous_car/src/drivers/mcu_specific/nxp_kinetis_kl25z/uart_driver.adb:uart_driver__initialize__set_baud_rate.2" targetname: "__gnat_last_chance_handler" label: "/home/josegrivera/my-projects/zephyr_ada/apps/samples/frdm_kl25z_autonomous_car/src/drivers/mcu_specific/nxp_kinetis_kl25z/uart_driver.adb:214:32" }
edge: { sourcename: "/home/josegrivera/my-projects/zephyr_ada/apps/samples/frdm_kl25z_autonomous_car/src/drivers/mcu_specific/nxp_kinetis_kl25z/uart_driver.adb:uart_driver__initialize__set_baud_rate.2" targetname: "__gnat_last_chance_handler" label: "/home/josegrivera/my-projects/zephyr_ada/apps/samples/frdm_kl25z_autonomous_car/src/drivers/mcu_specific/nxp_kinetis_kl25z/uart_driver.adb:219:28" }
edge: { sourcename: "/home/josegrivera/my-projects/zephyr_ada/apps/samples/frdm_kl25z_autonomous_car/src/drivers/mcu_specific/nxp_kinetis_kl25z/uart_driver.adb:uart_driver__initialize__set_baud_rate.2" targetname: "__aeabi_idiv" }
node: { title: "system__assertions__raise_assert_failure" label: "Raise_Assert_Failure\n/home/josegrivera/my-projects/zephyr_ada/apps/zephyr_ada_rts/src/third_party/s-assert.ads:46:14" shape : ellipse }
edge: { sourcename: "/home/josegrivera/my-projects/zephyr_ada/apps/samples/frdm_kl25z_autonomous_car/src/drivers/mcu_specific/nxp_kinetis_kl25z/uart_driver.adb:uart_driver__initialize__set_baud_rate.2" targetname: "system__assertions__raise_assert_failure" label: "/home/josegrivera/my-projects/zephyr_ada/apps/samples/frdm_kl25z_autonomous_car/src/drivers/mcu_specific/nxp_kinetis_kl25z/uart_driver.adb:219:28" }
edge: { sourcename: "/home/josegrivera/my-projects/zephyr_ada/apps/samples/frdm_kl25z_autonomous_car/src/drivers/mcu_specific/nxp_kinetis_kl25z/uart_driver.adb:uart_driver__initialize__set_baud_rate.2" targetname: "__gnat_last_chance_handler" label: "/home/josegrivera/my-projects/zephyr_ada/apps/samples/frdm_kl25z_autonomous_car/src/drivers/mcu_specific/nxp_kinetis_kl25z/uart_driver.adb:225:16" }
edge: { sourcename: "/home/josegrivera/my-projects/zephyr_ada/apps/samples/frdm_kl25z_autonomous_car/src/drivers/mcu_specific/nxp_kinetis_kl25z/uart_driver.adb:uart_driver__initialize__set_baud_rate.2" targetname: "__gnat_last_chance_handler" label: "/home/josegrivera/my-projects/zephyr_ada/apps/samples/frdm_kl25z_autonomous_car/src/drivers/mcu_specific/nxp_kinetis_kl25z/uart_driver.adb:233:46" }
edge: { sourcename: "/home/josegrivera/my-projects/zephyr_ada/apps/samples/frdm_kl25z_autonomous_car/src/drivers/mcu_specific/nxp_kinetis_kl25z/uart_driver.adb:uart_driver__initialize__set_baud_rate.2" targetname: "__gnat_last_chance_handler" label: "/home/josegrivera/my-projects/zephyr_ada/apps/samples/frdm_kl25z_autonomous_car/src/drivers/mcu_specific/nxp_kinetis_kl25z/uart_driver.adb:235:46" }
edge: { sourcename: "/home/josegrivera/my-projects/zephyr_ada/apps/samples/frdm_kl25z_autonomous_car/src/drivers/mcu_specific/nxp_kinetis_kl25z/uart_driver.adb:uart_driver__initialize__set_baud_rate.2" targetname: "__gnat_last_chance_handler" label: "/home/josegrivera/my-projects/zephyr_ada/apps/samples/frdm_kl25z_autonomous_car/src/drivers/mcu_specific/nxp_kinetis_kl25z/uart_driver.adb:235:43" }
edge: { sourcename: "/home/josegrivera/my-projects/zephyr_ada/apps/samples/frdm_kl25z_autonomous_car/src/drivers/mcu_specific/nxp_kinetis_kl25z/uart_driver.adb:uart_driver__initialize__set_baud_rate.2" targetname: "__gnat_last_chance_handler" label: "/home/josegrivera/my-projects/zephyr_ada/apps/samples/frdm_kl25z_autonomous_car/src/drivers/mcu_specific/nxp_kinetis_kl25z/uart_driver.adb:235:43" }
edge: { sourcename: "/home/josegrivera/my-projects/zephyr_ada/apps/samples/frdm_kl25z_autonomous_car/src/drivers/mcu_specific/nxp_kinetis_kl25z/uart_driver.adb:uart_driver__initialize__set_baud_rate.2" targetname: "__aeabi_idiv" }
edge: { sourcename: "/home/josegrivera/my-projects/zephyr_ada/apps/samples/frdm_kl25z_autonomous_car/src/drivers/mcu_specific/nxp_kinetis_kl25z/uart_driver.adb:uart_driver__initialize__set_baud_rate.2" targetname: "__gnat_last_chance_handler" label: "/home/josegrivera/my-projects/zephyr_ada/apps/samples/frdm_kl25z_autonomous_car/src/drivers/mcu_specific/nxp_kinetis_kl25z/uart_driver.adb:235:43" }
edge: { sourcename: "/home/josegrivera/my-projects/zephyr_ada/apps/samples/frdm_kl25z_autonomous_car/src/drivers/mcu_specific/nxp_kinetis_kl25z/uart_driver.adb:uart_driver__initialize__set_baud_rate.2" targetname: "__aeabi_idiv" }
edge: { sourcename: "/home/josegrivera/my-projects/zephyr_ada/apps/samples/frdm_kl25z_autonomous_car/src/drivers/mcu_specific/nxp_kinetis_kl25z/uart_driver.adb:uart_driver__initialize__set_baud_rate.2" targetname: "__gnat_last_chance_handler" label: "/home/josegrivera/my-projects/zephyr_ada/apps/samples/frdm_kl25z_autonomous_car/src/drivers/mcu_specific/nxp_kinetis_kl25z/uart_driver.adb:237:43" }
edge: { sourcename: "/home/josegrivera/my-projects/zephyr_ada/apps/samples/frdm_kl25z_autonomous_car/src/drivers/mcu_specific/nxp_kinetis_kl25z/uart_driver.adb:uart_driver__initialize__set_baud_rate.2" targetname: "__gnat_last_chance_handler" label: "/home/josegrivera/my-projects/zephyr_ada/apps/samples/frdm_kl25z_autonomous_car/src/drivers/mcu_specific/nxp_kinetis_kl25z/uart_driver.adb:243:13" }
node: { title: "/home/josegrivera/my-projects/zephyr_ada/apps/samples/frdm_kl25z_autonomous_car/src/drivers/mcu_specific/nxp_kinetis_kl25z/uart_driver.adb:uart_driver__initialize__select_clock_source.0" label: "Select_Clock_Source\n/home/josegrivera/my-projects/zephyr_ada/apps/samples/frdm_kl25z_autonomous_car/src/drivers/mcu_specific/nxp_kinetis_kl25z/uart_driver.adb:147:7\n24 bytes (static)\n0 dynamic objects" }
node: { title: "kl25z_sim__sopt2_typeIP" label: "sopt2_typeIP\n<built-in>" shape : ellipse }
edge: { sourcename: "/home/josegrivera/my-projects/zephyr_ada/apps/samples/frdm_kl25z_autonomous_car/src/drivers/mcu_specific/nxp_kinetis_kl25z/uart_driver.adb:uart_driver__initialize__select_clock_source.0" targetname: "kl25z_sim__sopt2_typeIP" label: "/home/josegrivera/my-projects/zephyr_ada/apps/samples/frdm_kl25z_autonomous_car/src/drivers/mcu_specific/nxp_kinetis_kl25z/uart_driver.adb:148:10" }
edge: { sourcename: "/home/josegrivera/my-projects/zephyr_ada/apps/samples/frdm_kl25z_autonomous_car/src/drivers/mcu_specific/nxp_kinetis_kl25z/uart_driver.adb:uart_driver__initialize__select_clock_source.0" targetname: "__gnat_last_chance_handler" label: "/home/josegrivera/my-projects/zephyr_ada/apps/samples/frdm_kl25z_autonomous_car/src/drivers/mcu_specific/nxp_kinetis_kl25z/uart_driver.adb:164:16" }
node: { title: "/home/josegrivera/my-projects/zephyr_ada/apps/samples/frdm_kl25z_autonomous_car/src/drivers/mcu_specific/nxp_kinetis_kl25z/uart_driver.adb:uart_driver__initialize__enable_clock.1" label: "Enable_Clock\n/home/josegrivera/my-projects/zephyr_ada/apps/samples/frdm_kl25z_autonomous_car/src/drivers/mcu_specific/nxp_kinetis_kl25z/uart_driver.adb:128:7\n24 bytes (static)\n0 dynamic objects" }
node: { title: "uart_driver__byte_ring_buffers__initialized" label: "Initialized\n/home/josegrivera/my-projects/zephyr_ada/apps/samples/frdm_kl25z_autonomous_car/src/building_blocks/portable/generic_ring_buffers.adb:30:4\n8 bytes (static)\n0 dynamic objects" }
edge: { sourcename: "uart_driver__byte_ring_buffers__initialized" targetname: "__gnat_last_chance_handler" label: "/home/josegrivera/my-projects/zephyr_ada/apps/samples/frdm_kl25z_autonomous_car/src/building_blocks/portable/generic_ring_buffers.adb:31:18" }
node: { title: "uart_driver__byte_ring_buffers__initialize" label: "Initialize\n/home/josegrivera/my-projects/zephyr_ada/apps/samples/frdm_kl25z_autonomous_car/src/building_blocks/portable/generic_ring_buffers.adb:35:4\n16 bytes (static)\n0 dynamic objects" }
edge: { sourcename: "uart_driver__byte_ring_buffers__initialize" targetname: "__gnat_last_chance_handler" label: "/home/josegrivera/my-projects/zephyr_ada/apps/samples/frdm_kl25z_autonomous_car/src/building_blocks/portable/generic_ring_buffers.adb:38:37" }
edge: { sourcename: "uart_driver__byte_ring_buffers__initialize" targetname: "system__assertions__raise_assert_failure" label: "/home/josegrivera/my-projects/zephyr_ada/apps/samples/frdm_kl25z_autonomous_car/src/building_blocks/portable/generic_ring_buffers.adb:38:22" }
edge: { sourcename: "uart_driver__byte_ring_buffers__initialize" targetname: "__gnat_last_chance_handler" label: "/home/josegrivera/my-projects/zephyr_ada/apps/samples/frdm_kl25z_autonomous_car/src/building_blocks/portable/generic_ring_buffers.adb:39:27" }
node: { title: "uart_driver__byte_ring_buffers__read" label: "Read\n/home/josegrivera/my-projects/zephyr_ada/apps/samples/frdm_kl25z_autonomous_car/src/building_blocks/portable/generic_ring_buffers.adb:45:4\n32 bytes (static)\n0 dynamic objects" }
edge: { sourcename: "uart_driver__byte_ring_buffers__read" targetname: "__gnat_last_chance_handler" label: "/home/josegrivera/my-projects/zephyr_ada/apps/samples/frdm_kl25z_autonomous_car/src/building_blocks/portable/generic_ring_buffers.adb:31:18" }
edge: { sourcename: "uart_driver__byte_ring_buffers__read" targetname: "system__assertions__raise_assert_failure" label: "/home/josegrivera/my-projects/zephyr_ada/apps/samples/frdm_kl25z_autonomous_car/src/building_blocks/portable/generic_ring_buffers.ads:66:18" }
edge: { sourcename: "uart_driver__byte_ring_buffers__read" targetname: "__gnat_last_chance_handler" label: "/home/josegrivera/my-projects/zephyr_ada/apps/samples/frdm_kl25z_autonomous_car/src/building_blocks/portable/generic_ring_buffers.ads:67:22" }
edge: { sourcename: "uart_driver__byte_ring_buffers__read" targetname: "system__assertions__raise_assert_failure" label: "/home/josegrivera/my-projects/zephyr_ada/apps/samples/frdm_kl25z_autonomous_car/src/building_blocks/portable/generic_ring_buffers.ads:66:18" }
node: { title: "system__tasking__protected_objects__operations__protected_entry_call" label: "Protected_Entry_Call\n/home/josegrivera/my-projects/zephyr_ada/apps/zephyr_ada_rts/src/gnarl/s-tpobop.ads:43:14" shape : ellipse }
edge: { sourcename: "uart_driver__byte_ring_buffers__read" targetname: "system__tasking__protected_objects__operations__protected_entry_call" label: "/home/josegrivera/my-projects/zephyr_ada/apps/samples/frdm_kl25z_autonomous_car/src/building_blocks/portable/generic_ring_buffers.adb:48:25" }
edge: { sourcename: "uart_driver__byte_ring_buffers__read" targetname: "__gnat_last_chance_handler" label: "/home/josegrivera/my-projects/zephyr_ada/apps/samples/frdm_kl25z_autonomous_car/src/building_blocks/portable/generic_ring_buffers.adb:48:25" }
node: { title: "uart_driver__byte_ring_buffers__write" label: "Write\n/home/josegrivera/my-projects/zephyr_ada/apps/samples/frdm_kl25z_autonomous_car/src/building_blocks/portable/generic_ring_buffers.adb:62:4\n32 bytes (static)\n0 dynamic objects" }
edge: { sourcename: "uart_driver__byte_ring_buffers__write" targetname: "__gnat_last_chance_handler" label: "/home/josegrivera/my-projects/zephyr_ada/apps/samples/frdm_kl25z_autonomous_car/src/building_blocks/portable/generic_ring_buffers.adb:31:18" }
edge: { sourcename: "uart_driver__byte_ring_buffers__write" targetname: "system__assertions__raise_assert_failure" label: "/home/josegrivera/my-projects/zephyr_ada/apps/samples/frdm_kl25z_autonomous_car/src/building_blocks/portable/generic_ring_buffers.ads:59:18" }
edge: { sourcename: "uart_driver__byte_ring_buffers__write" targetname: "__gnat_last_chance_handler" label: "/home/josegrivera/my-projects/zephyr_ada/apps/samples/frdm_kl25z_autonomous_car/src/building_blocks/portable/generic_ring_buffers.ads:60:22" }
edge: { sourcename: "uart_driver__byte_ring_buffers__write" targetname: "system__assertions__raise_assert_failure" label: "/home/josegrivera/my-projects/zephyr_ada/apps/samples/frdm_kl25z_autonomous_car/src/building_blocks/portable/generic_ring_buffers.ads:59:18" }
edge: { sourcename: "uart_driver__byte_ring_buffers__write" targetname: "system__tasking__protected_objects__operations__protected_entry_call" label: "/home/josegrivera/my-projects/zephyr_ada/apps/samples/frdm_kl25z_autonomous_car/src/building_blocks/portable/generic_ring_buffers.adb:65:25" }
node: { title: "uart_driver__byte_ring_buffers__buffer_type__writeN" label: "Writen\n/home/josegrivera/my-projects/zephyr_ada/apps/samples/frdm_kl25z_autonomous_car/src/building_blocks/portable/generic_ring_buffers.adb:109:7\n24 bytes (static)\n0 dynamic objects" }
edge: { sourcename: "uart_driver__byte_ring_buffers__buffer_type__writeN" targetname: "__gnat_last_chance_handler" label: "/home/josegrivera/my-projects/zephyr_ada/apps/samples/frdm_kl25z_autonomous_car/src/building_blocks/portable/generic_ring_buffers.adb:112:13" }
edge: { sourcename: "uart_driver__byte_ring_buffers__buffer_type__writeN" targetname: "__gnat_last_chance_handler" label: "/home/josegrivera/my-projects/zephyr_ada/apps/samples/frdm_kl25z_autonomous_car/src/building_blocks/portable/generic_ring_buffers.adb:115:26" }
edge: { sourcename: "uart_driver__byte_ring_buffers__buffer_type__writeN" targetname: "__gnat_last_chance_handler" label: "/home/josegrivera/my-projects/zephyr_ada/apps/samples/frdm_kl25z_autonomous_car/src/building_blocks/portable/generic_ring_buffers.adb:117:45" }
edge: { sourcename: "uart_driver__byte_ring_buffers__buffer_type__writeN" targetname: "__gnat_last_chance_handler" label: "/home/josegrivera/my-projects/zephyr_ada/apps/samples/frdm_kl25z_autonomous_car/src/building_blocks/portable/generic_ring_buffers.adb:121:36" }
edge: { sourcename: "uart_driver__byte_ring_buffers__buffer_type__writeN" targetname: "__gnat_last_chance_handler" label: "/home/josegrivera/my-projects/zephyr_ada/apps/samples/frdm_kl25z_autonomous_car/src/building_blocks/portable/generic_ring_buffers.adb:121:56" }
edge: { sourcename: "uart_driver__byte_ring_buffers__buffer_type__writeN" targetname: "__gnat_last_chance_handler" label: "/home/josegrivera/my-projects/zephyr_ada/apps/samples/frdm_kl25z_autonomous_car/src/building_blocks/portable/generic_ring_buffers.adb:122:56" }
node: { title: "uart_driver__byte_ring_buffers__buffer_type__writeP" label: "Writep\n/home/josegrivera/my-projects/zephyr_ada/apps/samples/frdm_kl25z_autonomous_car/src/building_blocks/portable/generic_ring_buffers.adb:109:7\n24 bytes (static)\n0 dynamic objects" }
node: { title: "system__tasking__protected_objects__entries__lock_entries" label: "Lock_Entries\n/home/josegrivera/my-projects/zephyr_ada/apps/zephyr_ada_rts/src/gnarl/s-tpoben.ads:101:14" shape : ellipse }
edge: { sourcename: "uart_driver__byte_ring_buffers__buffer_type__writeP" targetname: "system__tasking__protected_objects__entries__lock_entries" label: "/home/josegrivera/my-projects/zephyr_ada/apps/samples/frdm_kl25z_autonomous_car/src/building_blocks/portable/generic_ring_buffers.adb:109:7" }
edge: { sourcename: "uart_driver__byte_ring_buffers__buffer_type__writeP" targetname: "uart_driver__byte_ring_buffers__buffer_type__writeN" label: "/home/josegrivera/my-projects/zephyr_ada/apps/samples/frdm_kl25z_autonomous_car/src/building_blocks/portable/generic_ring_buffers.adb:109:7" }
node: { title: "system__tasking__protected_objects__operations__service_entries" label: "Service_Entries\n/home/josegrivera/my-projects/zephyr_ada/apps/zephyr_ada_rts/src/gnarl/s-tpobop.ads:52:14" shape : ellipse }
edge: { sourcename: "uart_driver__byte_ring_buffers__buffer_type__writeP" targetname: "system__tasking__protected_objects__operations__service_entries" label: "/home/josegrivera/my-projects/zephyr_ada/apps/samples/frdm_kl25z_autonomous_car/src/building_blocks/portable/generic_ring_buffers.adb:109:7" }
node: { title: "uart_driver__byte_ring_buffers__write_non_blocking" label: "Write_Non_Blocking\n/home/josegrivera/my-projects/zephyr_ada/apps/samples/frdm_kl25z_autonomous_car/src/building_blocks/portable/generic_ring_buffers.adb:53:4\n8 bytes (static)\n0 dynamic objects" }
edge: { sourcename: "uart_driver__byte_ring_buffers__write_non_blocking" targetname: "__gnat_last_chance_handler" label: "/home/josegrivera/my-projects/zephyr_ada/apps/samples/frdm_kl25z_autonomous_car/src/building_blocks/portable/generic_ring_buffers.adb:31:18" }
edge: { sourcename: "uart_driver__byte_ring_buffers__write_non_blocking" targetname: "system__assertions__raise_assert_failure" label: "/home/josegrivera/my-projects/zephyr_ada/apps/samples/frdm_kl25z_autonomous_car/src/building_blocks/portable/generic_ring_buffers.ads:54:18" }
edge: { sourcename: "uart_driver__byte_ring_buffers__write_non_blocking" targetname: "uart_driver__byte_ring_buffers__buffer_type__writeP" label: "/home/josegrivera/my-projects/zephyr_ada/apps/samples/frdm_kl25z_autonomous_car/src/building_blocks/portable/generic_ring_buffers.adb:57:25" }
node: { title: "uart_driver__byte_ring_buffers__Tbuffer_data_typeBIP" label: "Tbuffer_data_typeBIP\n<built-in>\n8 bytes (static)\n0 dynamic objects" }
node: { title: "uart_driver__byte_ring_buffers__buffer_typeVIP" label: "buffer_typeVIP\n<built-in>\n48 bytes (static)\n0 dynamic objects" }
node: { title: "system__tasking__protected_objects__entries__protection_entriesIP" label: "protection_entriesIP\n<built-in>" shape : ellipse }
edge: { sourcename: "uart_driver__byte_ring_buffers__buffer_typeVIP" targetname: "system__tasking__protected_objects__entries__protection_entriesIP" label: "/home/josegrivera/my-projects/zephyr_ada/apps/samples/frdm_kl25z_autonomous_car/src/building_blocks/portable/generic_ring_buffers.ads:80:4" }
node: { title: "system__tasking__protected_objects__entries__initialize_protection_entries" label: "Initialize_Protection_Entries\n/home/josegrivera/my-projects/zephyr_ada/apps/zephyr_ada_rts/src/gnarl/s-tpoben.ads:93:14" shape : ellipse }
edge: { sourcename: "uart_driver__byte_ring_buffers__buffer_typeVIP" targetname: "system__tasking__protected_objects__entries__initialize_protection_entries" label: "/home/josegrivera/my-projects/zephyr_ada/apps/samples/frdm_kl25z_autonomous_car/src/building_blocks/portable/generic_ring_buffers.ads:80:4" }
node: { title: "uart_driver__byte_ring_buffers__P5sIP" label: "P5sIP\n<built-in>\n8 bytes (static)\n0 dynamic objects" }
node: { title: "uart_driver__byte_ring_buffers__P8sIP" label: "P8sIP\n<built-in>\n8 bytes (static)\n0 dynamic objects" }
node: { title: "uart_driver__byte_ring_buffers__ring_buffer_typeIP" label: "ring_buffer_typeIP\n<built-in>\n8 bytes (static)\n0 dynamic objects" }
edge: { sourcename: "uart_driver__byte_ring_buffers__ring_buffer_typeIP" targetname: "uart_driver__byte_ring_buffers__buffer_typeVIP" label: "/home/josegrivera/my-projects/zephyr_ada/apps/samples/frdm_kl25z_autonomous_car/src/building_blocks/portable/generic_ring_buffers.ads:114:7" }
node: { title: "uart_driver__uart_device_var_typeIP" label: "uart_device_var_typeIP\n<built-in>\n8 bytes (static)\n0 dynamic objects" }
edge: { sourcename: "uart_driver__uart_device_var_typeIP" targetname: "uart_driver__byte_ring_buffers__buffer_typeVIP" label: "/home/josegrivera/my-projects/zephyr_ada/apps/samples/frdm_kl25z_autonomous_car/src/drivers/portable/uart_driver.ads:176:7" }
node: { title: "uart_driver__Tuart_devices_varBIP" label: "Tuart_devices_varBIP\n<built-in>\n24 bytes (static)\n0 dynamic objects" }
edge: { sourcename: "uart_driver__Tuart_devices_varBIP" targetname: "uart_driver__byte_ring_buffers__buffer_typeVIP" label: "/home/josegrivera/my-projects/zephyr_ada/apps/samples/frdm_kl25z_autonomous_car/src/drivers/portable/uart_driver.ads:182:4" }
node: { title: "uart_driver__initialized" label: "Initialized\n/home/josegrivera/my-projects/zephyr_ada/apps/samples/frdm_kl25z_autonomous_car/src/drivers/portable/uart_driver.ads:185:4\n8 bytes (static)\n0 dynamic objects" }
edge: { sourcename: "uart_driver__initialized" targetname: "__gnat_last_chance_handler" label: "/home/josegrivera/my-projects/zephyr_ada/apps/samples/frdm_kl25z_autonomous_car/src/drivers/portable/uart_driver.ads:187:25" }
edge: { sourcename: "uart_driver__initialized" targetname: "__gnat_last_chance_handler" label: "/home/josegrivera/my-projects/zephyr_ada/apps/samples/frdm_kl25z_autonomous_car/src/drivers/portable/uart_driver.ads:187:40" }
node: { title: "uart_driver__uart_device_const_typeIP" label: "uart_device_const_typeIP\n<built-in>\n8 bytes (static)\n0 dynamic objects" }
edge: { sourcename: "uart_driver__uart_device_const_typeIP" targetname: "__gnat_last_chance_handler" label: "/home/josegrivera/my-projects/zephyr_ada/apps/samples/frdm_kl25z_autonomous_car/src/drivers/portable/uart_driver.ads:161:4" }
node: { title: "uart_driver__uart_interrupts_objectTVIP" label: "uart_interrupts_objectTVIP\n<built-in>\n8 bytes (static)\n0 dynamic objects" }
node: { title: "system__tasking__protected_objects__initialize_protection" label: "Initialize_Protection\n/home/josegrivera/my-projects/zephyr_ada/apps/zephyr_ada_rts/src/gnarl/s-taprob.ads:73:14" shape : ellipse }
edge: { sourcename: "uart_driver__uart_interrupts_objectTVIP" targetname: "system__tasking__protected_objects__initialize_protection" label: "/home/josegrivera/my-projects/zephyr_ada/apps/samples/frdm_kl25z_autonomous_car/src/drivers/mcu_specific/nxp_kinetis_kl25z/uart_driver.adb:40:4" }
node: { title: "uart_driver__can_receive_char" label: "Can_Receive_Char\n/home/josegrivera/my-projects/zephyr_ada/apps/samples/frdm_kl25z_autonomous_car/src/drivers/mcu_specific/nxp_kinetis_kl25z/uart_driver.adb:62:4\n16 bytes (static)\n0 dynamic objects" }
edge: { sourcename: "uart_driver__can_receive_char" targetname: "__gnat_last_chance_handler" label: "/home/josegrivera/my-projects/zephyr_ada/apps/samples/frdm_kl25z_autonomous_car/src/drivers/portable/uart_driver.ads:102:32" }
edge: { sourcename: "uart_driver__can_receive_char" targetname: "uart_driver__initialized" label: "/home/josegrivera/my-projects/zephyr_ada/apps/samples/frdm_kl25z_autonomous_car/src/drivers/portable/uart_driver.ads:102:19" }
edge: { sourcename: "uart_driver__can_receive_char" targetname: "__gnat_last_chance_handler" label: "/home/josegrivera/my-projects/zephyr_ada/apps/samples/frdm_kl25z_autonomous_car/src/drivers/portable/uart_driver.ads:102:19" }
edge: { sourcename: "uart_driver__can_receive_char" targetname: "system__assertions__raise_assert_failure" label: "/home/josegrivera/my-projects/zephyr_ada/apps/samples/frdm_kl25z_autonomous_car/src/drivers/portable/uart_driver.ads:102:19" }
node: { title: "uart_driver__can_transmit_char" label: "Can_Transmit_Char\n/home/josegrivera/my-projects/zephyr_ada/apps/samples/frdm_kl25z_autonomous_car/src/drivers/mcu_specific/nxp_kinetis_kl25z/uart_driver.adb:74:4\n16 bytes (static)\n0 dynamic objects" }
edge: { sourcename: "uart_driver__can_transmit_char" targetname: "__gnat_last_chance_handler" label: "/home/josegrivera/my-projects/zephyr_ada/apps/samples/frdm_kl25z_autonomous_car/src/drivers/portable/uart_driver.ads:61:31" }
edge: { sourcename: "uart_driver__can_transmit_char" targetname: "uart_driver__initialized" label: "/home/josegrivera/my-projects/zephyr_ada/apps/samples/frdm_kl25z_autonomous_car/src/drivers/portable/uart_driver.ads:61:18" }
edge: { sourcename: "uart_driver__can_transmit_char" targetname: "__gnat_last_chance_handler" label: "/home/josegrivera/my-projects/zephyr_ada/apps/samples/frdm_kl25z_autonomous_car/src/drivers/portable/uart_driver.ads:61:18" }
edge: { sourcename: "uart_driver__can_transmit_char" targetname: "system__assertions__raise_assert_failure" label: "/home/josegrivera/my-projects/zephyr_ada/apps/samples/frdm_kl25z_autonomous_car/src/drivers/portable/uart_driver.ads:61:18" }
node: { title: "uart_driver__get_byte" label: "Get_Byte\n/home/josegrivera/my-projects/zephyr_ada/apps/samples/frdm_kl25z_autonomous_car/src/drivers/mcu_specific/nxp_kinetis_kl25z/uart_driver.adb:87:4\n16 bytes (static)\n0 dynamic objects" }
edge: { sourcename: "uart_driver__get_byte" targetname: "__gnat_last_chance_handler" label: "/home/josegrivera/my-projects/zephyr_ada/apps/samples/frdm_kl25z_autonomous_car/src/drivers/portable/uart_driver.ads:113:40" }
edge: { sourcename: "uart_driver__get_byte" targetname: "uart_driver__initialized" label: "/home/josegrivera/my-projects/zephyr_ada/apps/samples/frdm_kl25z_autonomous_car/src/drivers/portable/uart_driver.ads:113:27" }
edge: { sourcename: "uart_driver__get_byte" targetname: "__gnat_last_chance_handler" label: "/home/josegrivera/my-projects/zephyr_ada/apps/samples/frdm_kl25z_autonomous_car/src/drivers/portable/uart_driver.ads:113:27" }
edge: { sourcename: "uart_driver__get_byte" targetname: "system__assertions__raise_assert_failure" label: "/home/josegrivera/my-projects/zephyr_ada/apps/samples/frdm_kl25z_autonomous_car/src/drivers/portable/uart_driver.ads:113:27" }
edge: { sourcename: "uart_driver__get_byte" targetname: "uart_driver__byte_ring_buffers__read" label: "/home/josegrivera/my-projects/zephyr_ada/apps/samples/frdm_kl25z_autonomous_car/src/drivers/mcu_specific/nxp_kinetis_kl25z/uart_driver.adb:92:24" }
node: { title: "uart_driver__get_char" label: "Get_Char\n/home/josegrivera/my-projects/zephyr_ada/apps/samples/frdm_kl25z_autonomous_car/src/drivers/mcu_specific/nxp_kinetis_kl25z/uart_driver.adb:100:4\n16 bytes (static)\n0 dynamic objects" }
edge: { sourcename: "uart_driver__get_char" targetname: "__gnat_last_chance_handler" label: "/home/josegrivera/my-projects/zephyr_ada/apps/samples/frdm_kl25z_autonomous_car/src/drivers/portable/uart_driver.ads:124:32" }
edge: { sourcename: "uart_driver__get_char" targetname: "uart_driver__initialized" label: "/home/josegrivera/my-projects/zephyr_ada/apps/samples/frdm_kl25z_autonomous_car/src/drivers/portable/uart_driver.ads:124:19" }
edge: { sourcename: "uart_driver__get_char" targetname: "__gnat_last_chance_handler" label: "/home/josegrivera/my-projects/zephyr_ada/apps/samples/frdm_kl25z_autonomous_car/src/drivers/portable/uart_driver.ads:124:19" }
edge: { sourcename: "uart_driver__get_char" targetname: "system__assertions__raise_assert_failure" label: "/home/josegrivera/my-projects/zephyr_ada/apps/samples/frdm_kl25z_autonomous_car/src/drivers/portable/uart_driver.ads:124:19" }
edge: { sourcename: "uart_driver__get_char" targetname: "uart_driver__get_byte" label: "/home/josegrivera/my-projects/zephyr_ada/apps/samples/frdm_kl25z_autonomous_car/src/drivers/mcu_specific/nxp_kinetis_kl25z/uart_driver.adb:102:29" }
node: { title: "uart_driver__initialize" label: "Initialize\n/home/josegrivera/my-projects/zephyr_ada/apps/samples/frdm_kl25z_autonomous_car/src/drivers/mcu_specific/nxp_kinetis_kl25z/uart_driver.adb:109:4\n48 bytes (static)\n0 dynamic objects" }
edge: { sourcename: "uart_driver__initialize" targetname: "__gnat_last_chance_handler" label: "/home/josegrivera/my-projects/zephyr_ada/apps/samples/frdm_kl25z_autonomous_car/src/drivers/portable/uart_driver.ads:51:35" }
edge: { sourcename: "uart_driver__initialize" targetname: "uart_driver__initialized" label: "/home/josegrivera/my-projects/zephyr_ada/apps/samples/frdm_kl25z_autonomous_car/src/drivers/portable/uart_driver.ads:51:22" }
edge: { sourcename: "uart_driver__initialize" targetname: "__gnat_last_chance_handler" label: "/home/josegrivera/my-projects/zephyr_ada/apps/samples/frdm_kl25z_autonomous_car/src/drivers/portable/uart_driver.ads:51:22" }
edge: { sourcename: "uart_driver__initialize" targetname: "system__assertions__raise_assert_failure" label: "/home/josegrivera/my-projects/zephyr_ada/apps/samples/frdm_kl25z_autonomous_car/src/drivers/portable/uart_driver.ads:51:18" }
node: { title: "kl25z_uart__c2_typeIP" label: "c2_typeIP\n<built-in>" shape : ellipse }
edge: { sourcename: "uart_driver__initialize" targetname: "kl25z_uart__c2_typeIP" label: "/home/josegrivera/my-projects/zephyr_ada/apps/samples/frdm_kl25z_autonomous_car/src/drivers/mcu_specific/nxp_kinetis_kl25z/uart_driver.adb:255:7" }
node: { title: "kl25z_uart__c1_typeIP" label: "c1_typeIP\n<built-in>" shape : ellipse }
edge: { sourcename: "uart_driver__initialize" targetname: "kl25z_uart__c1_typeIP" label: "/home/josegrivera/my-projects/zephyr_ada/apps/samples/frdm_kl25z_autonomous_car/src/drivers/mcu_specific/nxp_kinetis_kl25z/uart_driver.adb:256:7" }
edge: { sourcename: "uart_driver__initialize" targetname: "__gnat_last_chance_handler" label: "/home/josegrivera/my-projects/zephyr_ada/apps/samples/frdm_kl25z_autonomous_car/src/drivers/mcu_specific/nxp_kinetis_kl25z/uart_driver.adb:259:41" }
edge: { sourcename: "uart_driver__initialize" targetname: "system__assertions__raise_assert_failure" label: "/home/josegrivera/my-projects/zephyr_ada/apps/samples/frdm_kl25z_autonomous_car/src/drivers/mcu_specific/nxp_kinetis_kl25z/uart_driver.adb:259:22" }
edge: { sourcename: "uart_driver__initialize" targetname: "/home/josegrivera/my-projects/zephyr_ada/apps/samples/frdm_kl25z_autonomous_car/src/drivers/mcu_specific/nxp_kinetis_kl25z/uart_driver.adb:uart_driver__initialize__select_clock_source.0" label: "/home/josegrivera/my-projects/zephyr_ada/apps/samples/frdm_kl25z_autonomous_car/src/drivers/mcu_specific/nxp_kinetis_kl25z/uart_driver.adb:261:7" }
edge: { sourcename: "uart_driver__initialize" targetname: "/home/josegrivera/my-projects/zephyr_ada/apps/samples/frdm_kl25z_autonomous_car/src/drivers/mcu_specific/nxp_kinetis_kl25z/uart_driver.adb:uart_driver__initialize__enable_clock.1" label: "/home/josegrivera/my-projects/zephyr_ada/apps/samples/frdm_kl25z_autonomous_car/src/drivers/mcu_specific/nxp_kinetis_kl25z/uart_driver.adb:262:7" }
node: { title: "pin_mux_driver__set_pin_function" label: "Set_Pin_Function\n/home/josegrivera/my-projects/zephyr_ada/apps/samples/frdm_kl25z_autonomous_car/src/drivers/portable/pin_mux_driver.ads:89:14" shape : ellipse }
edge: { sourcename: "uart_driver__initialize" targetname: "pin_mux_driver__set_pin_function" label: "/home/josegrivera/my-projects/zephyr_ada/apps/samples/frdm_kl25z_autonomous_car/src/drivers/mcu_specific/nxp_kinetis_kl25z/uart_driver.adb:277:7" }
edge: { sourcename: "uart_driver__initialize" targetname: "__gnat_last_chance_handler" label: "/home/josegrivera/my-projects/zephyr_ada/apps/samples/frdm_kl25z_autonomous_car/src/drivers/mcu_specific/nxp_kinetis_kl25z/uart_driver.adb:285:38" }
edge: { sourcename: "uart_driver__initialize" targetname: "pin_mux_driver__set_pin_function" label: "/home/josegrivera/my-projects/zephyr_ada/apps/samples/frdm_kl25z_autonomous_car/src/drivers/mcu_specific/nxp_kinetis_kl25z/uart_driver.adb:282:7" }
edge: { sourcename: "uart_driver__initialize" targetname: "/home/josegrivera/my-projects/zephyr_ada/apps/samples/frdm_kl25z_autonomous_car/src/drivers/mcu_specific/nxp_kinetis_kl25z/uart_driver.adb:uart_driver__initialize__set_baud_rate.2" label: "/home/josegrivera/my-projects/zephyr_ada/apps/samples/frdm_kl25z_autonomous_car/src/drivers/mcu_specific/nxp_kinetis_kl25z/uart_driver.adb:288:7" }
edge: { sourcename: "uart_driver__initialize" targetname: "uart_driver__byte_ring_buffers__initialize" label: "/home/josegrivera/my-projects/zephyr_ada/apps/samples/frdm_kl25z_autonomous_car/src/drivers/mcu_specific/nxp_kinetis_kl25z/uart_driver.adb:291:24" }
node: { title: "uart_driver__put_byte" label: "Put_Byte\n/home/josegrivera/my-projects/zephyr_ada/apps/samples/frdm_kl25z_autonomous_car/src/drivers/mcu_specific/nxp_kinetis_kl25z/uart_driver.adb:318:4\n16 bytes (static)\n0 dynamic objects" }
edge: { sourcename: "uart_driver__put_byte" targetname: "__gnat_last_chance_handler" label: "/home/josegrivera/my-projects/zephyr_ada/apps/samples/frdm_kl25z_autonomous_car/src/drivers/portable/uart_driver.ads:72:39" }
edge: { sourcename: "uart_driver__put_byte" targetname: "uart_driver__initialized" label: "/home/josegrivera/my-projects/zephyr_ada/apps/samples/frdm_kl25z_autonomous_car/src/drivers/portable/uart_driver.ads:72:26" }
edge: { sourcename: "uart_driver__put_byte" targetname: "__gnat_last_chance_handler" label: "/home/josegrivera/my-projects/zephyr_ada/apps/samples/frdm_kl25z_autonomous_car/src/drivers/portable/uart_driver.ads:72:26" }
edge: { sourcename: "uart_driver__put_byte" targetname: "system__assertions__raise_assert_failure" label: "/home/josegrivera/my-projects/zephyr_ada/apps/samples/frdm_kl25z_autonomous_car/src/drivers/portable/uart_driver.ads:72:26" }
node: { title: "uart_driver__put_bytes" label: "Put_Bytes\n/home/josegrivera/my-projects/zephyr_ada/apps/samples/frdm_kl25z_autonomous_car/src/drivers/mcu_specific/nxp_kinetis_kl25z/uart_driver.adb:334:4\n32 bytes (static)\n0 dynamic objects" }
edge: { sourcename: "uart_driver__put_bytes" targetname: "__gnat_last_chance_handler" label: "/home/josegrivera/my-projects/zephyr_ada/apps/samples/frdm_kl25z_autonomous_car/src/drivers/portable/uart_driver.ads:82:39" }
edge: { sourcename: "uart_driver__put_bytes" targetname: "uart_driver__initialized" label: "/home/josegrivera/my-projects/zephyr_ada/apps/samples/frdm_kl25z_autonomous_car/src/drivers/portable/uart_driver.ads:82:26" }
edge: { sourcename: "uart_driver__put_bytes" targetname: "__gnat_last_chance_handler" label: "/home/josegrivera/my-projects/zephyr_ada/apps/samples/frdm_kl25z_autonomous_car/src/drivers/portable/uart_driver.ads:82:26" }
edge: { sourcename: "uart_driver__put_bytes" targetname: "system__assertions__raise_assert_failure" label: "/home/josegrivera/my-projects/zephyr_ada/apps/samples/frdm_kl25z_autonomous_car/src/drivers/portable/uart_driver.ads:82:26" }
edge: { sourcename: "uart_driver__put_bytes" targetname: "uart_driver__put_byte" label: "/home/josegrivera/my-projects/zephyr_ada/apps/samples/frdm_kl25z_autonomous_car/src/drivers/mcu_specific/nxp_kinetis_kl25z/uart_driver.adb:338:10" }
node: { title: "uart_driver__put_char" label: "Put_Char\n/home/josegrivera/my-projects/zephyr_ada/apps/samples/frdm_kl25z_autonomous_car/src/drivers/mcu_specific/nxp_kinetis_kl25z/uart_driver.adb:346:4\n16 bytes (static)\n0 dynamic objects" }
edge: { sourcename: "uart_driver__put_char" targetname: "__gnat_last_chance_handler" label: "/home/josegrivera/my-projects/zephyr_ada/apps/samples/frdm_kl25z_autonomous_car/src/drivers/portable/uart_driver.ads:92:31" }
edge: { sourcename: "uart_driver__put_char" targetname: "uart_driver__initialized" label: "/home/josegrivera/my-projects/zephyr_ada/apps/samples/frdm_kl25z_autonomous_car/src/drivers/portable/uart_driver.ads:92:18" }
edge: { sourcename: "uart_driver__put_char" targetname: "__gnat_last_chance_handler" label: "/home/josegrivera/my-projects/zephyr_ada/apps/samples/frdm_kl25z_autonomous_car/src/drivers/portable/uart_driver.ads:92:18" }
edge: { sourcename: "uart_driver__put_char" targetname: "system__assertions__raise_assert_failure" label: "/home/josegrivera/my-projects/zephyr_ada/apps/samples/frdm_kl25z_autonomous_car/src/drivers/portable/uart_driver.ads:92:18" }
edge: { sourcename: "uart_driver__put_char" targetname: "uart_driver__put_byte" label: "/home/josegrivera/my-projects/zephyr_ada/apps/samples/frdm_kl25z_autonomous_car/src/drivers/mcu_specific/nxp_kinetis_kl25z/uart_driver.adb:349:7" }
node: { title: "uart_driver___elabb" label: "Uart_Driver\n/home/josegrivera/my-projects/zephyr_ada/apps/samples/frdm_kl25z_autonomous_car/src/drivers/mcu_specific/nxp_kinetis_kl25z/uart_driver.adb:31:1\n8 bytes (static)\n0 dynamic objects" }
edge: { sourcename: "uart_driver___elabb" targetname: "system__tasking__protected_objects__initialize_protection" label: "/home/josegrivera/my-projects/zephyr_ada/apps/samples/frdm_kl25z_autonomous_car/src/drivers/mcu_specific/nxp_kinetis_kl25z/uart_driver.adb:40:4" }
node: { title: "uart_driver___elabs" label: "Uart_Driver\n/home/josegrivera/my-projects/zephyr_ada/apps/samples/frdm_kl25z_autonomous_car/src/drivers/portable/uart_driver.ads:37:1\n8 bytes (static)\n0 dynamic objects" }
edge: { sourcename: "uart_driver___elabs" targetname: "uart_driver__Tuart_devices_varBIP" label: "/home/josegrivera/my-projects/zephyr_ada/apps/samples/frdm_kl25z_autonomous_car/src/drivers/portable/uart_driver.ads:182:4" }
}
